<html>
<body>
<pre>
<h1>µVision Build Log</h1>
<h2>Tool Versions:</h2>
IDE-Version: ¦ÌVision V5.34.0.0
Copyright (C) 2021 ARM Ltd and ARM Germany GmbH. All rights reserved.
License Information: 1 1, 1, LIC=TIVNB-29GSH-DYMV3-A0EIX-FY8S1-18VP6
 
Tool Versions:
Toolchain:       MDK-ARM Plus  Version: 5.34.0.0
Toolchain Path:  C:\Keil_v5\ARM\ARMCC\Bin
C Compiler:      Armcc.exe V5.06 update 7 (build 960)
Assembler:       Armasm.exe V5.06 update 7 (build 960)
Linker/Locator:  ArmLink.exe V5.06 update 7 (build 960)
Library Manager: ArmAr.exe V5.06 update 7 (build 960)
Hex Converter:   FromElf.exe V5.06 update 7 (build 960)
CPU DLL:         SARMCM3.DLL V5.34.0.0
Dialog DLL:      DCM.DLL V1.17.3.0
Target DLL:      CMSIS_AGDI.dll V1.32.13.0
Dialog DLL:      TCM.DLL V1.48.0.0
 
<h2>Project:</h2>
E:\bootloader\HuaDa\hc32f460_iap_20210721 TESTOK\hc32f460_iap_20210721 TESTOK\hc32f460_iap\hc32f46x_boot\project\MDK\hc32f46x_boot.uvprojx
Project File Date:  08/05/2024

<h2>Output:</h2>
*** Using Compiler 'V5.06 update 7 (build 960)', folder: 'C:\Keil_v5\ARM\ARMCC\Bin'
Build target 'hc32f46x_boot_Release'
compiling iap.c...
..\..\app\iap\iap.c(113): warning:  #177-D: variable "u32AppFlag"  was declared but never referenced
      uint32_t u32AppFlag;
..\..\app\iap\iap.c(114): warning:  #177-D: variable "enRet"  was declared but never referenced
      en_result_t enRet;
..\..\app\iap\iap.c(191): warning:  #177-D: function "IAP_ResetConfig"  was declared but never referenced
  static void IAP_ResetConfig(void)
..\..\app\iap\iap.c: 3 warnings, 0 errors
linking...
Program Size: Code=636 RO-data=704 RW-data=8 ZI-data=1024  
After Build - User command #1: fromelf  --bin -o "E:\bootloader\HuaDa\hc32f460_iap_20210721 TESTOK\hc32f460_iap_20210721 TESTOK\hc32f460_iap\hc32f46x_boot\project\MDK\output\release\hc32f46x_boot.bin" "E:\bootloader\HuaDa\hc32f460_iap_20210721 TESTOK\hc32f460_iap_20210721 TESTOK\hc32f460_iap\hc32f46x_boot\project\MDK\output\release\hc32f46x_boot.axf"
".\output\release\hc32f46x_boot.axf" - 0 Error(s), 3 Warning(s).

<h2>Software Packages used:</h2>

Package Vendor: ARM
                http://www.keil.com/pack/ARM.CMSIS.5.7.0.pack
                ARM.CMSIS.5.7.0
                CMSIS (Cortex Microcontroller Software Interface Standard)
   * Component: CORE Version: 5.4.0

Package Vendor: HDSC
                https://raw.githubusercontent.com/hdscmcu/pack/master/HDSC.HC32A460.1.0.0.pack
                HDSC.HC32A460.1.0.0
                HC32A460 ARM Cortex-M4 Device Family Pack

<h2>Collection of Component include folders:</h2>
  .\RTE\_hc32f46x_boot_Release
  E:\keilpack\ARM\CMSIS\5.7.0\CMSIS\Core\Include
  E:\keilpack\HDSC\HC32A460\1.0.0\Device\Include

<h2>Collection of Component Files used:</h2>

   * Component: ARM::CMSIS:CORE:5.4.0
Build Time Elapsed:  00:00:03
</pre>
</body>
</html>
