###############################################################################
#
# IAR ELF Linker V7.70.1.11437/W32 for ARM                21/Jul/2021  11:16:54
# Copyright 2007-2016 IAR Systems AB.
#
#    Output file  =  
#        H:\HC32F4A0\hc32f460_iap_20210721
#        TESTOK\hc32f460_iap\hc32f46x_boot\project\EWARM\output\release\Exe\hc32f46x_boot.out
#    Map file     =  
#        H:\HC32F4A0\hc32f460_iap_20210721
#        TESTOK\hc32f460_iap\hc32f46x_boot\project\EWARM\output\release\List\hc32f46x_boot.map
#    Command line =  
#        "H:\HC32F4A0\hc32f460_iap_20210721
#        TESTOK\hc32f460_iap\hc32f46x_boot\project\EWARM\output\release\Obj\basic.o"
#        "H:\HC32F4A0\hc32f460_iap_20210721
#        TESTOK\hc32f460_iap\hc32f46x_boot\project\EWARM\output\release\Obj\flash.o"
#        "H:\HC32F4A0\hc32f460_iap_20210721
#        TESTOK\hc32f460_iap\hc32f46x_boot\project\EWARM\output\release\Obj\hc32f46x_icg.o"
#        "H:\HC32F4A0\hc32f460_iap_20210721
#        TESTOK\hc32f460_iap\hc32f46x_boot\project\EWARM\output\release\Obj\iap.o"
#        "H:\HC32F4A0\hc32f460_iap_20210721
#        TESTOK\hc32f460_iap\hc32f46x_boot\project\EWARM\output\release\Obj\main.o"
#        "H:\HC32F4A0\hc32f460_iap_20210721
#        TESTOK\hc32f460_iap\hc32f46x_boot\project\EWARM\output\release\Obj\modem.o"
#        "H:\HC32F4A0\hc32f460_iap_20210721
#        TESTOK\hc32f460_iap\hc32f46x_boot\project\EWARM\output\release\Obj\startup_hc32f46x.o"
#        "H:\HC32F4A0\hc32f460_iap_20210721
#        TESTOK\hc32f460_iap\hc32f46x_boot\project\EWARM\output\release\Obj\system_hc32f46x.o"
#        "H:\HC32F4A0\hc32f460_iap_20210721
#        TESTOK\hc32f460_iap\hc32f46x_boot\project\EWARM\output\release\Obj\uart.o"
#        -o "H:\HC32F4A0\hc32f460_iap_20210721
#        TESTOK\hc32f460_iap\hc32f46x_boot\project\EWARM\output\release\Exe\hc32f46x_boot.out"
#        --map "H:\HC32F4A0\hc32f460_iap_20210721
#        TESTOK\hc32f460_iap\hc32f46x_boot\project\EWARM\output\release\List\hc32f46x_boot.map"
#        --config "H:\HC32F4A0\hc32f460_iap_20210721
#        TESTOK\hc32f460_iap\hc32f46x_boot\project\EWARM\config\HC32F46x_boot.icf"
#        --semihosting --entry __iar_program_start --redirect
#        __write=__write_buffered --vfe
#
###############################################################################

*******************************************************************************
*** RUNTIME MODEL ATTRIBUTES
***

CppFlavor       = *
__SystemLibrary = DLib


*******************************************************************************
*** PLACEMENT SUMMARY
***

"A0":  place at 0x00000000 { ro section .intvec };
"P1":  place in [from 0x00000000 to 0x00001fff] { ro };
"P2":  place in [from 0x1fff8000 to 0x1fffffff] { rw, block CSTACK, block HEAP };

  Section          Kind        Address   Size  Object
  -------          ----        -------   ----  ------
"A0":                                   0x280
  .intvec          ro code  0x00000000  0x280  startup_hc32f46x.o [1]
                          - 0x00000280  0x280

"P1", part 1 of 2:                        0x0
  .rodata          const    0x00000280    0x0  zero_init3.o [4]

Absolute sections:                       0x20
  .rodata          const    0x00000400   0x20  hc32f46x_icg.o [1]
                          - 0x00000420   0x20

"P1", part 2 of 2:                      0xa9c
  .text            ro code  0x00000420  0x242  modem.o [1]
  .text            ro code  0x00000664  0x138  uart.o [1]
  .text            ro code  0x0000079c  0x20c  flash.o [1]
  .text            ro code  0x000009a8   0xf8  basic.o [1]
  .text            ro code  0x00000aa0   0xc0  iap.o [1]
  .text            ro code  0x00000b60   0x40  zero_init3.o [4]
  .text            ro code  0x00000ba0   0x28  data_init.o [4]
  .iar.init_table  const    0x00000bc8   0x10  - Linker created -
  .text            ro code  0x00000bd8   0x1a  cmain.o [4]
  .text            ro code  0x00000bf2    0x4  low_level_init.o [3]
  .text            ro code  0x00000bf6    0xe  main.o [1]
  .text            ro code  0x00000c04    0x4  exit.o [3]
  .text            ro code  0x00000c08    0xa  cexit.o [4]
  .text            ro code  0x00000c14   0x14  exit.o [5]
  .text            ro code  0x00000c30   0x10  startup_hc32f46x.o [1]
  .text            ro code  0x00000c40    0xc  system_hc32f46x.o [1]
  .text            ro code  0x00000c4c    0xc  cstartup_M.o [4]
  .text            ro code  0x00000c58    0x4  startup_hc32f46x.o [1]
  .text            ro code  0x00000c5c    0x4  startup_hc32f46x.o [1]
  .text            ro code  0x00000c60    0x4  startup_hc32f46x.o [1]
  .text            ro code  0x00000c64    0x4  startup_hc32f46x.o [1]
  .text            ro code  0x00000c68    0x4  startup_hc32f46x.o [1]
  .text            ro code  0x00000c6c    0x4  startup_hc32f46x.o [1]
  .text            ro code  0x00000c70    0x4  startup_hc32f46x.o [1]
  .text            ro code  0x00000c74    0x4  startup_hc32f46x.o [1]
  .text            ro code  0x00000c78    0x4  startup_hc32f46x.o [1]
  .text            ro code  0x00000c7c    0x4  startup_hc32f46x.o [1]
  .text            ro code  0x00000c80    0x4  startup_hc32f46x.o [1]
  .text            ro code  0x00000c84    0x4  startup_hc32f46x.o [1]
  .text            ro code  0x00000c88    0x4  startup_hc32f46x.o [1]
  .text            ro code  0x00000c8c    0x4  startup_hc32f46x.o [1]
  .text            ro code  0x00000c90    0x4  startup_hc32f46x.o [1]
  .text            ro code  0x00000c94    0x4  startup_hc32f46x.o [1]
  .text            ro code  0x00000c98    0x4  startup_hc32f46x.o [1]
  .text            ro code  0x00000c9c    0x4  startup_hc32f46x.o [1]
  .text            ro code  0x00000ca0    0x4  startup_hc32f46x.o [1]
  .text            ro code  0x00000ca4    0x4  startup_hc32f46x.o [1]
  .text            ro code  0x00000ca8    0x4  startup_hc32f46x.o [1]
  .text            ro code  0x00000cac    0x4  startup_hc32f46x.o [1]
  .text            ro code  0x00000cb0    0x4  startup_hc32f46x.o [1]
  .text            ro code  0x00000cb4    0x4  startup_hc32f46x.o [1]
  .text            ro code  0x00000cb8    0x4  startup_hc32f46x.o [1]
  .text            ro code  0x00000cbc    0x4  startup_hc32f46x.o [1]
  .text            ro code  0x00000cc0    0x4  startup_hc32f46x.o [1]
  .text            ro code  0x00000cc4    0x4  startup_hc32f46x.o [1]
  .text            ro code  0x00000cc8    0x4  startup_hc32f46x.o [1]
  .text            ro code  0x00000ccc    0x4  startup_hc32f46x.o [1]
  .text            ro code  0x00000cd0    0x4  startup_hc32f46x.o [1]
  .text            ro code  0x00000cd4    0x4  startup_hc32f46x.o [1]
  .text            ro code  0x00000cd8    0x4  startup_hc32f46x.o [1]
  .text            ro code  0x00000cdc    0x4  startup_hc32f46x.o [1]
  .text            ro code  0x00000ce0    0x4  startup_hc32f46x.o [1]
  .text            ro code  0x00000ce4    0x4  startup_hc32f46x.o [1]
  .text            ro code  0x00000ce8    0x4  startup_hc32f46x.o [1]
  .text            ro code  0x00000cec    0x4  startup_hc32f46x.o [1]
  .text            ro code  0x00000cf0    0x4  startup_hc32f46x.o [1]
  .text            ro code  0x00000cf4    0x4  startup_hc32f46x.o [1]
  .text            ro code  0x00000cf8    0x4  startup_hc32f46x.o [1]
  .text            ro code  0x00000cfc    0x4  startup_hc32f46x.o [1]
  .text            ro code  0x00000d00    0x4  startup_hc32f46x.o [1]
  .text            ro code  0x00000d04    0x4  startup_hc32f46x.o [1]
  .text            ro code  0x00000d08    0x4  startup_hc32f46x.o [1]
  .text            ro code  0x00000d0c    0x4  startup_hc32f46x.o [1]
  .text            ro code  0x00000d10    0x4  startup_hc32f46x.o [1]
  .text            ro code  0x00000d14    0x4  startup_hc32f46x.o [1]
  .text            ro code  0x00000d18    0x4  startup_hc32f46x.o [1]
  .text            ro code  0x00000d1c    0x4  startup_hc32f46x.o [1]
  .text            ro code  0x00000d20    0x4  startup_hc32f46x.o [1]
  .text            ro code  0x00000d24    0x4  startup_hc32f46x.o [1]
  .text            ro code  0x00000d28    0x4  startup_hc32f46x.o [1]
  .text            ro code  0x00000d2c    0x4  startup_hc32f46x.o [1]
  .text            ro code  0x00000d30    0x4  startup_hc32f46x.o [1]
  .text            ro code  0x00000d34    0x4  startup_hc32f46x.o [1]
  .text            ro code  0x00000d38    0x4  startup_hc32f46x.o [1]
  .text            ro code  0x00000d3c    0x4  startup_hc32f46x.o [1]
  .text            ro code  0x00000d40    0x4  startup_hc32f46x.o [1]
  .text            ro code  0x00000d44    0x4  startup_hc32f46x.o [1]
  .text            ro code  0x00000d48    0x4  startup_hc32f46x.o [1]
  .text            ro code  0x00000d4c    0x4  startup_hc32f46x.o [1]
  .text            ro code  0x00000d50    0x4  startup_hc32f46x.o [1]
  .text            ro code  0x00000d54    0x4  startup_hc32f46x.o [1]
  .text            ro code  0x00000d58    0x4  startup_hc32f46x.o [1]
  .text            ro code  0x00000d5c    0x4  startup_hc32f46x.o [1]
  .text            ro code  0x00000d60    0x4  startup_hc32f46x.o [1]
  .text            ro code  0x00000d64    0x4  startup_hc32f46x.o [1]
  .text            ro code  0x00000d68    0x4  startup_hc32f46x.o [1]
  .text            ro code  0x00000d6c    0x4  startup_hc32f46x.o [1]
  .text            ro code  0x00000d70    0x4  startup_hc32f46x.o [1]
  .text            ro code  0x00000d74    0x4  startup_hc32f46x.o [1]
  .text            ro code  0x00000d78    0x4  startup_hc32f46x.o [1]
  .text            ro code  0x00000d7c    0x4  startup_hc32f46x.o [1]
  .text            ro code  0x00000d80    0x4  startup_hc32f46x.o [1]
  .text            ro code  0x00000d84    0x4  startup_hc32f46x.o [1]
  .text            ro code  0x00000d88    0x4  startup_hc32f46x.o [1]
  .text            ro code  0x00000d8c    0x4  startup_hc32f46x.o [1]
  .text            ro code  0x00000d90    0x4  startup_hc32f46x.o [1]
  .text            ro code  0x00000d94    0x4  startup_hc32f46x.o [1]
  .text            ro code  0x00000d98    0x4  startup_hc32f46x.o [1]
  .text            ro code  0x00000d9c    0x4  startup_hc32f46x.o [1]
  .text            ro code  0x00000da0    0x4  startup_hc32f46x.o [1]
  .text            ro code  0x00000da4    0x4  startup_hc32f46x.o [1]
  .text            ro code  0x00000da8    0x4  startup_hc32f46x.o [1]
  .text            ro code  0x00000dac    0x4  startup_hc32f46x.o [1]
  .text            ro code  0x00000db0    0x4  startup_hc32f46x.o [1]
  .text            ro code  0x00000db4    0x4  startup_hc32f46x.o [1]
  .text            ro code  0x00000db8    0x4  startup_hc32f46x.o [1]
  .text            ro code  0x00000dbc    0x4  startup_hc32f46x.o [1]
  .text            ro code  0x00000dc0    0x4  startup_hc32f46x.o [1]
  .text            ro code  0x00000dc4    0x4  startup_hc32f46x.o [1]
  .text            ro code  0x00000dc8    0x4  startup_hc32f46x.o [1]
  .text            ro code  0x00000dcc    0x4  startup_hc32f46x.o [1]
  .text            ro code  0x00000dd0    0x4  startup_hc32f46x.o [1]
  .text            ro code  0x00000dd4    0x4  startup_hc32f46x.o [1]
  .text            ro code  0x00000dd8    0x4  startup_hc32f46x.o [1]
  .text            ro code  0x00000ddc    0x4  startup_hc32f46x.o [1]
  .text            ro code  0x00000de0    0x4  startup_hc32f46x.o [1]
  .text            ro code  0x00000de4    0x4  startup_hc32f46x.o [1]
  .text            ro code  0x00000de8    0x4  startup_hc32f46x.o [1]
  .text            ro code  0x00000dec    0x4  startup_hc32f46x.o [1]
  .text            ro code  0x00000df0    0x4  startup_hc32f46x.o [1]
  .text            ro code  0x00000df4    0x4  startup_hc32f46x.o [1]
  .text            ro code  0x00000df8    0x4  startup_hc32f46x.o [1]
  .text            ro code  0x00000dfc    0x4  startup_hc32f46x.o [1]
  .text            ro code  0x00000e00    0x4  startup_hc32f46x.o [1]
  .text            ro code  0x00000e04    0x4  startup_hc32f46x.o [1]
  .text            ro code  0x00000e08    0x4  startup_hc32f46x.o [1]
  .text            ro code  0x00000e0c    0x4  startup_hc32f46x.o [1]
  .text            ro code  0x00000e10    0x4  startup_hc32f46x.o [1]
  .text            ro code  0x00000e14    0x4  startup_hc32f46x.o [1]
  .text            ro code  0x00000e18    0x4  startup_hc32f46x.o [1]
  .text            ro code  0x00000e1c    0x4  startup_hc32f46x.o [1]
  .text            ro code  0x00000e20    0x4  startup_hc32f46x.o [1]
  .text            ro code  0x00000e24    0x4  startup_hc32f46x.o [1]
  .text            ro code  0x00000e28    0x4  startup_hc32f46x.o [1]
  .text            ro code  0x00000e2c    0x4  startup_hc32f46x.o [1]
  .text            ro code  0x00000e30    0x4  startup_hc32f46x.o [1]
  .text            ro code  0x00000e34    0x4  startup_hc32f46x.o [1]
  .text            ro code  0x00000e38    0x4  startup_hc32f46x.o [1]
  .text            ro code  0x00000e3c    0x4  startup_hc32f46x.o [1]
  .text            ro code  0x00000e40    0x4  startup_hc32f46x.o [1]
  .text            ro code  0x00000e44    0x4  startup_hc32f46x.o [1]
  .text            ro code  0x00000e48    0x4  startup_hc32f46x.o [1]
  .text            ro code  0x00000e4c    0x4  startup_hc32f46x.o [1]
  .text            ro code  0x00000e50    0x4  startup_hc32f46x.o [1]
  .text            ro code  0x00000e54    0x4  startup_hc32f46x.o [1]
  .text            ro code  0x00000e58    0x4  startup_hc32f46x.o [1]
  .text            ro code  0x00000e5c    0x4  startup_hc32f46x.o [1]
  .text            ro code  0x00000e60    0x4  startup_hc32f46x.o [1]
  .text            ro code  0x00000e64    0x4  startup_hc32f46x.o [1]
  .text            ro code  0x00000e68    0x4  startup_hc32f46x.o [1]
  .text            ro code  0x00000e6c    0x4  startup_hc32f46x.o [1]
  .text            ro code  0x00000e70    0x4  startup_hc32f46x.o [1]
  .text            ro code  0x00000e74    0x4  startup_hc32f46x.o [1]
  .text            ro code  0x00000e78    0x4  startup_hc32f46x.o [1]
  .text            ro code  0x00000e7c    0x4  startup_hc32f46x.o [1]
  .text            ro code  0x00000e80    0x4  startup_hc32f46x.o [1]
  .text            ro code  0x00000e84    0x4  startup_hc32f46x.o [1]
  .text            ro code  0x00000e88    0x4  startup_hc32f46x.o [1]
  .text            ro code  0x00000e8c    0x4  startup_hc32f46x.o [1]
  .text            ro code  0x00000e90    0x4  startup_hc32f46x.o [1]
  .text            ro code  0x00000e94    0x4  startup_hc32f46x.o [1]
  .text            ro code  0x00000e98    0x4  startup_hc32f46x.o [1]
  .text            ro code  0x00000e9c    0x4  startup_hc32f46x.o [1]
  .text            ro code  0x00000ea0    0x4  startup_hc32f46x.o [1]
  .text            ro code  0x00000ea4    0x4  startup_hc32f46x.o [1]
  .text            ro code  0x00000ea8    0x4  startup_hc32f46x.o [1]
  .text            ro code  0x00000eac    0x4  startup_hc32f46x.o [1]
  .text            ro code  0x00000eb0    0x4  startup_hc32f46x.o [1]
  .text            ro code  0x00000eb4    0x4  startup_hc32f46x.o [1]
  .text            ro code  0x00000eb8    0x4  startup_hc32f46x.o [1]
                          - 0x00000ebc  0xa9c

"P2", part 1 of 2:                      0x21c
  .bss             zero     0x1fff8000  0x214  modem.o [1]
  .bss             zero     0x1fff8214    0x8  iap.o [1]
                          - 0x1fff821c  0x21c

"P2", part 2 of 2:                      0x400
  CSTACK                    0x1fff8220  0x400  <Block>
    CSTACK         uninit   0x1fff8220  0x400  <Block tail>
                          - 0x1fff8620  0x400


*******************************************************************************
*** INIT TABLE
***

          Address     Size
          -------     ----
Zero (__iar_zero_init3)
    1 destination range, total size 0x21c:
          0x1fff8000  0x21c



*******************************************************************************
*** MODULE SUMMARY
***

    Module              ro code  ro data  rw data  ro data
                                                    (abs)
    ------              -------  -------  -------  -------
H:\HC32F4A0\hc32f460_iap_20210721 TESTOK\hc32f460_iap\hc32f46x_boot\project\EWARM\output\release\Obj: [1]
    basic.o                 248
    flash.o                 524
    hc32f46x_icg.o                                      32
    iap.o                   192                 8
    main.o                   14
    modem.o                 578               532
    startup_hc32f46x.o    1 268
    system_hc32f46x.o        12
    uart.o                  312
    ------------------------------------------------------
    Total:                3 148               540       32

command line: [2]
    ------------------------------------------------------
    Total:

dl7M_tln.a: [3]
    exit.o                    4
    low_level_init.o          4
    ------------------------------------------------------
    Total:                    8

rt7M_tl.a: [4]
    cexit.o                  10
    cmain.o                  26
    cstartup_M.o             12
    data_init.o              40
    zero_init3.o             64
    ------------------------------------------------------
    Total:                  152

shb_l.a: [5]
    exit.o                   20
    ------------------------------------------------------
    Total:                   20

    Gaps                     12
    Linker created                    16    1 024
----------------------------------------------------------
    Grand Total:          3 340       16    1 564       32


*******************************************************************************
*** ENTRY LIST
***

Entry                      Address   Size  Type      Object
-----                      -------   ----  ----      ------
.iar.init_table$$Base   0x00000bc8          --   Gb  - Linker created -
.iar.init_table$$Limit  0x00000bd8          --   Gb  - Linker created -
?main                   0x00000bd9         Code  Gb  cmain.o [4]
CSTACK$$Base            0x1fff8220          --   Gb  - Linker created -
CSTACK$$Limit           0x1fff8620          --   Gb  - Linker created -
Cal_CRC16               0x00000441   0x26  Code  Lc  modem.o [1]
EFM_EraseSector         0x000007e7   0x5a  Code  Gb  flash.o [1]
EFM_ReadFlashByte       0x00000941   0x12  Code  Gb  flash.o [1]
EFM_SetWaitCycle        0x0000079d   0x2e  Code  Gb  flash.o [1]
EFM_Unlock              0x000007cb   0x1c  Code  Gb  flash.o [1]
EFM_WaitForOperationDone
                        0x00000953   0x4c  Code  Gb  flash.o [1]
EFM_WriteFlash          0x00000841  0x100  Code  Gb  flash.o [1]
IAP_Init                0x00000aa1   0x12  Code  Gb  iap.o [1]
IAP_Main                0x00000ab3   0x90  Code  Gb  iap.o [1]
JumpAddress             0x1fff8214    0x4  Data  Gb  iap.o [1]
JumpToApplication       0x1fff8218    0x4  Data  Gb  iap.o [1]
LED_DeInit              0x00000a5f   0x1a  Code  Gb  basic.o [1]
LED_Init                0x00000a35   0x2a  Code  Gb  basic.o [1]
Modem_Process           0x0000050b  0x14a  Code  Gb  modem.o [1]
Modem_RecvFrame         0x00000467   0x7c  Code  Gb  modem.o [1]
Modem_SendFrame         0x000004e3   0x28  Code  Gb  modem.o [1]
Region$$Table$$Base     0x00000bc8          --   Gb  - Linker created -
Region$$Table$$Limit    0x00000bd8          --   Gb  - Linker created -
SystemClock_DeInit      0x000009f7   0x3e  Code  Gb  basic.o [1]
SystemClock_Init        0x000009a9   0x4e  Code  Gb  basic.o [1]
SystemInit              0x00000c41    0x8  Code  Gb  system_hc32f46x.o [1]
UART_DeInit             0x00000665   0x46  Code  Gb  uart.o [1]
UART_Init               0x000006ab   0x56  Code  Gb  uart.o [1]
UART_RecvData           0x00000729   0x5e  Code  Gb  uart.o [1]
UART_SendData           0x00000701   0x28  Code  Gb  uart.o [1]
Update_CRC16            0x00000421   0x20  Code  Gb  modem.o [1]
__cmain                 0x00000bd9         Code  Gb  cmain.o [4]
__exit                  0x00000c15   0x14  Code  Gb  exit.o [5]
__iar_data_init3        0x00000ba1   0x28  Code  Gb  data_init.o [4]
__iar_program_start     0x00000c4d         Code  Gb  cstartup_M.o [4]
__iar_zero_init3        0x00000b61   0x40  Code  Gb  zero_init3.o [4]
__low_level_init        0x00000bf3    0x4  Code  Gb  low_level_init.o [3]
__vector_table          0x00000000         Data  Gb  startup_hc32f46x.o [1]
_call_main              0x00000be5         Code  Gb  cmain.o [4]
_exit                   0x00000c09         Code  Gb  cexit.o [4]
_main                   0x00000bef         Code  Gb  cmain.o [4]
exit                    0x00000c05    0x4  Code  Gb  exit.o [3]
main                    0x00000bf7    0xe  Code  Gb  main.o [1]
u32ICG                  0x00000400   0x20  Data  Gb  hc32f46x_icg.o [1]
u8FrameData             0x1fff8000  0x214  Data  Gb  modem.o [1]


[1] = H:\HC32F4A0\hc32f460_iap_20210721 TESTOK\hc32f460_iap\hc32f46x_boot\project\EWARM\output\release\Obj
[2] = command line
[3] = dl7M_tln.a
[4] = rt7M_tl.a
[5] = shb_l.a

  3 340 bytes of readonly  code memory
     16 bytes of readonly  data memory (+ 32 absolute)
  1 564 bytes of readwrite data memory

Errors: none
Warnings: none
