<html>
<body>
<pre>
<h1>µVision Build Log</h1>
<h2>Tool Versions:</h2>
IDE-Version: ¦ÌVision V5.34.0.0
Copyright (C) 2021 ARM Ltd and ARM Germany GmbH. All rights reserved.
License Information: 1 1, 1, LIC=TIVNB-29GSH-DYMV3-A0EIX-FY8S1-18VP6
 
Tool Versions:
Toolchain:       MDK-ARM Plus  Version: 5.34.0.0
Toolchain Path:  C:\Keil_v5\ARM\ARMCC\Bin
C Compiler:      Armcc.exe V5.06 update 7 (build 960)
Assembler:       Armasm.exe V5.06 update 7 (build 960)
Linker/Locator:  ArmLink.exe V5.06 update 7 (build 960)
Library Manager: ArmAr.exe V5.06 update 7 (build 960)
Hex Converter:   FromElf.exe V5.06 update 7 (build 960)
CPU DLL:         SARMCM3.DLL V5.34.0.0
Dialog DLL:      DCM.DLL V1.17.3.0
Target DLL:      CMSIS_AGDI.dll V1.32.13.0
Dialog DLL:      TCM.DLL V1.48.0.0
 
<h2>Project:</h2>
E:\bootloader\HuaDa\hc32f460_iap_20210721 TESTOK\hc32f460_iap_20210721 TESTOK\hc32f460_iap\hc32f46x_flash_drv\project\MDK\hc32f46x_flash_drv.uvprojx
Project File Date:  08/06/2024

<h2>Output:</h2>
*** Using Compiler 'V5.06 update 7 (build 960)', folder: 'C:\Keil_v5\ARM\ARMCC\Bin'
Build target 'hc32f46x_flash_drv'
compiling NVM_Flash.c...
..\source\NVM_Flash.c(31): warning:  #161-D: unrecognized #pragma
  #pragma GCC diagnostic ignored "-Wunused-const-variable="
..\source\NVM_Flash.c(34): warning:  #1296-D: extended constant initialiser used
      (tpfFLASH_DRV_EraseSector)   CAL_OFFSET(EFM_EraseSector),
..\source\NVM_Flash.c(35): warning:  #1296-D: extended constant initialiser used
      (tpfFLASH_DRV_Program)       CAL_OFFSET(EFM_WriteFlash),
..\source\NVM_Flash.c: 3 warnings, 0 errors
linking...
Program Size: Code=1620 RO-data=712 RW-data=828 ZI-data=1028  
FromELF: creating hex file...
After Build - User command #1: fromelf  --bin -o "E:\bootloader\HuaDa\hc32f460_iap_20210721 TESTOK\hc32f460_iap_20210721 TESTOK\hc32f460_iap\hc32f46x_flash_drv\project\MDK\output\release\hc32f46x_flash_drv.bin" "E:\bootloader\HuaDa\hc32f460_iap_20210721 TESTOK\hc32f460_iap_20210721 TESTOK\hc32f460_iap\hc32f46x_flash_drv\project\MDK\output\release\hc32f46x_flash_drv.axf"
Error: Q0147E: Failed to create Directory E:\bootloader\HuaDa\hc32f460_iap_20210721 TESTOK\hc32f460_iap_20210721 TESTOK\hc32f460_iap\hc32f46x_flash_drv\project\MDK\output\release\hc32f46x_flash_drv.bin\ER_BOOT: File exists
Finished: 0 information, 0 warning and 1 error messages.
".\output\release\hc32f46x_flash_drv.axf" - 0 Error(s), 3 Warning(s).

<h2>Software Packages used:</h2>

Package Vendor: ARM
                http://www.keil.com/pack/ARM.CMSIS.5.7.0.pack
                ARM.CMSIS.5.7.0
                CMSIS (Cortex Microcontroller Software Interface Standard)
   * Component: CORE Version: 5.4.0

Package Vendor: HDSC
                https://raw.githubusercontent.com/hdscmcu/pack/master/HDSC.HC32A460.1.0.0.pack
                HDSC.HC32A460.1.0.0
                HC32A460 ARM Cortex-M4 Device Family Pack

<h2>Collection of Component include folders:</h2>
  .\RTE\_hc32f46x_flash_drv
  E:\keilpack\ARM\CMSIS\5.7.0\CMSIS\Core\Include
  E:\keilpack\HDSC\HC32A460\1.0.0\Device\Include

<h2>Collection of Component Files used:</h2>

   * Component: ARM::CMSIS:CORE:5.4.0
Build Time Elapsed:  00:00:07
</pre>
</body>
</html>
