Component: ARM Compiler 5.06 update 7 (build 960) Tool: armlink [4d3601]

==============================================================================

Section Cross References

    startup_hc32f460.o(RESET) refers to startup_hc32f460.o(STACK) for __initial_sp
    startup_hc32f460.o(RESET) refers to startup_hc32f460.o(.text) for Reset_Handler
    startup_hc32f460.o(RESET) refers to hc32_ll_interrupts.o(i.IRQ000_Handler) for IRQ000_Handler
    startup_hc32f460.o(RESET) refers to hc32_ll_interrupts.o(i.IRQ001_Handler) for IRQ001_Handler
    startup_hc32f460.o(RESET) refers to hc32_ll_interrupts.o(i.IRQ002_Handler) for IRQ002_Handler
    startup_hc32f460.o(RESET) refers to hc32_ll_interrupts.o(i.IRQ003_Handler) for IRQ003_Handler
    startup_hc32f460.o(RESET) refers to hc32_ll_interrupts.o(i.IRQ004_Handler) for IRQ004_Handler
    startup_hc32f460.o(RESET) refers to hc32_ll_interrupts.o(i.IRQ005_Handler) for IRQ005_Handler
    startup_hc32f460.o(RESET) refers to hc32_ll_interrupts.o(i.IRQ006_Handler) for IRQ006_Handler
    startup_hc32f460.o(RESET) refers to hc32_ll_interrupts.o(i.IRQ007_Handler) for IRQ007_Handler
    startup_hc32f460.o(RESET) refers to hc32_ll_interrupts.o(i.IRQ008_Handler) for IRQ008_Handler
    startup_hc32f460.o(RESET) refers to hc32_ll_interrupts.o(i.IRQ009_Handler) for IRQ009_Handler
    startup_hc32f460.o(RESET) refers to hc32_ll_interrupts.o(i.IRQ010_Handler) for IRQ010_Handler
    startup_hc32f460.o(RESET) refers to hc32_ll_interrupts.o(i.IRQ011_Handler) for IRQ011_Handler
    startup_hc32f460.o(RESET) refers to hc32_ll_interrupts.o(i.IRQ012_Handler) for IRQ012_Handler
    startup_hc32f460.o(RESET) refers to hc32_ll_interrupts.o(i.IRQ013_Handler) for IRQ013_Handler
    startup_hc32f460.o(RESET) refers to hc32_ll_interrupts.o(i.IRQ014_Handler) for IRQ014_Handler
    startup_hc32f460.o(RESET) refers to hc32_ll_interrupts.o(i.IRQ015_Handler) for IRQ015_Handler
    startup_hc32f460.o(RESET) refers to hc32_ll_interrupts.o(i.IRQ016_Handler) for IRQ016_Handler
    startup_hc32f460.o(RESET) refers to hc32_ll_interrupts.o(i.IRQ017_Handler) for IRQ017_Handler
    startup_hc32f460.o(RESET) refers to hc32_ll_interrupts.o(i.IRQ018_Handler) for IRQ018_Handler
    startup_hc32f460.o(RESET) refers to hc32_ll_interrupts.o(i.IRQ019_Handler) for IRQ019_Handler
    startup_hc32f460.o(RESET) refers to hc32_ll_interrupts.o(i.IRQ020_Handler) for IRQ020_Handler
    startup_hc32f460.o(RESET) refers to hc32_ll_interrupts.o(i.IRQ021_Handler) for IRQ021_Handler
    startup_hc32f460.o(RESET) refers to hc32_ll_interrupts.o(i.IRQ022_Handler) for IRQ022_Handler
    startup_hc32f460.o(RESET) refers to hc32_ll_interrupts.o(i.IRQ023_Handler) for IRQ023_Handler
    startup_hc32f460.o(RESET) refers to hc32_ll_interrupts.o(i.IRQ024_Handler) for IRQ024_Handler
    startup_hc32f460.o(RESET) refers to hc32_ll_interrupts.o(i.IRQ025_Handler) for IRQ025_Handler
    startup_hc32f460.o(RESET) refers to hc32_ll_interrupts.o(i.IRQ026_Handler) for IRQ026_Handler
    startup_hc32f460.o(RESET) refers to hc32_ll_interrupts.o(i.IRQ027_Handler) for IRQ027_Handler
    startup_hc32f460.o(RESET) refers to hc32_ll_interrupts.o(i.IRQ028_Handler) for IRQ028_Handler
    startup_hc32f460.o(RESET) refers to hc32_ll_interrupts.o(i.IRQ029_Handler) for IRQ029_Handler
    startup_hc32f460.o(RESET) refers to hc32_ll_interrupts.o(i.IRQ030_Handler) for IRQ030_Handler
    startup_hc32f460.o(RESET) refers to hc32_ll_interrupts.o(i.IRQ031_Handler) for IRQ031_Handler
    startup_hc32f460.o(RESET) refers to hc32_ll_interrupts.o(i.IRQ032_Handler) for IRQ032_Handler
    startup_hc32f460.o(RESET) refers to hc32_ll_interrupts.o(i.IRQ033_Handler) for IRQ033_Handler
    startup_hc32f460.o(RESET) refers to hc32_ll_interrupts.o(i.IRQ034_Handler) for IRQ034_Handler
    startup_hc32f460.o(RESET) refers to hc32_ll_interrupts.o(i.IRQ035_Handler) for IRQ035_Handler
    startup_hc32f460.o(RESET) refers to hc32_ll_interrupts.o(i.IRQ036_Handler) for IRQ036_Handler
    startup_hc32f460.o(RESET) refers to hc32_ll_interrupts.o(i.IRQ037_Handler) for IRQ037_Handler
    startup_hc32f460.o(RESET) refers to hc32_ll_interrupts.o(i.IRQ038_Handler) for IRQ038_Handler
    startup_hc32f460.o(RESET) refers to hc32_ll_interrupts.o(i.IRQ039_Handler) for IRQ039_Handler
    startup_hc32f460.o(RESET) refers to hc32_ll_interrupts.o(i.IRQ040_Handler) for IRQ040_Handler
    startup_hc32f460.o(RESET) refers to hc32_ll_interrupts.o(i.IRQ041_Handler) for IRQ041_Handler
    startup_hc32f460.o(RESET) refers to hc32_ll_interrupts.o(i.IRQ042_Handler) for IRQ042_Handler
    startup_hc32f460.o(RESET) refers to hc32_ll_interrupts.o(i.IRQ043_Handler) for IRQ043_Handler
    startup_hc32f460.o(RESET) refers to hc32_ll_interrupts.o(i.IRQ044_Handler) for IRQ044_Handler
    startup_hc32f460.o(RESET) refers to hc32_ll_interrupts.o(i.IRQ045_Handler) for IRQ045_Handler
    startup_hc32f460.o(RESET) refers to hc32_ll_interrupts.o(i.IRQ046_Handler) for IRQ046_Handler
[...]
    HAL_FLASH_GetResetHandlerInfo            0x00003769   Thumb Code    28  hal_flash_cfg.o(i.HAL_FLASH_GetResetHandlerInfo)
    HAL_FLASH_GetTotalSectors                0x0000378d   Thumb Code    82  hal_flash_cfg.o(i.HAL_FLASH_GetTotalSectors)
    HAL_FLASH_ReadData_Extern                0x00003845   Thumb Code    22  hal_flash.o(i.HAL_FLASH_ReadData_Extern)
    HAL_FLASH_RegisterFlashAPI               0x0000385d   Thumb Code    30  hal_flash.o(i.HAL_FLASH_RegisterFlashAPI)
    HAL_FLASH_SectorNumberToFlashAddress     0x00003891   Thumb Code   150  hal_flash_cfg.o(i.HAL_FLASH_SectorNumberToFlashAddress)
    HAL_SW_RESTT                             0x00003a41   Thumb Code     8  hal_wdt.o(i.HAL_SW_RESTT)
    HAL_TP_DoTxMsgSuccesfulCallback          0x00003a49   Thumb Code     8  hal_tp.o(i.HAL_TP_DoTxMsgSuccesfulCallback)
    HAL_TP_DriverReadDataFromTP              0x00003a51   Thumb Code    44  hal_tp_cfg.o(i.HAL_TP_DriverReadDataFromTP)
    HAL_TP_DriverWriteDataInTP               0x00003a7d   Thumb Code    30  hal_tp_cfg.o(i.HAL_TP_DriverWriteDataInTP)
    HAL_TP_Init                              0x00003a9b   Thumb Code     8  hal_tp.o(i.HAL_TP_Init)
    HAL_TP_MainFun                           0x00003aa3   Thumb Code     8  hal_tp.o(i.HAL_TP_MainFun)
    HAL_TP_SystemTickCtl                     0x00003aab   Thumb Code     8  hal_tp.o(i.HAL_TP_SystemTickCtl)
    HAL_UARTTP_DoTxMsgSuccessfulCallBack     0x00003ab5   Thumb Code    22  hal_uart_tp_cfg.o(i.HAL_UARTTP_DoTxMsgSuccessfulCallBack)
    HAL_UARTTP_DriverReadDataFromUARTTP      0x00003ad1   Thumb Code   142  hal_uart_tp_cfg.o(i.HAL_UARTTP_DriverReadDataFromUARTTP)
    HAL_UARTTP_GetConfigRxMsgFUNID           0x00003b65   Thumb Code     6  hal_uart_tp_cfg.o(i.HAL_UARTTP_GetConfigRxMsgFUNID)
    HAL_UARTTP_GetConfigRxMsgPHYID           0x00003b71   Thumb Code     6  hal_uart_tp_cfg.o(i.HAL_UARTTP_GetConfigRxMsgPHYID)
    HAL_UARTTP_GetConfigTxMsgID              0x00003b7d   Thumb Code     6  hal_uart_tp_cfg.o(i.HAL_UARTTP_GetConfigTxMsgID)
    HAL_UARTTP_IsReceivedMsgIDValid_Extern   0x00003b89   Thumb Code    24  hal_uart_tp_cfg.o(i.HAL_UARTTP_IsReceivedMsgIDValid_Extern)
    HAL_UARTTP_MainFun                       0x00003ba5   Thumb Code   158  hal_uart_tp.o(i.HAL_UARTTP_MainFun)
    HAL_UARTTP_RegisterAbortTxMsg            0x00003c55   Thumb Code     6  hal_uart_tp_cfg.o(i.HAL_UARTTP_RegisterAbortTxMsg)
    HAL_UARTTP_SytstemTickControl            0x00003c61   Thumb Code    82  hal_uart_tp.o(i.HAL_UARTTP_SytstemTickControl)
    HAL_UART_DriverWriteDataInUartTP         0x00003cc1   Thumb Code   106  hal_uart_tp_cfg.o(i.HAL_UART_DriverWriteDataInUartTP)
    HAL_WDT_Config                           0x00003d2b   Thumb Code     8  hal_wdt.o(i.HAL_WDT_Config)
    HAL_WDT_FeedDog                          0x00003d33   Thumb Code     8  hal_wdt.o(i.HAL_WDT_FeedDog)
    Hal_UartInit                             0x00003d3d   Thumb Code    94  hal_uart.o(i.Hal_UartInit)
    Hal_Uart_Receive                         0x00003da1   Thumb Code    10  hal_uart.o(i.Hal_Uart_Receive)
    Hal_Uart_Send                            0x00003db1   Thumb Code    78  hal_uart.o(i.Hal_Uart_Send)
    INTC_IrqSignIn                           0x00003e89   Thumb Code   168  hc32_ll_interrupts.o(i.INTC_IrqSignIn)
    IRQ000_Handler                           0x00003f5d   Thumb Code    14  hc32_ll_interrupts.o(i.IRQ000_Handler)
    IRQ001_Handler                           0x00003f71   Thumb Code    14  hc32_ll_interrupts.o(i.IRQ001_Handler)
    IRQ002_Handler                           0x00003f85   Thumb Code    14  hc32_ll_interrupts.o(i.IRQ002_Handler)
    IRQ003_Handler                           0x00003f99   Thumb Code    14  hc32_ll_interrupts.o(i.IRQ003_Handler)
    IRQ004_Handler                           0x00003fad   Thumb Code    14  hc32_ll_interrupts.o(i.IRQ004_Handler)
    IRQ005_Handler                           0x00003fc1   Thumb Code    14  hc32_ll_interrupts.o(i.IRQ005_Handler)
    IRQ006_Handler                           0x00003fd5   Thumb Code    14  hc32_ll_interrupts.o(i.IRQ006_Handler)
    IRQ007_Handler                           0x00003fe9   Thumb Code    14  hc32_ll_interrupts.o(i.IRQ007_Handler)
    IRQ008_Handler                           0x00003ffd   Thumb Code    14  hc32_ll_interrupts.o(i.IRQ008_Handler)
    IRQ009_Handler                           0x00004011   Thumb Code    14  hc32_ll_interrupts.o(i.IRQ009_Handler)
    IRQ010_Handler                           0x00004025   Thumb Code    14  hc32_ll_interrupts.o(i.IRQ010_Handler)
    IRQ011_Handler                           0x00004039   Thumb Code    14  hc32_ll_interrupts.o(i.IRQ011_Handler)
    IRQ012_Handler                           0x0000404d   Thumb Code    14  hc32_ll_interrupts.o(i.IRQ012_Handler)
    IRQ013_Handler                           0x00004061   Thumb Code    14  hc32_ll_interrupts.o(i.IRQ013_Handler)
    IRQ014_Handler                           0x00004075   Thumb Code    14  hc32_ll_interrupts.o(i.IRQ014_Handler)
    IRQ015_Handler                           0x00004089   Thumb Code    14  hc32_ll_interrupts.o(i.IRQ015_Handler)
    IRQ016_Handler                           0x0000409d   Thumb Code    14  hc32_ll_interrupts.o(i.IRQ016_Handler)
    IRQ017_Handler                           0x000040b1   Thumb Code    14  hc32_ll_interrupts.o(i.IRQ017_Handler)
    IRQ018_Handler                           0x000040c5   Thumb Code    14  hc32_ll_interrupts.o(i.IRQ018_Handler)
    IRQ019_Handler                           0x000040d9   Thumb Code    14  hc32_ll_interrupts.o(i.IRQ019_Handler)
    IRQ020_Handler                           0x000040ed   Thumb Code    14  hc32_ll_interrupts.o(i.IRQ020_Handler)
    IRQ021_Handler                           0x00004101   Thumb Code    14  hc32_ll_interrupts.o(i.IRQ021_Handler)
    IRQ022_Handler                           0x00004115   Thumb Code    14  hc32_ll_interrupts.o(i.IRQ022_Handler)
    IRQ023_Handler                           0x00004129   Thumb Code    14  hc32_ll_interrupts.o(i.IRQ023_Handler)
    IRQ024_Handler                           0x0000413d   Thumb Code    14  hc32_ll_interrupts.o(i.IRQ024_Handler)
    IRQ025_Handler                           0x00004151   Thumb Code    14  hc32_ll_interrupts.o(i.IRQ025_Handler)
    IRQ026_Handler                           0x00004165   Thumb Code    14  hc32_ll_interrupts.o(i.IRQ026_Handler)
    IRQ027_Handler                           0x00004179   Thumb Code    14  hc32_ll_interrupts.o(i.IRQ027_Handler)
    IRQ028_Handler                           0x0000418d   Thumb Code    14  hc32_ll_interrupts.o(i.IRQ028_Handler)
    IRQ029_Handler                           0x000041a1   Thumb Code    14  hc32_ll_interrupts.o(i.IRQ029_Handler)
    IRQ030_Handler                           0x000041b5   Thumb Code    14  hc32_ll_interrupts.o(i.IRQ030_Handler)
    IRQ031_Handler                           0x000041c9   Thumb Code    14  hc32_ll_interrupts.o(i.IRQ031_Handler)
    IRQ032_Handler                           0x000041dd   Thumb Code    16  hc32_ll_interrupts.o(i.IRQ032_Handler)
    IRQ033_Handler                           0x000041f1   Thumb Code    16  hc32_ll_interrupts.o(i.IRQ033_Handler)
    IRQ034_Handler                           0x00004205   Thumb Code    16  hc32_ll_interrupts.o(i.IRQ034_Handler)
    IRQ035_Handler                           0x00004219   Thumb Code    16  hc32_ll_interrupts.o(i.IRQ035_Handler)
    IRQ036_Handler                           0x0000422d   Thumb Code    16  hc32_ll_interrupts.o(i.IRQ036_Handler)
    IRQ037_Handler                           0x00004241   Thumb Code    16  hc32_ll_interrupts.o(i.IRQ037_Handler)
    IRQ038_Handler                           0x00004255   Thumb Code    16  hc32_ll_interrupts.o(i.IRQ038_Handler)
    IRQ039_Handler                           0x00004269   Thumb Code    16  hc32_ll_interrupts.o(i.IRQ039_Handler)
    IRQ040_Handler                           0x0000427d   Thumb Code    16  hc32_ll_interrupts.o(i.IRQ040_Handler)
    IRQ041_Handler                           0x00004291   Thumb Code    16  hc32_ll_interrupts.o(i.IRQ041_Handler)
    IRQ042_Handler                           0x000042a5   Thumb Code    16  hc32_ll_interrupts.o(i.IRQ042_Handler)
    IRQ043_Handler                           0x000042b9   Thumb Code    16  hc32_ll_interrupts.o(i.IRQ043_Handler)
    IRQ044_Handler                           0x000042cd   Thumb Code    16  hc32_ll_interrupts.o(i.IRQ044_Handler)
    IRQ045_Handler                           0x000042e1   Thumb Code    16  hc32_ll_interrupts.o(i.IRQ045_Handler)
    IRQ046_Handler                           0x000042f5   Thumb Code    16  hc32_ll_interrupts.o(i.IRQ046_Handler)
    IRQ047_Handler                           0x00004309   Thumb Code    16  hc32_ll_interrupts.o(i.IRQ047_Handler)
    IRQ048_Handler                           0x0000431d   Thumb Code    16  hc32_ll_interrupts.o(i.IRQ048_Handler)
    IRQ049_Handler                           0x00004331   Thumb Code    16  hc32_ll_interrupts.o(i.IRQ049_Handler)
    IRQ050_Handler                           0x00004345   Thumb Code    16  hc32_ll_interrupts.o(i.IRQ050_Handler)
    IRQ051_Handler                           0x00004359   Thumb Code    16  hc32_ll_interrupts.o(i.IRQ051_Handler)
    IRQ052_Handler                           0x0000436d   Thumb Code    16  hc32_ll_interrupts.o(i.IRQ052_Handler)
    IRQ053_Handler                           0x00004381   Thumb Code    16  hc32_ll_interrupts.o(i.IRQ053_Handler)
    IRQ054_Handler                           0x00004395   Thumb Code    16  hc32_ll_interrupts.o(i.IRQ054_Handler)
    IRQ055_Handler                           0x000043a9   Thumb Code    16  hc32_ll_interrupts.o(i.IRQ055_Handler)
    IRQ056_Handler                           0x000043bd   Thumb Code    16  hc32_ll_interrupts.o(i.IRQ056_Handler)
    IRQ057_Handler                           0x000043d1   Thumb Code    16  hc32_ll_interrupts.o(i.IRQ057_Handler)
    IRQ058_Handler                           0x000043e5   Thumb Code    16  hc32_ll_interrupts.o(i.IRQ058_Handler)
    IRQ059_Handler                           0x000043f9   Thumb Code    16  hc32_ll_interrupts.o(i.IRQ059_Handler)
    IRQ060_Handler                           0x0000440d   Thumb Code    16  hc32_ll_interrupts.o(i.IRQ060_Handler)
    IRQ061_Handler                           0x00004421   Thumb Code    16  hc32_ll_interrupts.o(i.IRQ061_Handler)
    IRQ062_Handler                           0x00004435   Thumb Code    16  hc32_ll_interrupts.o(i.IRQ062_Handler)
    IRQ063_Handler                           0x00004449   Thumb Code    16  hc32_ll_interrupts.o(i.IRQ063_Handler)
    IRQ064_Handler                           0x0000445d   Thumb Code    16  hc32_ll_interrupts.o(i.IRQ064_Handler)
    IRQ065_Handler                           0x00004471   Thumb Code    16  hc32_ll_interrupts.o(i.IRQ065_Handler)
    IRQ066_Handler                           0x00004485   Thumb Code    16  hc32_ll_interrupts.o(i.IRQ066_Handler)
    IRQ067_Handler                           0x00004499   Thumb Code    16  hc32_ll_interrupts.o(i.IRQ067_Handler)
    IRQ068_Handler                           0x000044ad   Thumb Code    16  hc32_ll_interrupts.o(i.IRQ068_Handler)
    IRQ069_Handler                           0x000044c1   Thumb Code    16  hc32_ll_interrupts.o(i.IRQ069_Handler)
    IRQ070_Handler                           0x000044d5   Thumb Code    16  hc32_ll_interrupts.o(i.IRQ070_Handler)
    IRQ071_Handler                           0x000044e9   Thumb Code    16  hc32_ll_interrupts.o(i.IRQ071_Handler)
    IRQ072_Handler                           0x000044fd   Thumb Code    16  hc32_ll_interrupts.o(i.IRQ072_Handler)
    IRQ073_Handler                           0x00004511   Thumb Code    16  hc32_ll_interrupts.o(i.IRQ073_Handler)
    IRQ074_Handler                           0x00004525   Thumb Code    16  hc32_ll_interrupts.o(i.IRQ074_Handler)
    IRQ075_Handler                           0x00004539   Thumb Code    16  hc32_ll_interrupts.o(i.IRQ075_Handler)
    IRQ076_Handler                           0x0000454d   Thumb Code    16  hc32_ll_interrupts.o(i.IRQ076_Handler)
    IRQ077_Handler                           0x00004561   Thumb Code    16  hc32_ll_interrupts.o(i.IRQ077_Handler)
    IRQ078_Handler                           0x00004575   Thumb Code    16  hc32_ll_interrupts.o(i.IRQ078_Handler)
    IRQ079_Handler                           0x00004589   Thumb Code    16  hc32_ll_interrupts.o(i.IRQ079_Handler)
    IRQ080_Handler                           0x0000459d   Thumb Code    16  hc32_ll_interrupts.o(i.IRQ080_Handler)
    IRQ081_Handler                           0x000045b1   Thumb Code    16  hc32_ll_interrupts.o(i.IRQ081_Handler)
    IRQ082_Handler                           0x000045c5   Thumb Code    16  hc32_ll_interrupts.o(i.IRQ082_Handler)
    IRQ083_Handler                           0x000045d9   Thumb Code    16  hc32_ll_interrupts.o(i.IRQ083_Handler)
    IRQ084_Handler                           0x000045ed   Thumb Code    16  hc32_ll_interrupts.o(i.IRQ084_Handler)
    IRQ085_Handler                           0x00004601   Thumb Code    16  hc32_ll_interrupts.o(i.IRQ085_Handler)
    IRQ086_Handler                           0x00004615   Thumb Code    16  hc32_ll_interrupts.o(i.IRQ086_Handler)
    IRQ087_Handler                           0x00004629   Thumb Code    16  hc32_ll_interrupts.o(i.IRQ087_Handler)
    IRQ088_Handler                           0x0000463d   Thumb Code    16  hc32_ll_interrupts.o(i.IRQ088_Handler)
    IRQ089_Handler                           0x00004651   Thumb Code    16  hc32_ll_interrupts.o(i.IRQ089_Handler)
    IRQ090_Handler                           0x00004665   Thumb Code    16  hc32_ll_interrupts.o(i.IRQ090_Handler)
    IRQ091_Handler                           0x00004679   Thumb Code    16  hc32_ll_interrupts.o(i.IRQ091_Handler)
    IRQ092_Handler                           0x0000468d   Thumb Code    16  hc32_ll_interrupts.o(i.IRQ092_Handler)
    IRQ093_Handler                           0x000046a1   Thumb Code    16  hc32_ll_interrupts.o(i.IRQ093_Handler)
    IRQ094_Handler                           0x000046b5   Thumb Code    16  hc32_ll_interrupts.o(i.IRQ094_Handler)
    IRQ095_Handler                           0x000046c9   Thumb Code    16  hc32_ll_interrupts.o(i.IRQ095_Handler)
    IRQ096_Handler                           0x000046dd   Thumb Code    16  hc32_ll_interrupts.o(i.IRQ096_Handler)
    IRQ097_Handler                           0x000046f1   Thumb Code    16  hc32_ll_interrupts.o(i.IRQ097_Handler)
    IRQ098_Handler                           0x00004705   Thumb Code    16  hc32_ll_interrupts.o(i.IRQ098_Handler)
    IRQ099_Handler                           0x00004719   Thumb Code    16  hc32_ll_interrupts.o(i.IRQ099_Handler)
    IRQ100_Handler                           0x0000472d   Thumb Code    16  hc32_ll_interrupts.o(i.IRQ100_Handler)
    IRQ101_Handler                           0x00004741   Thumb Code    16  hc32_ll_interrupts.o(i.IRQ101_Handler)
    IRQ102_Handler                           0x00004755   Thumb Code    16  hc32_ll_interrupts.o(i.IRQ102_Handler)
    IRQ103_Handler                           0x00004769   Thumb Code    16  hc32_ll_interrupts.o(i.IRQ103_Handler)
    IRQ104_Handler                           0x0000477d   Thumb Code    16  hc32_ll_interrupts.o(i.IRQ104_Handler)
    IRQ105_Handler                           0x00004791   Thumb Code    16  hc32_ll_interrupts.o(i.IRQ105_Handler)
    IRQ106_Handler                           0x000047a5   Thumb Code    16  hc32_ll_interrupts.o(i.IRQ106_Handler)
    IRQ107_Handler                           0x000047b9   Thumb Code    16  hc32_ll_interrupts.o(i.IRQ107_Handler)
    IRQ108_Handler                           0x000047cd   Thumb Code    16  hc32_ll_interrupts.o(i.IRQ108_Handler)
    IRQ109_Handler                           0x000047e1   Thumb Code    16  hc32_ll_interrupts.o(i.IRQ109_Handler)
    IRQ110_Handler                           0x000047f5   Thumb Code    16  hc32_ll_interrupts.o(i.IRQ110_Handler)
    IRQ111_Handler                           0x00004809   Thumb Code    16  hc32_ll_interrupts.o(i.IRQ111_Handler)
    IRQ112_Handler                           0x0000481d   Thumb Code    16  hc32_ll_interrupts.o(i.IRQ112_Handler)
    IRQ113_Handler                           0x00004831   Thumb Code    16  hc32_ll_interrupts.o(i.IRQ113_Handler)
    IRQ114_Handler                           0x00004845   Thumb Code    16  hc32_ll_interrupts.o(i.IRQ114_Handler)
    IRQ115_Handler                           0x00004859   Thumb Code    16  hc32_ll_interrupts.o(i.IRQ115_Handler)
    IRQ116_Handler                           0x0000486d   Thumb Code    16  hc32_ll_interrupts.o(i.IRQ116_Handler)
    IRQ117_Handler                           0x00004881   Thumb Code    16  hc32_ll_interrupts.o(i.IRQ117_Handler)
    IRQ118_Handler                           0x00004895   Thumb Code    16  hc32_ll_interrupts.o(i.IRQ118_Handler)
    IRQ119_Handler                           0x000048a9   Thumb Code    16  hc32_ll_interrupts.o(i.IRQ119_Handler)
    IRQ120_Handler                           0x000048bd   Thumb Code    16  hc32_ll_interrupts.o(i.IRQ120_Handler)
    IRQ121_Handler                           0x000048d1   Thumb Code    16  hc32_ll_interrupts.o(i.IRQ121_Handler)
    IRQ122_Handler                           0x000048e5   Thumb Code    16  hc32_ll_interrupts.o(i.IRQ122_Handler)
    IRQ123_Handler                           0x000048f9   Thumb Code    16  hc32_ll_interrupts.o(i.IRQ123_Handler)
    IRQ124_Handler                           0x0000490d   Thumb Code    16  hc32_ll_interrupts.o(i.IRQ124_Handler)
    IRQ125_Handler                           0x00004921   Thumb Code    16  hc32_ll_interrupts.o(i.IRQ125_Handler)
    IRQ126_Handler                           0x00004935   Thumb Code    16  hc32_ll_interrupts.o(i.IRQ126_Handler)
    IRQ127_Handler                           0x00004949   Thumb Code    16  hc32_ll_interrupts.o(i.IRQ127_Handler)
    IsCurDefaultSession                      0x000049e5   Thumb Code    18  app_uds_cfg.o(i.IsCurDefaultSession)
    IsCurRxIdCanRequest                      0x000049fd   Thumb Code    26  app_uds_cfg.o(i.IsCurRxIdCanRequest)
    IsCurSecurityLevelRequet                 0x00004a1d   Thumb Code    26  app_uds_cfg.o(i.IsCurSecurityLevelRequet)
    IsCurSeesionCanRequest                   0x00004a3d   Thumb Code    26  app_uds_cfg.o(i.IsCurSeesionCanRequest)
    IsRequestEnterBootloader                 0x00004b19   Thumb Code    32  app_boot_cfg.o(i.IsRequestEnterBootloader)
    IsS3ServerTimeout                        0x00004b6d   Thumb Code    16  app_uds_cfg.o(i.IsS3ServerTimeout)
    LL_PERIPH_WE                             0x00004bb9   Thumb Code   122  hc32_ll.o(i.LL_PERIPH_WE)
    LL_PERIPH_WP                             0x00004c49   Thumb Code   114  hc32_ll.o(i.LL_PERIPH_WP)
    PWC_HighSpeedToHighPerformance           0x00004cd1   Thumb Code    68  hc32_ll_pwc.o(i.PWC_HighSpeedToHighPerformance)
    ReadDataFromFifo                         0x00004dbf   Thumb Code   214  multi_cyc_fifo.o(i.ReadDataFromFifo)
    ReadFlashMemory                          0x00004e95   Thumb Code    34  flash.o(i.ReadFlashMemory)
    RegisterFrameReceivedCallback            0x00004ef5   Thumb Code     6  uart.o(i.RegisterFrameReceivedCallback)
    RestartS3Server                          0x000050d5   Thumb Code    18  app_uds_cfg.o(i.RestartS3Server)
    SRAM_SetWaitCycle                        0x00005199   Thumb Code   182  hc32_ll_sram.o(i.SRAM_SetWaitCycle)
    SaveRequestIdType                        0x00005275   Thumb Code    44  app_uds_cfg.o(i.SaveRequestIdType)
    SendMsgMainFun                           0x00005361   Thumb Code    62  main.o(i.SendMsgMainFun)
    SetCurrentSession                        0x000053a5   Thumb Code     6  app_uds_cfg.o(i.SetCurrentSession)
    SetDownloadAppSuccessful                 0x000053b1   Thumb Code    28  app_boot_cfg.o(i.SetDownloadAppSuccessful)
    SetIsRxUdsMsg                            0x000053d1   Thumb Code    18  app_uds_cfg.o(i.SetIsRxUdsMsg)
    SetNegativeErroCode                      0x000053e9   Thumb Code    14  app_uds_cfg.o(i.SetNegativeErroCode)
    SetSecurityLevel                         0x000053f9   Thumb Code     6  app_uds_cfg.o(i.SetSecurityLevel)
    SystemCoreClockUpdate                    0x00005aad   Thumb Code   174  system_hc32f460.o(i.SystemCoreClockUpdate)
    SystemInit                               0x00005b79   Thumb Code    28  system_hc32f460.o(i.SystemInit)
    TIMER0_GetTimerTickCnt                   0x00005d0d   Thumb Code    24  time.o(i.TIMER0_GetTimerTickCnt)
    TMR0_ClearStatus                         0x00005d29   Thumb Code    70  hc32_ll_tmr0.o(i.TMR0_ClearStatus)
    TMR0_GetCountValue                       0x00005d99   Thumb Code    66  hc32_ll_tmr0.o(i.TMR0_GetCountValue)
    TMR0_HWStopCondCmd                       0x00005e05   Thumb Code   114  hc32_ll_tmr0.o(i.TMR0_HWStopCondCmd)
    TMR0_Init                                0x00005ea1   Thumb Code   284  hc32_ll_tmr0.o(i.TMR0_Init)
    TMR0_IntCmd                              0x00005fe5   Thumb Code   104  hc32_ll_tmr0.o(i.TMR0_IntCmd)
    TMR0_Start                               0x00006075   Thumb Code    66  hc32_ll_tmr0.o(i.TMR0_Start)
    TMR0_StructInit                          0x000060e1   Thumb Code    26  hc32_ll_tmr0.o(i.TMR0_StructInit)
    TP_DoTransmittedAFrameMsgCallBack        0x000060fd   Thumb Code    26  hal_tp_cfg.o(i.TP_DoTransmittedAFrameMsgCallBack)
    TP_GetConfigRxMsgFUNID                   0x0000611d   Thumb Code    14  hal_tp_cfg.o(i.TP_GetConfigRxMsgFUNID)
    TP_GetConfigRxMsgPHYID                   0x0000612b   Thumb Code    14  hal_tp_cfg.o(i.TP_GetConfigRxMsgPHYID)
    TP_GetConfigTxMsgID                      0x00006139   Thumb Code    14  hal_tp_cfg.o(i.TP_GetConfigTxMsgID)
    TP_ReadAFrameDataFromTP                  0x00006147   Thumb Code   128  hal_tp.o(i.TP_ReadAFrameDataFromTP)
    TP_RegisterAbortTxMsg                    0x000061c7   Thumb Code    12  hal_tp_cfg.o(i.TP_RegisterAbortTxMsg)
    TP_RegisterTransmittedAFrmaeMsgCallBack  0x000061d5   Thumb Code     6  hal_tp_cfg.o(i.TP_RegisterTransmittedAFrmaeMsgCallBack)
    TP_WriteAFrameDataInTP                   0x000061e1   Thumb Code   134  hal_tp.o(i.TP_WriteAFrameDataInTP)
    Timer0_Init_Template                     0x00006281   Thumb Code    22  time.o(i.Timer0_Init_Template)
    UDS_ALG_AddSWTimerTickCnt                0x000072b1   Thumb Code    12  app_uds_alg.o(i.UDS_ALG_AddSWTimerTickCnt)
    UDS_ALG_DecryptData                      0x000072c1   Thumb Code    30  app_uds_alg.o(i.UDS_ALG_DecryptData)
    UDS_ALG_GetRandom                        0x000072e5   Thumb Code   120  app_uds_alg.o(i.UDS_ALG_GetRandom)
    UDS_ALG_Init                             0x00007361   Thumb Code     2  app_uds_alg.o(i.UDS_ALG_Init)
    UDS_GetUDSS3WatermarkTimerMs             0x00007365   Thumb Code    16  app_uds_cfg.o(i.UDS_GetUDSS3WatermarkTimerMs)
    UDS_Init                                 0x00007379   Thumb Code    24  app_uds.o(i.UDS_Init)
    UDS_MAIN_Init                            0x00007399   Thumb Code    46  app_bootloader.o(i.UDS_MAIN_Init)
    UDS_MAIN_Process                         0x000073c7   Thumb Code    44  app_bootloader.o(i.UDS_MAIN_Process)
    UDS_MainFun                              0x000073f3   Thumb Code   312  app_uds.o(i.UDS_MainFun)
    UDS_SystemTickCtl                        0x0000752d   Thumb Code    60  app_uds_cfg.o(i.UDS_SystemTickCtl)
    UDS_TxMsgToHost                          0x0000756d   Thumb Code    70  app_uds_cfg.o(i.UDS_TxMsgToHost)
    USART_ClearStatus                        0x000075b9   Thumb Code   108  hc32_ll_usart.o(i.USART_ClearStatus)
    USART_FuncCmd                            0x00007659   Thumb Code   124  hc32_ll_usart.o(i.USART_FuncCmd)
    USART_GetStatus                          0x00007721   Thumb Code    88  hc32_ll_usart.o(i.USART_GetStatus)
    USART_ReadData                           0x00007829   Thumb Code    48  hc32_ll_usart.o(i.USART_ReadData)
    USART_SendMessage                        0x000078e9   Thumb Code    62  uart.o(i.USART_SendMessage)
    USART_SetBaudrate                        0x0000792d   Thumb Code   206  hc32_ll_usart.o(i.USART_SetBaudrate)
    USART_UART_Init                          0x00007a31   Thumb Code   436  hc32_ll_usart.o(i.USART_UART_Init)
    USART_UART_StructInit                    0x00007c15   Thumb Code    46  hc32_ll_usart.o(i.USART_UART_StructInit)
    USART_UART_Trans                         0x00007c45   Thumb Code   160  hc32_ll_usart.o(i.USART_UART_Trans)
    USART_WriteData                          0x00007dcd   Thumb Code    72  hc32_ll_usart.o(i.USART_WriteData)
    Uart_Init                                0x00007e45   Thumb Code   140  uart.o(i.Uart_Init)
    Uart_Rx_Message                          0x00007edd   Thumb Code    68  uart.o(i.Uart_Rx_Message)
    WDT_Config                               0x00007f25   Thumb Code    38  wdt.o(i.WDT_Config)
    WDT_FeedDog                              0x00007f4d   Thumb Code    16  hc32_ll_wdt.o(i.WDT_FeedDog)
    WDT_Init                                 0x00007f61   Thumb Code   338  hc32_ll_wdt.o(i.WDT_Init)
    WriteDataInFifo                          0x0000811b   Thumb Code   186  multi_cyc_fifo.o(i.WriteDataInFifo)
    __scatterload_copy                       0x000081d5   Thumb Code    14  handlers.o(i.__scatterload_copy)
    __scatterload_null                       0x000081e3   Thumb Code     2  handlers.o(i.__scatterload_null)
    __scatterload_zeroinit                   0x000081e5   Thumb Code    14  handlers.o(i.__scatterload_zeroinit)
    deAes                                    0x000082e5   Thumb Code   166  aes.o(i.deAes)
    main                                     0x00008721   Thumb Code    20  main.o(i.main)
    g_astRxMsgConfig                         0x000087e8   Data          16  hal_uart.o(.constdata)
    g_ucRxCANMsgIDNum                        0x000087f8   Data           1  hal_uart.o(.constdata)
    g_stUARTUdsNetLayerCfgInfo               0x000087fc   Data          48  hal_uart_tp_cfg.o(.constdata)
    gs_astFlashDriverBlock                   0x00008a90   Data           8  hal_flash_cfg.o(.constdata)
    gs_astBlockNumA                          0x00008a98   Data           8  hal_flash_cfg.o(.constdata)
    gs_blockNumA                             0x00008aa0   Data           4  hal_flash_cfg.o(.constdata)
    gs_astBlockNumAppInfo                    0x00008aa4   Data          16  hal_flash_cfg.o(.constdata)
    gs_blockNumAppInfo                       0x00008ab4   Data           4  hal_flash_cfg.o(.constdata)
    gs_astBlockNumB                          0x00008ab8   Data           8  hal_flash_cfg.o(.constdata)
    gs_blockNumB                             0x00008ac0   Data           4  hal_flash_cfg.o(.constdata)
    gs_stUdsAppCfg                           0x000093a4   Data           6  app_uds_cfg.o(.constdata)
    Region$$Table$$Base                      0x00009414   Number         0  anon$$obj.o(Region$$Table)
    Region$$Table$$Limit                     0x00009434   Number         0  anon$$obj.o(Region$$Table)
    SystemCoreClock                          0x1fff8000   Data           4  system_hc32f460.o(.bss.noinit)
    HRC_VALUE                                0x1fff8004   Data           4  system_hc32f460.o(.bss.noinit)
    g_stTxMsgConfig                          0x1fff8024   Data          12  hal_uart.o(.data)
    gs_stJumpAPPDelayTimeInfo                0x1fff807c   Data           8  app_uds_cfg.o(.data)
    JumpAddress                              0x1fff8088   Data           4  app_boot_cfg.o(.data)
    JumpToApplication                        0x1fff808c   Data           4  app_boot_cfg.o(.data)
    __initial_sp                             0x1fffc048   Data           0  startup_hc32f460.o(STACK)



==============================================================================

Memory Map of the image

  Image Entry point : 0x00000281

  Load Region LR_IROM1 (Base: 0x00000000, Size: 0x000094bc, Max: 0x00010000, ABSOLUTE)

    Execution Region ER_IROM1 (Exec base: 0x00000000, Load base: 0x00000000, Size: 0x00009434, Max: 0x00010000, ABSOLUTE)

    Exec Addr    Load Addr    Size         Type   Attr      Idx    E Section Name        Object

    0x00000000   0x00000000   0x00000280   Data   RO            5    RESET               startup_hc32f460.o
    0x00000280   0x00000280   0x00000000   Code   RO         7153  * .ARM.Collect$$$$00000000  mc_w.l(entry.o)
    0x00000280   0x00000280   0x00000004   Code   RO         7172    .ARM.Collect$$$$00000001  mc_w.l(entry2.o)
    0x00000284   0x00000284   0x00000004   Code   RO         7175    .ARM.Collect$$$$00000004  mc_w.l(entry5.o)
    0x00000288   0x00000288   0x00000000   Code   RO         7177    .ARM.Collect$$$$00000008  mc_w.l(entry7b.o)
    0x00000288   0x00000288   0x00000000   Code   RO         7179    .ARM.Collect$$$$0000000A  mc_w.l(entry8b.o)
    0x00000288   0x00000288   0x00000008   Code   RO         7180    .ARM.Collect$$$$0000000B  mc_w.l(entry9a.o)
    0x00000290   0x00000290   0x00000004   Code   RO         7187    .ARM.Collect$$$$0000000E  mc_w.l(entry12b.o)
    0x00000294   0x00000294   0x00000000   Code   RO         7182    .ARM.Collect$$$$0000000F  mc_w.l(entry10a.o)
    0x00000294   0x00000294   0x00000000   Code   RO         7184    .ARM.Collect$$$$00000011  mc_w.l(entry11a.o)
    0x00000294   0x00000294   0x00000004   Code   RO         7173    .ARM.Collect$$$$00002712  mc_w.l(entry2.o)
    0x00000298   0x00000298   0x00000074   Code   RO            6    .text               startup_hc32f460.o
    0x0000030c   0x0000030c   0x00000062   Code   RO         7156    .text               mc_w.l(uldiv.o)
    0x0000036e   0x0000036e   0x00000024   Code   RO         7158    .text               mc_w.l(memcpya.o)
    0x00000392   0x00000392   0x00000024   Code   RO         7160    .text               mc_w.l(memseta.o)
    0x000003b6   0x000003b6   0x0000001a   Code   RO         7166    .text               mf_w.l(dfltui.o)
    0x000003d0   0x000003d0   0x00000018   Code   RO         7168    .text               mf_w.l(dfltul.o)
    0x000003e8   0x000003e8   0x00000000   Code   RO         7192    .text               mc_w.l(iusefp.o)
    0x000003e8   0x000003e8   0x00000002   Code   RO           86    i.BSP_AbortCANTxMsg  main.o
    0x000003ea   0x000003ea   0x00000006   Code   RO         4535    i.BSP_ReadFlashByte  flash.o
    0x000003f0   0x000003f0   0x00000008   Code   RO         4595    i.BSP_WDT_FeedDog   wdt.o
    0x000003f8   0x000003f8   0x00000004   Code   RO         5383    i.CRC_HAL_Init      hal_crc.o
    0x000003fc   0x000003fc   0x00000004   Code   RO         4012    i.DDL_AssertHandler  hc32_ll_utility.o
    0x00000400   0x00000400   0x00000020   Data   RO         1698    .ARM.__AT_0x00000400  hc32_ll_icg.o
    0x00000420   0x00000420   0x000000de   Code   RO         7164    .text               mf_w.l(ddiv.o)
    0x000004fe   0x000004fe   0x00000038   Code   RO         7170    .text               mf_w.l(d2f.o)
    0x00000536   0x00000536   0x0000001e   Code   RO         7188    .text               mc_w.l(llshl.o)
    0x00000554   0x00000554   0x00000020   Code   RO         7190    .text               mc_w.l(llushr.o)
    0x00000574   0x00000574   0x0000006e   Code   RO         7193    .text               mf_w.l(fepilogue.o)
    0x000005e2   0x000005e2   0x000000ba   Code   RO         7195    .text               mf_w.l(depilogue.o)
    0x0000069c   0x0000069c   0x00000024   Code   RO         7197    .text               mc_w.l(init.o)
    0x000006c0   0x000006c0   0x0000003e   Code   RO         5046    i.AddInList         multi_cyc_fifo.o
    0x000006fe   0x000006fe   0x00000002   PAD
    0x00000700   0x00000700   0x000000f0   Code   RO         5047    i.ApplyFifo         multi_cyc_fifo.o
    0x000007f0   0x000007f0   0x000000d0   Code   RO         4195    i.BSP_CLK_Init      ev_hc32f460_lqfp100_v2.o
    0x000008c0   0x000008c0   0x00000020   Code   RO         4532    i.BSP_EraseFlashSector  flash.o
    0x000008e0   0x000008e0   0x00000030   Code   RO           87    i.BSP_Init          main.o
    0x00000910   0x00000910   0x00000038   Code   RO         4534    i.BSP_InitFlashAPI  flash.o
    0x00000948   0x00000948   0x00000028   Code   RO         4204    i.BSP_KEY_KEY10_IrqHandler  ev_hc32f460_lqfp100_v2.o
    0x00000970   0x00000970   0x00000024   Code   RO         4594    i.BSP_SW_RESTT      wdt.o
    0x00000994   0x00000994   0x0000001c   Code   RO         4407    i.BSP_TIMER_Is100msTickTimeout  time.o
    0x000009b0   0x000009b0   0x0000001c   Code   RO         4408    i.BSP_TIMER_Is1msTickTimeout  time.o
    0x000009cc   0x000009cc   0x00000024   Code   RO         4536    i.BSP_WriteFlash    flash.o
    0x000009f0   0x000009f0   0x000000f4   Code   RO         4211    i.BSP_XTAL32_Init   ev_hc32f460_lqfp100_v2.o
    0x00000ae4   0x00000ae4   0x00000094   Code   RO         4695    i.BT615Init         bt615.o
    0x00000b78   0x00000b78   0x00000020   Code   RO         7001    i.Boot_CalculateInfoCRC  app_boot_cfg.o
    0x00000b98   0x00000b98   0x0000001e   Code   RO         6875    i.Boot_CheckReqBootloaderMode  app_boot.o
    0x00000bb6   0x00000bb6   0x00000018   Code   RO         6876    i.Boot_IsAPPValid   app_boot.o
    0x00000bce   0x00000bce   0x00000002   PAD
    0x00000bd0   0x00000bd0   0x00000024   Code   RO         7002    i.Boot_IsInfoValid  app_boot_cfg.o
    0x00000bf4   0x00000bf4   0x0000004c   Code   RO         7004    i.Boot_JumpToApp    app_boot_cfg.o
    0x00000c40   0x00000c40   0x00000022   Code   RO         6877    i.Boot_JumpToAppOrNot  app_boot.o
    0x00000c62   0x00000c62   0x00000002   PAD
    0x00000c64   0x00000c64   0x00000054   Code   RO          403    i.CLK_GetStableStatus  hc32_ll_clk.o
    0x00000cb8   0x00000cb8   0x000000bc   Code   RO          413    i.CLK_PLLCmd        hc32_ll_clk.o
    0x00000d74   0x00000d74   0x00000298   Code   RO          414    i.CLK_PLLInit       hc32_ll_clk.o
    0x0000100c   0x0000100c   0x00000052   Code   RO          415    i.CLK_PLLStructInit  hc32_ll_clk.o
    0x0000105e   0x0000105e   0x00000014   Code   RO          419    i.CLK_SetClockDiv   hc32_ll_clk.o
    0x00001072   0x00001072   0x00000010   Code   RO          423    i.CLK_SetSysClockSrc  hc32_ll_clk.o
    0x00001082   0x00001082   0x00000030   Code   RO          427    i.CLK_WaitStable    hc32_ll_clk.o
    0x000010b2   0x000010b2   0x00000002   PAD
    0x000010b4   0x000010b4   0x00000090   Code   RO          428    i.CLK_Xtal32Cmd     hc32_ll_clk.o
    0x00001144   0x00001144   0x000000c8   Code   RO          429    i.CLK_Xtal32Init    hc32_ll_clk.o
    0x0000120c   0x0000120c   0x00000014   Code   RO          430    i.CLK_Xtal32StructInit  hc32_ll_clk.o
    0x00001220   0x00001220   0x000000b8   Code   RO          431    i.CLK_XtalCmd       hc32_ll_clk.o
    0x000012d8   0x000012d8   0x00000138   Code   RO          432    i.CLK_XtalInit      hc32_ll_clk.o
    0x00001410   0x00001410   0x0000001e   Code   RO          435    i.CLK_XtalStructInit  hc32_ll_clk.o
    0x0000142e   0x0000142e   0x00000014   Code   RO         5380    i.CRC_HAL_CreatHardwareCrc  hal_crc.o
    0x00001442   0x00001442   0x00000014   Code   RO         5381    i.CRC_HAL_CreatSoftwareCrc  hal_crc.o
    0x00001456   0x00001456   0x00000002   PAD
    0x00001458   0x00001458   0x0000001c   Code   RO         4807    i.CheckUARTTranmittedStatus  hal_uart.o
    0x00001474   0x00001474   0x00000034   Code   RO         5048    i.ClearFIFO         multi_cyc_fifo.o
    0x000014a8   0x000014a8   0x00000020   Code   RO         7006    i.ClearRequestEnterBootloaderFlag  app_boot_cfg.o
    0x000014c8   0x000014c8   0x00000204   Code   RO         3747    i.ClockSync_CalculateBrr  hc32_ll_usart.o
    0x000016cc   0x000016cc   0x00000044   Code   RO         6505    i.CommunicationControl  app_uds_cfg.o
    0x00001710   0x00001710   0x00000038   Code   RO         4319    i.Compare_Received_Data  uart.o
    0x00001748   0x00001748   0x00000044   Code   RO         6506    i.ControlDTCSetting  app_uds_cfg.o
    0x0000178c   0x0000178c   0x00000030   Code   RO         5384    i.CreatSoftwareCrc16  hal_crc.o
    0x000017bc   0x000017bc   0x00000040   Code   RO         4013    i.DDL_DelayMS       hc32_ll_utility.o
    0x000017fc   0x000017fc   0x00000040   Code   RO         4014    i.DDL_DelayUS       hc32_ll_utility.o
    0x0000183c   0x0000183c   0x0000009c   Code   RO         6507    i.DigSession        app_uds_cfg.o
    0x000018d8   0x000018d8   0x00000066   Code   RO         5968    i.DoCheckNewestAPPCnt  app_flash.o
    0x0000193e   0x0000193e   0x00000078   Code   RO         5969    i.DoCheckNewestAPPInfo  app_flash.o
    0x000019b6   0x000019b6   0x00000022   Code   RO         6508    i.DoCheckProgrammingDependency  app_uds_cfg.o
    0x000019d8   0x000019d8   0x0000001c   Code   RO         6509    i.DoCheckSum        app_uds_cfg.o
    0x000019f4   0x000019f4   0x0000001c   Code   RO         6510    i.DoEraseFlash      app_uds_cfg.o
    0x00001a10   0x00001a10   0x00000068   Code   RO         6511    i.DoEraseFlashResponse  app_uds_cfg.o
    0x00001a78   0x00001a78   0x00000010   Code   RO         6512    i.DoResetMCU        app_uds_cfg.o
    0x00001a88   0x00001a88   0x00000068   Code   RO         6513    i.DoResponseChecksum  app_uds_cfg.o
    0x00001af0   0x00001af0   0x000000ac   Code   RO          788    i.EFM_SetWaitCycle  hc32_ll_efm.o
    0x00001b9c   0x00001b9c   0x00000058   Code   RO         1719    i.EXTINT_ClearExtIntStatus  hc32_ll_interrupts.o
    0x00001bf4   0x00001bf4   0x00000090   Code   RO         1017    i.FCG_Fcg0PeriphClockCmd  hc32_ll_fcg.o
    0x00001c84   0x00001c84   0x00000078   Code   RO         1018    i.FCG_Fcg1PeriphClockCmd  hc32_ll_fcg.o
    0x00001cfc   0x00001cfc   0x00000078   Code   RO         1019    i.FCG_Fcg2PeriphClockCmd  hc32_ll_fcg.o
    0x00001d74   0x00001d74   0x00000050   Code   RO         1059    i.FCM_ClearStatus   hc32_ll_fcm.o
    0x00001dc4   0x00001dc4   0x00000044   Code   RO         1060    i.FCM_Cmd           hc32_ll_fcm.o
    0x00001e08   0x00001e08   0x00000030   Code   RO         1061    i.FCM_DeInit        hc32_ll_fcm.o
    0x00001e38   0x00001e38   0x00000054   Code   RO         1063    i.FCM_GetStatus     hc32_ll_fcm.o
    0x00001e8c   0x00001e8c   0x000001cc   Code   RO         1064    i.FCM_Init          hc32_ll_fcm.o
    0x00002058   0x00002058   0x00000026   Code   RO         1069    i.FCM_StructInit    hc32_ll_fcm.o
    0x0000207e   0x0000207e   0x00000002   PAD
    0x00002080   0x00002080   0x0000004c   Code   RO         5970    i.FLASH_APP_Init    app_flash.o
    0x000020cc   0x000020cc   0x0000003c   Code   RO         5049    i.FindFifo          multi_cyc_fifo.o
    0x00002108   0x00002108   0x000000a4   Code   RO         5971    i.FlashChecksum     app_flash.o
    0x000021ac   0x000021ac   0x00000370   Code   RO         5972    i.FlashErase        app_flash.o
    0x0000251c   0x0000251c   0x0000019c   Code   RO         5973    i.FlashWrite        app_flash.o
    0x000026b8   0x000026b8   0x00000026   Code   RO         5974    i.Flash_EraseFlashDriverInRAM  app_flash.o
    0x000026de   0x000026de   0x00000026   Code   RO         5975    i.Flash_EraseFlashDriverInRAM_Inline  app_flash.o
    0x00002704   0x00002704   0x0000003c   Code   RO         5976    i.Flash_GetAPPVersion  app_flash.o
    0x00002740   0x00002740   0x0000000c   Code   RO         5977    i.Flash_GetCurDownloadStep  app_flash.o
    0x0000274c   0x0000274c   0x00000046   Code   RO         5978    i.Flash_GetNewestAPPType  app_flash.o
    0x00002792   0x00002792   0x00000058   Code   RO         5979    i.Flash_GetOldAPPType  app_flash.o
    0x000027ea   0x000027ea   0x00000002   PAD
    0x000027ec   0x000027ec   0x0000000c   Code   RO         5980    i.Flash_GetOperateFlashActiveJob  app_flash.o
    0x000027f8   0x000027f8   0x0000000c   Code   RO         5981    i.Flash_GetResetHandlerAddr  app_flash.o
    0x00002804   0x00002804   0x00000054   Code   RO         5982    i.Flash_InitDowloadInfo  app_flash.o
    0x00002858   0x00002858   0x00000054   Code   RO         5983    i.Flash_InitDowloadInfo_Inline  app_flash.o
    0x000028ac   0x000028ac   0x00000024   Code   RO         5984    i.Flash_IsAppInFlashValid  app_flash.o
    0x000028d0   0x000028d0   0x0000002c   Code   RO         5985    i.Flash_IsReadAppInfoFromFlashValid  app_flash.o
    0x000028fc   0x000028fc   0x00000104   Code   RO         5986    i.Flash_OperateMainFunction  app_flash.o
    0x00002a00   0x00002a00   0x00000080   Code   RO         5987    i.Flash_ProgramRegion  app_flash.o
    0x00002a80   0x00002a80   0x00000018   Code   RO         5988    i.Flash_SaveDownloadDataInfo  app_flash.o
    0x00002a98   0x00002a98   0x00000048   Code   RO         5989    i.Flash_SaveFingerPrint  app_flash.o
    0x00002ae0   0x00002ae0   0x0000000c   Code   RO         5990    i.Flash_SavedReceivedCheckSumCrc  app_flash.o
    0x00002aec   0x00002aec   0x0000000c   Code   RO         5991    i.Flash_SetNextDownloadStep  app_flash.o
    0x00002af8   0x00002af8   0x0000000c   Code   RO         5992    i.Flash_SetNextDownloadStep_Inline  app_flash.o
    0x00002b04   0x00002b04   0x00000018   Code   RO         5993    i.Flash_SetOperateFlashActiveJob  app_flash.o
    0x00002b1c   0x00002b1c   0x00000018   Code   RO         5994    i.Flash_SetOperateFlashActiveJob_Inline  app_flash.o
    0x00002b34   0x00002b34   0x00000120   Code   RO         5995    i.Flash_WriteFlashAppInfo  app_flash.o
    0x00002c54   0x00002c54   0x0000000c   Code   RO         4808    i.FrameReceivedCallbackHandler  hal_uart.o
    0x00002c60   0x00002c60   0x0000001a   Code   RO         4696    i.Fscbt615_Disconnect_Set  bt615.o
    0x00002c7a   0x00002c7a   0x0000001e   Code   RO         4697    i.Fscbt615_Power_Set  bt615.o
    0x00002c98   0x00002c98   0x0000001a   Code   RO         4698    i.Fscbt615_Reset_Set  bt615.o
    0x00002cb2   0x00002cb2   0x0000001a   Code   RO         4699    i.Fscbt615_Trans_Mode_Set  bt615.o
    0x00002ccc   0x00002ccc   0x0000001a   Code   RO         4700    i.Fscbt615_Work_Mode_Set  bt615.o
    0x00002ce6   0x00002ce6   0x00000070   Code   RO         5622    i.GFMul             aes.o
    0x00002d56   0x00002d56   0x00000016   Code   RO         5623    i.GFMul11           aes.o
    0x00002d6c   0x00002d6c   0x00000016   Code   RO         5624    i.GFMul12           aes.o
    0x00002d82   0x00002d82   0x0000000e   Code   RO         5625    i.GFMul13           aes.o
    0x00002d90   0x00002d90   0x00000016   Code   RO         5626    i.GFMul14           aes.o
    0x00002da6   0x00002da6   0x00000012   Code   RO         5627    i.GFMul2            aes.o
    0x00002db8   0x00002db8   0x0000000e   Code   RO         5628    i.GFMul3            aes.o
    0x00002dc6   0x00002dc6   0x00000012   Code   RO         5629    i.GFMul4            aes.o
    0x00002dd8   0x00002dd8   0x00000012   Code   RO         5630    i.GFMul8            aes.o
    0x00002dea   0x00002dea   0x0000000e   Code   RO         5631    i.GFMul9            aes.o
    0x00002df8   0x00002df8   0x000000ac   Code   RO         1143    i.GPIO_AnalogCmd    hc32_ll_gpio.o
    0x00002ea4   0x00002ea4   0x000001f0   Code   RO         1146    i.GPIO_Init         hc32_ll_gpio.o
    0x00003094   0x00003094   0x0000007c   Code   RO         1149    i.GPIO_ReadInputPins  hc32_ll_gpio.o
    0x00003110   0x00003110   0x00000078   Code   RO         1153    i.GPIO_ResetPins    hc32_ll_gpio.o
    0x00003188   0x00003188   0x000000e0   Code   RO         1155    i.GPIO_SetFunc      hc32_ll_gpio.o
    0x00003268   0x00003268   0x00000078   Code   RO         1156    i.GPIO_SetPins      hc32_ll_gpio.o
    0x000032e0   0x000032e0   0x00000080   Code   RO         1157    i.GPIO_SetReadWaitCycle  hc32_ll_gpio.o
    0x00003360   0x00003360   0x00000020   Code   RO         1159    i.GPIO_StructInit   hc32_ll_gpio.o
    0x00003380   0x00003380   0x00000078   Code   RO         5050    i.GetCanReadLen     multi_cyc_fifo.o
    0x000033f8   0x000033f8   0x00000076   Code   RO         5051    i.GetCanWriteLen    multi_cyc_fifo.o
    0x0000346e   0x0000346e   0x0000005e   Code   RO         5101    i.GetRXFFFrameMsgLength  hal_uart_tp.o
    0x000034cc   0x000034cc   0x0000004a   Code   RO         5102    i.GetRXSFFrameMsgLength  hal_uart_tp.o
    0x00003516   0x00003516   0x00000002   PAD
    0x00003518   0x00003518   0x00000010   Code   RO         6514    i.GetUDSServiceInfo  app_uds_cfg.o
    0x00003528   0x00003528   0x0000000c   Code   RO         6515    i.GetUdsS3ServerTime  app_uds_cfg.o
    0x00003534   0x00003534   0x0000000c   Code   RO         6516    i.GetUdsSecurityReqLockTime  app_uds_cfg.o
    0x00003540   0x00003540   0x00000082   Code   RO         5472    i.HAL_FLASH_APPAddrCheck  hal_flash_cfg.o
    0x000035c2   0x000035c2   0x00000002   Code   RO         5420    i.HAL_FLASH_Deinit  hal_flash.o
    0x000035c4   0x000035c4   0x0000002c   Code   RO         5421    i.HAL_FLASH_EraseSector  hal_flash.o
    0x000035f0   0x000035f0   0x00000006   Code   RO         5473    i.HAL_FLASH_Get1SectorBytes  hal_flash_cfg.o
    0x000035f6   0x000035f6   0x00000002   PAD
    0x000035f8   0x000035f8   0x00000040   Code   RO         5474    i.HAL_FLASH_GetAPPInfo  hal_flash_cfg.o
    0x00003638   0x00003638   0x0000003c   Code   RO         5475    i.HAL_FLASH_GetAPPInfo_Info  hal_flash_cfg.o
    0x00003674   0x00003674   0x00000004   Code   RO         5477    i.HAL_FLASH_GetEraseFlashASectorMaxTimeMs  hal_flash_cfg.o
    0x00003678   0x00003678   0x0000002c   Code   RO         5478    i.HAL_FLASH_GetFlashConfigInfo  hal_flash_cfg.o
    0x000036a4   0x000036a4   0x0000002c   Code   RO         5479    i.HAL_FLASH_GetFlashConfigInfo_Inline  hal_flash_cfg.o
    0x000036d0   0x000036d0   0x00000018   Code   RO         5480    i.HAL_FLASH_GetFlashDriverInfo  hal_flash_cfg.o
    0x000036e8   0x000036e8   0x00000040   Code   RO         5481    i.HAL_FLASH_GetFlashLengthToSectors  hal_flash_cfg.o
    0x00003728   0x00003728   0x00000040   Code   RO         5482    i.HAL_FLASH_GetFlashLengthToSectors_Inline  hal_flash_cfg.o
    0x00003768   0x00003768   0x0000001c   Code   RO         5483    i.HAL_FLASH_GetResetHandlerInfo  hal_flash_cfg.o
    0x00003784   0x00003784   0x00000004   Code   RO         5484    i.HAL_FLASH_GetResetHandlerLen  hal_flash_cfg.o
    0x00003788   0x00003788   0x00000004   Code   RO         5485    i.HAL_FLASH_GetStorageRestHandlerAddr  hal_flash_cfg.o
    0x0000378c   0x0000378c   0x00000052   Code   RO         5486    i.HAL_FLASH_GetTotalSectors  hal_flash_cfg.o
    0x000037de   0x000037de   0x00000052   Code   RO         5487    i.HAL_FLASH_GetTotalSectors_Inline  hal_flash_cfg.o
    0x00003830   0x00003830   0x0000000a   Code   RO         5422    i.HAL_FLASH_Init    hal_flash.o
    0x0000383a   0x0000383a   0x00000004   Code   RO         5488    i.HAL_FLASH_IsEnableStorageResetHandlerInFlash  hal_flash_cfg.o
    0x0000383e   0x0000383e   0x00000006   Code   RO         5423    i.HAL_FLASH_ReadData  hal_flash.o
    0x00003844   0x00003844   0x00000016   Code   RO         5424    i.HAL_FLASH_ReadData_Extern  hal_flash.o
    0x0000385a   0x0000385a   0x00000002   PAD
    0x0000385c   0x0000385c   0x00000034   Code   RO         5425    i.HAL_FLASH_RegisterFlashAPI  hal_flash.o
    0x00003890   0x00003890   0x00000096   Code   RO         5489    i.HAL_FLASH_SectorNumberToFlashAddress  hal_flash_cfg.o
    0x00003926   0x00003926   0x00000002   PAD
    0x00003928   0x00003928   0x000000c0   Code   RO         5426    i.HAL_FLASH_WriteData  hal_flash.o
    0x000039e8   0x000039e8   0x00000058   Code   RO         4809    i.HAL_RxUartMsgMainFun  hal_uart.o
    0x00003a40   0x00003a40   0x00000008   Code   RO         5589    i.HAL_SW_RESTT      hal_wdt.o
    0x00003a48   0x00003a48   0x00000008   Code   RO         5251    i.HAL_TP_DoTxMsgSuccesfulCallback  hal_tp.o
    0x00003a50   0x00003a50   0x0000002c   Code   RO         4741    i.HAL_TP_DriverReadDataFromTP  hal_tp_cfg.o
    0x00003a7c   0x00003a7c   0x0000001e   Code   RO         4742    i.HAL_TP_DriverWriteDataInTP  hal_tp_cfg.o
    0x00003a9a   0x00003a9a   0x00000008   Code   RO         5252    i.HAL_TP_Init       hal_tp.o
    0x00003aa2   0x00003aa2   0x00000008   Code   RO         5253    i.HAL_TP_MainFun    hal_tp.o
    0x00003aaa   0x00003aaa   0x00000008   Code   RO         5254    i.HAL_TP_SystemTickCtl  hal_tp.o
    0x00003ab2   0x00003ab2   0x00000002   PAD
    0x00003ab4   0x00003ab4   0x0000001c   Code   RO         4871    i.HAL_UARTTP_DoTxMsgSuccessfulCallBack  hal_uart_tp_cfg.o
    0x00003ad0   0x00003ad0   0x00000094   Code   RO         4872    i.HAL_UARTTP_DriverReadDataFromUARTTP  hal_uart_tp_cfg.o
    0x00003b64   0x00003b64   0x0000000c   Code   RO         4874    i.HAL_UARTTP_GetConfigRxMsgFUNID  hal_uart_tp_cfg.o
    0x00003b70   0x00003b70   0x0000000c   Code   RO         4875    i.HAL_UARTTP_GetConfigRxMsgPHYID  hal_uart_tp_cfg.o
    0x00003b7c   0x00003b7c   0x0000000c   Code   RO         4876    i.HAL_UARTTP_GetConfigTxMsgID  hal_uart_tp_cfg.o
    0x00003b88   0x00003b88   0x0000001c   Code   RO         4877    i.HAL_UARTTP_IsReceivedMsgIDValid_Extern  hal_uart_tp_cfg.o
    0x00003ba4   0x00003ba4   0x000000b0   Code   RO         5103    i.HAL_UARTTP_MainFun  hal_uart_tp.o
    0x00003c54   0x00003c54   0x0000000c   Code   RO         4878    i.HAL_UARTTP_RegisterAbortTxMsg  hal_uart_tp_cfg.o
    0x00003c60   0x00003c60   0x00000060   Code   RO         5104    i.HAL_UARTTP_SytstemTickControl  hal_uart_tp.o
    0x00003cc0   0x00003cc0   0x0000006a   Code   RO         4879    i.HAL_UART_DriverWriteDataInUartTP  hal_uart_tp_cfg.o
    0x00003d2a   0x00003d2a   0x00000008   Code   RO         5590    i.HAL_WDT_Config    hal_wdt.o
    0x00003d32   0x00003d32   0x00000008   Code   RO         5591    i.HAL_WDT_FeedDog   hal_wdt.o
    0x00003d3a   0x00003d3a   0x00000002   PAD
    0x00003d3c   0x00003d3c   0x00000064   Code   RO         4810    i.Hal_UartInit      hal_uart.o
    0x00003da0   0x00003da0   0x00000010   Code   RO         4811    i.Hal_Uart_Receive  hal_uart.o
    0x00003db0   0x00003db0   0x00000054   Code   RO         4812    i.Hal_Uart_Send     hal_uart.o
    0x00003e04   0x00003e04   0x00000084   Code   RO         4320    i.INTC_IrqInstalHandler  uart.o
    0x00003e88   0x00003e88   0x000000d4   Code   RO         1725    i.INTC_IrqSignIn    hc32_ll_interrupts.o
    0x00003f5c   0x00003f5c   0x00000014   Code   RO         1730    i.IRQ000_Handler    hc32_ll_interrupts.o
    0x00003f70   0x00003f70   0x00000014   Code   RO         1731    i.IRQ001_Handler    hc32_ll_interrupts.o
    0x00003f84   0x00003f84   0x00000014   Code   RO         1732    i.IRQ002_Handler    hc32_ll_interrupts.o
    0x00003f98   0x00003f98   0x00000014   Code   RO         1733    i.IRQ003_Handler    hc32_ll_interrupts.o
    0x00003fac   0x00003fac   0x00000014   Code   RO         1734    i.IRQ004_Handler    hc32_ll_interrupts.o
    0x00003fc0   0x00003fc0   0x00000014   Code   RO         1735    i.IRQ005_Handler    hc32_ll_interrupts.o
    0x00003fd4   0x00003fd4   0x00000014   Code   RO         1736    i.IRQ006_Handler    hc32_ll_interrupts.o
    0x00003fe8   0x00003fe8   0x00000014   Code   RO         1737    i.IRQ007_Handler    hc32_ll_interrupts.o
    0x00003ffc   0x00003ffc   0x00000014   Code   RO         1738    i.IRQ008_Handler    hc32_ll_interrupts.o
    0x00004010   0x00004010   0x00000014   Code   RO         1739    i.IRQ009_Handler    hc32_ll_interrupts.o
    0x00004024   0x00004024   0x00000014   Code   RO         1740    i.IRQ010_Handler    hc32_ll_interrupts.o
    0x00004038   0x00004038   0x00000014   Code   RO         1741    i.IRQ011_Handler    hc32_ll_interrupts.o
    0x0000404c   0x0000404c   0x00000014   Code   RO         1742    i.IRQ012_Handler    hc32_ll_interrupts.o
    0x00004060   0x00004060   0x00000014   Code   RO         1743    i.IRQ013_Handler    hc32_ll_interrupts.o
    0x00004074   0x00004074   0x00000014   Code   RO         1744    i.IRQ014_Handler    hc32_ll_interrupts.o
    0x00004088   0x00004088   0x00000014   Code   RO         1745    i.IRQ015_Handler    hc32_ll_interrupts.o
    0x0000409c   0x0000409c   0x00000014   Code   RO         1746    i.IRQ016_Handler    hc32_ll_interrupts.o
    0x000040b0   0x000040b0   0x00000014   Code   RO         1747    i.IRQ017_Handler    hc32_ll_interrupts.o
    0x000040c4   0x000040c4   0x00000014   Code   RO         1748    i.IRQ018_Handler    hc32_ll_interrupts.o
    0x000040d8   0x000040d8   0x00000014   Code   RO         1749    i.IRQ019_Handler    hc32_ll_interrupts.o
    0x000040ec   0x000040ec   0x00000014   Code   RO         1750    i.IRQ020_Handler    hc32_ll_interrupts.o
    0x00004100   0x00004100   0x00000014   Code   RO         1751    i.IRQ021_Handler    hc32_ll_interrupts.o
    0x00004114   0x00004114   0x00000014   Code   RO         1752    i.IRQ022_Handler    hc32_ll_interrupts.o
    0x00004128   0x00004128   0x00000014   Code   RO         1753    i.IRQ023_Handler    hc32_ll_interrupts.o
    0x0000413c   0x0000413c   0x00000014   Code   RO         1754    i.IRQ024_Handler    hc32_ll_interrupts.o
    0x00004150   0x00004150   0x00000014   Code   RO         1755    i.IRQ025_Handler    hc32_ll_interrupts.o
    0x00004164   0x00004164   0x00000014   Code   RO         1756    i.IRQ026_Handler    hc32_ll_interrupts.o
    0x00004178   0x00004178   0x00000014   Code   RO         1757    i.IRQ027_Handler    hc32_ll_interrupts.o
    0x0000418c   0x0000418c   0x00000014   Code   RO         1758    i.IRQ028_Handler    hc32_ll_interrupts.o
    0x000041a0   0x000041a0   0x00000014   Code   RO         1759    i.IRQ029_Handler    hc32_ll_interrupts.o
    0x000041b4   0x000041b4   0x00000014   Code   RO         1760    i.IRQ030_Handler    hc32_ll_interrupts.o
    0x000041c8   0x000041c8   0x00000014   Code   RO         1761    i.IRQ031_Handler    hc32_ll_interrupts.o
    0x000041dc   0x000041dc   0x00000014   Code   RO         1762    i.IRQ032_Handler    hc32_ll_interrupts.o
    0x000041f0   0x000041f0   0x00000014   Code   RO         1763    i.IRQ033_Handler    hc32_ll_interrupts.o
    0x00004204   0x00004204   0x00000014   Code   RO         1764    i.IRQ034_Handler    hc32_ll_interrupts.o
    0x00004218   0x00004218   0x00000014   Code   RO         1765    i.IRQ035_Handler    hc32_ll_interrupts.o
    0x0000422c   0x0000422c   0x00000014   Code   RO         1766    i.IRQ036_Handler    hc32_ll_interrupts.o
    0x00004240   0x00004240   0x00000014   Code   RO         1767    i.IRQ037_Handler    hc32_ll_interrupts.o
    0x00004254   0x00004254   0x00000014   Code   RO         1768    i.IRQ038_Handler    hc32_ll_interrupts.o
    0x00004268   0x00004268   0x00000014   Code   RO         1769    i.IRQ039_Handler    hc32_ll_interrupts.o
    0x0000427c   0x0000427c   0x00000014   Code   RO         1770    i.IRQ040_Handler    hc32_ll_interrupts.o
    0x00004290   0x00004290   0x00000014   Code   RO         1771    i.IRQ041_Handler    hc32_ll_interrupts.o
    0x000042a4   0x000042a4   0x00000014   Code   RO         1772    i.IRQ042_Handler    hc32_ll_interrupts.o
    0x000042b8   0x000042b8   0x00000014   Code   RO         1773    i.IRQ043_Handler    hc32_ll_interrupts.o
    0x000042cc   0x000042cc   0x00000014   Code   RO         1774    i.IRQ044_Handler    hc32_ll_interrupts.o
    0x000042e0   0x000042e0   0x00000014   Code   RO         1775    i.IRQ045_Handler    hc32_ll_interrupts.o
    0x000042f4   0x000042f4   0x00000014   Code   RO         1776    i.IRQ046_Handler    hc32_ll_interrupts.o
    0x00004308   0x00004308   0x00000014   Code   RO         1777    i.IRQ047_Handler    hc32_ll_interrupts.o
    0x0000431c   0x0000431c   0x00000014   Code   RO         1778    i.IRQ048_Handler    hc32_ll_interrupts.o
    0x00004330   0x00004330   0x00000014   Code   RO         1779    i.IRQ049_Handler    hc32_ll_interrupts.o
    0x00004344   0x00004344   0x00000014   Code   RO         1780    i.IRQ050_Handler    hc32_ll_interrupts.o
    0x00004358   0x00004358   0x00000014   Code   RO         1781    i.IRQ051_Handler    hc32_ll_interrupts.o
    0x0000436c   0x0000436c   0x00000014   Code   RO         1782    i.IRQ052_Handler    hc32_ll_interrupts.o
    0x00004380   0x00004380   0x00000014   Code   RO         1783    i.IRQ053_Handler    hc32_ll_interrupts.o
    0x00004394   0x00004394   0x00000014   Code   RO         1784    i.IRQ054_Handler    hc32_ll_interrupts.o
    0x000043a8   0x000043a8   0x00000014   Code   RO         1785    i.IRQ055_Handler    hc32_ll_interrupts.o
    0x000043bc   0x000043bc   0x00000014   Code   RO         1786    i.IRQ056_Handler    hc32_ll_interrupts.o
    0x000043d0   0x000043d0   0x00000014   Code   RO         1787    i.IRQ057_Handler    hc32_ll_interrupts.o
    0x000043e4   0x000043e4   0x00000014   Code   RO         1788    i.IRQ058_Handler    hc32_ll_interrupts.o
    0x000043f8   0x000043f8   0x00000014   Code   RO         1789    i.IRQ059_Handler    hc32_ll_interrupts.o
    0x0000440c   0x0000440c   0x00000014   Code   RO         1790    i.IRQ060_Handler    hc32_ll_interrupts.o
    0x00004420   0x00004420   0x00000014   Code   RO         1791    i.IRQ061_Handler    hc32_ll_interrupts.o
    0x00004434   0x00004434   0x00000014   Code   RO         1792    i.IRQ062_Handler    hc32_ll_interrupts.o
    0x00004448   0x00004448   0x00000014   Code   RO         1793    i.IRQ063_Handler    hc32_ll_interrupts.o
    0x0000445c   0x0000445c   0x00000014   Code   RO         1794    i.IRQ064_Handler    hc32_ll_interrupts.o
    0x00004470   0x00004470   0x00000014   Code   RO         1795    i.IRQ065_Handler    hc32_ll_interrupts.o
    0x00004484   0x00004484   0x00000014   Code   RO         1796    i.IRQ066_Handler    hc32_ll_interrupts.o
    0x00004498   0x00004498   0x00000014   Code   RO         1797    i.IRQ067_Handler    hc32_ll_interrupts.o
    0x000044ac   0x000044ac   0x00000014   Code   RO         1798    i.IRQ068_Handler    hc32_ll_interrupts.o
    0x000044c0   0x000044c0   0x00000014   Code   RO         1799    i.IRQ069_Handler    hc32_ll_interrupts.o
    0x000044d4   0x000044d4   0x00000014   Code   RO         1800    i.IRQ070_Handler    hc32_ll_interrupts.o
    0x000044e8   0x000044e8   0x00000014   Code   RO         1801    i.IRQ071_Handler    hc32_ll_interrupts.o
    0x000044fc   0x000044fc   0x00000014   Code   RO         1802    i.IRQ072_Handler    hc32_ll_interrupts.o
    0x00004510   0x00004510   0x00000014   Code   RO         1803    i.IRQ073_Handler    hc32_ll_interrupts.o
    0x00004524   0x00004524   0x00000014   Code   RO         1804    i.IRQ074_Handler    hc32_ll_interrupts.o
    0x00004538   0x00004538   0x00000014   Code   RO         1805    i.IRQ075_Handler    hc32_ll_interrupts.o
    0x0000454c   0x0000454c   0x00000014   Code   RO         1806    i.IRQ076_Handler    hc32_ll_interrupts.o
    0x00004560   0x00004560   0x00000014   Code   RO         1807    i.IRQ077_Handler    hc32_ll_interrupts.o
    0x00004574   0x00004574   0x00000014   Code   RO         1808    i.IRQ078_Handler    hc32_ll_interrupts.o
    0x00004588   0x00004588   0x00000014   Code   RO         1809    i.IRQ079_Handler    hc32_ll_interrupts.o
    0x0000459c   0x0000459c   0x00000014   Code   RO         1810    i.IRQ080_Handler    hc32_ll_interrupts.o
    0x000045b0   0x000045b0   0x00000014   Code   RO         1811    i.IRQ081_Handler    hc32_ll_interrupts.o
    0x000045c4   0x000045c4   0x00000014   Code   RO         1812    i.IRQ082_Handler    hc32_ll_interrupts.o
    0x000045d8   0x000045d8   0x00000014   Code   RO         1813    i.IRQ083_Handler    hc32_ll_interrupts.o
    0x000045ec   0x000045ec   0x00000014   Code   RO         1814    i.IRQ084_Handler    hc32_ll_interrupts.o
    0x00004600   0x00004600   0x00000014   Code   RO         1815    i.IRQ085_Handler    hc32_ll_interrupts.o
    0x00004614   0x00004614   0x00000014   Code   RO         1816    i.IRQ086_Handler    hc32_ll_interrupts.o
    0x00004628   0x00004628   0x00000014   Code   RO         1817    i.IRQ087_Handler    hc32_ll_interrupts.o
    0x0000463c   0x0000463c   0x00000014   Code   RO         1818    i.IRQ088_Handler    hc32_ll_interrupts.o
    0x00004650   0x00004650   0x00000014   Code   RO         1819    i.IRQ089_Handler    hc32_ll_interrupts.o
    0x00004664   0x00004664   0x00000014   Code   RO         1820    i.IRQ090_Handler    hc32_ll_interrupts.o
    0x00004678   0x00004678   0x00000014   Code   RO         1821    i.IRQ091_Handler    hc32_ll_interrupts.o
    0x0000468c   0x0000468c   0x00000014   Code   RO         1822    i.IRQ092_Handler    hc32_ll_interrupts.o
    0x000046a0   0x000046a0   0x00000014   Code   RO         1823    i.IRQ093_Handler    hc32_ll_interrupts.o
    0x000046b4   0x000046b4   0x00000014   Code   RO         1824    i.IRQ094_Handler    hc32_ll_interrupts.o
    0x000046c8   0x000046c8   0x00000014   Code   RO         1825    i.IRQ095_Handler    hc32_ll_interrupts.o
    0x000046dc   0x000046dc   0x00000014   Code   RO         1826    i.IRQ096_Handler    hc32_ll_interrupts.o
    0x000046f0   0x000046f0   0x00000014   Code   RO         1827    i.IRQ097_Handler    hc32_ll_interrupts.o
    0x00004704   0x00004704   0x00000014   Code   RO         1828    i.IRQ098_Handler    hc32_ll_interrupts.o
    0x00004718   0x00004718   0x00000014   Code   RO         1829    i.IRQ099_Handler    hc32_ll_interrupts.o
    0x0000472c   0x0000472c   0x00000014   Code   RO         1830    i.IRQ100_Handler    hc32_ll_interrupts.o
    0x00004740   0x00004740   0x00000014   Code   RO         1831    i.IRQ101_Handler    hc32_ll_interrupts.o
    0x00004754   0x00004754   0x00000014   Code   RO         1832    i.IRQ102_Handler    hc32_ll_interrupts.o
    0x00004768   0x00004768   0x00000014   Code   RO         1833    i.IRQ103_Handler    hc32_ll_interrupts.o
    0x0000477c   0x0000477c   0x00000014   Code   RO         1834    i.IRQ104_Handler    hc32_ll_interrupts.o
    0x00004790   0x00004790   0x00000014   Code   RO         1835    i.IRQ105_Handler    hc32_ll_interrupts.o
    0x000047a4   0x000047a4   0x00000014   Code   RO         1836    i.IRQ106_Handler    hc32_ll_interrupts.o
    0x000047b8   0x000047b8   0x00000014   Code   RO         1837    i.IRQ107_Handler    hc32_ll_interrupts.o
    0x000047cc   0x000047cc   0x00000014   Code   RO         1838    i.IRQ108_Handler    hc32_ll_interrupts.o
    0x000047e0   0x000047e0   0x00000014   Code   RO         1839    i.IRQ109_Handler    hc32_ll_interrupts.o
    0x000047f4   0x000047f4   0x00000014   Code   RO         1840    i.IRQ110_Handler    hc32_ll_interrupts.o
    0x00004808   0x00004808   0x00000014   Code   RO         1841    i.IRQ111_Handler    hc32_ll_interrupts.o
    0x0000481c   0x0000481c   0x00000014   Code   RO         1842    i.IRQ112_Handler    hc32_ll_interrupts.o
    0x00004830   0x00004830   0x00000014   Code   RO         1843    i.IRQ113_Handler    hc32_ll_interrupts.o
    0x00004844   0x00004844   0x00000014   Code   RO         1844    i.IRQ114_Handler    hc32_ll_interrupts.o
    0x00004858   0x00004858   0x00000014   Code   RO         1845    i.IRQ115_Handler    hc32_ll_interrupts.o
    0x0000486c   0x0000486c   0x00000014   Code   RO         1846    i.IRQ116_Handler    hc32_ll_interrupts.o
    0x00004880   0x00004880   0x00000014   Code   RO         1847    i.IRQ117_Handler    hc32_ll_interrupts.o
    0x00004894   0x00004894   0x00000014   Code   RO         1848    i.IRQ118_Handler    hc32_ll_interrupts.o
    0x000048a8   0x000048a8   0x00000014   Code   RO         1849    i.IRQ119_Handler    hc32_ll_interrupts.o
    0x000048bc   0x000048bc   0x00000014   Code   RO         1850    i.IRQ120_Handler    hc32_ll_interrupts.o
    0x000048d0   0x000048d0   0x00000014   Code   RO         1851    i.IRQ121_Handler    hc32_ll_interrupts.o
    0x000048e4   0x000048e4   0x00000014   Code   RO         1852    i.IRQ122_Handler    hc32_ll_interrupts.o
    0x000048f8   0x000048f8   0x00000014   Code   RO         1853    i.IRQ123_Handler    hc32_ll_interrupts.o
    0x0000490c   0x0000490c   0x00000014   Code   RO         1854    i.IRQ124_Handler    hc32_ll_interrupts.o
    0x00004920   0x00004920   0x00000014   Code   RO         1855    i.IRQ125_Handler    hc32_ll_interrupts.o
    0x00004934   0x00004934   0x00000014   Code   RO         1856    i.IRQ126_Handler    hc32_ll_interrupts.o
    0x00004948   0x00004948   0x00000014   Code   RO         1857    i.IRQ127_Handler    hc32_ll_interrupts.o
    0x0000495c   0x0000495c   0x0000000e   Code   RO         6517    i.IsCheckProgrammingDependency  app_uds_cfg.o
    0x0000496a   0x0000496a   0x00000002   PAD
    0x0000496c   0x0000496c   0x00000068   Code   RO         6518    i.IsCheckRoutineControlRight  app_uds_cfg.o
    0x000049d4   0x000049d4   0x0000000e   Code   RO         6519    i.IsCheckSumRoutineControl  app_uds_cfg.o
    0x000049e2   0x000049e2   0x00000002   PAD
    0x000049e4   0x000049e4   0x00000018   Code   RO         6520    i.IsCurDefaultSession  app_uds_cfg.o
    0x000049fc   0x000049fc   0x00000020   Code   RO         6521    i.IsCurRxIdCanRequest  app_uds_cfg.o
    0x00004a1c   0x00004a1c   0x00000020   Code   RO         6522    i.IsCurSecurityLevelRequet  app_uds_cfg.o
    0x00004a3c   0x00004a3c   0x00000020   Code   RO         6523    i.IsCurSeesionCanRequest  app_uds_cfg.o
    0x00004a5c   0x00004a5c   0x00000024   Code   RO         6524    i.IsDownloadDataAddrValid  app_uds_cfg.o
    0x00004a80   0x00004a80   0x00000006   Code   RO         6525    i.IsDownloadDataLenValid  app_uds_cfg.o
    0x00004a86   0x00004a86   0x0000000e   Code   RO         6526    i.IsEraseMemoryRoutineControl  app_uds_cfg.o
    0x00004a94   0x00004a94   0x00000044   Code   RO         5996    i.IsFlashDriverSoftwareData  app_flash.o
    0x00004ad8   0x00004ad8   0x00000040   Code   RO         6527    i.IsReceivedKeyRight  app_uds_cfg.o
    0x00004b18   0x00004b18   0x00000024   Code   RO         7007    i.IsRequestEnterBootloader  app_boot_cfg.o
    0x00004b3c   0x00004b3c   0x00000024   Code   RO         4813    i.IsRxCANMsgId      hal_uart.o
    0x00004b60   0x00004b60   0x0000000c   Code   RO         6528    i.IsRxUdsMsg        app_uds_cfg.o
    0x00004b6c   0x00004b6c   0x00000014   Code   RO         6529    i.IsS3ServerTimeout  app_uds_cfg.o
    0x00004b80   0x00004b80   0x00000038   Code   RO         6531    i.IsWriteFingerprintRight  app_uds_cfg.o
    0x00004bb8   0x00004bb8   0x00000090   Code   RO          266    i.LL_PERIPH_WE      hc32_ll.o
    0x00004c48   0x00004c48   0x00000088   Code   RO          267    i.LL_PERIPH_WP      hc32_ll.o
    0x00004cd0   0x00004cd0   0x00000068   Code   RO         2654    i.PWC_HighSpeedToHighPerformance  hc32_ll_pwc.o
    0x00004d38   0x00004d38   0x0000001c   Code   RO          268    i.PWC_REG_Lock      hc32_ll.o
    0x00004d54   0x00004d54   0x00000018   Code   RO          269    i.PWC_REG_Unlock    hc32_ll.o
    0x00004d6c   0x00004d6c   0x00000052   Code   RO         6532    i.ReadDataByIdentifier  app_uds_cfg.o
    0x00004dbe   0x00004dbe   0x000000d6   Code   RO         5052    i.ReadDataFromFifo  multi_cyc_fifo.o
    0x00004e94   0x00004e94   0x00000022   Code   RO         4537    i.ReadFlashMemory   flash.o
    0x00004eb6   0x00004eb6   0x00000002   PAD
    0x00004eb8   0x00004eb8   0x0000003c   Code   RO         5997    i.ReadNewestAppInfoFromFlash  app_flash.o
    0x00004ef4   0x00004ef4   0x0000000c   Code   RO         4321    i.RegisterFrameReceivedCallback  uart.o
    0x00004f00   0x00004f00   0x000000ec   Code   RO         6533    i.RequestDownload   app_uds_cfg.o
    0x00004fec   0x00004fec   0x0000004c   Code   RO         6534    i.RequestMoreTime   app_uds_cfg.o
    0x00005038   0x00005038   0x00000024   Code   RO         6535    i.RequestMoreTimeCallback  app_uds_cfg.o
    0x0000505c   0x0000505c   0x00000038   Code   RO         6536    i.RequestTransferExit  app_uds_cfg.o
    0x00005094   0x00005094   0x0000001c   Code   RO         5998    i.RequetMoreTimeSuccessfulFromHost  app_flash.o
    0x000050b0   0x000050b0   0x00000024   Code   RO         6537    i.ResetECU          app_uds_cfg.o
    0x000050d4   0x000050d4   0x0000001c   Code   RO         6538    i.RestartS3Server   app_uds_cfg.o
    0x000050f0   0x000050f0   0x0000000c   Code   RO         5999    i.RestoreOperateFlashActiveJob  app_flash.o
    0x000050fc   0x000050fc   0x0000009c   Code   RO         6539    i.RoutineControl    app_uds_cfg.o
    0x00005198   0x00005198   0x000000dc   Code   RO         3243    i.SRAM_SetWaitCycle  hc32_ll_sram.o
    0x00005274   0x00005274   0x00000030   Code   RO         6540    i.SaveRequestIdType  app_uds_cfg.o
    0x000052a4   0x000052a4   0x0000002c   Code   RO         6000    i.SavedFlashData    app_flash.o
    0x000052d0   0x000052d0   0x00000090   Code   RO         6541    i.SecurityAccess    app_uds_cfg.o
    0x00005360   0x00005360   0x00000044   Code   RO           89    i.SendMsgMainFun    main.o
    0x000053a4   0x000053a4   0x0000000c   Code   RO         6542    i.SetCurrentSession  app_uds_cfg.o
    0x000053b0   0x000053b0   0x00000020   Code   RO         7008    i.SetDownloadAppSuccessful  app_boot_cfg.o
    0x000053d0   0x000053d0   0x00000018   Code   RO         6543    i.SetIsRxUdsMsg     app_uds_cfg.o
    0x000053e8   0x000053e8   0x0000000e   Code   RO         6544    i.SetNegativeErroCode  app_uds_cfg.o
    0x000053f6   0x000053f6   0x00000002   PAD
    0x000053f8   0x000053f8   0x0000000c   Code   RO         6545    i.SetSecurityLevel  app_uds_cfg.o
    0x00005404   0x00005404   0x00000320   Code   RO          438    i.SetSysClockDiv    hc32_ll_clk.o
    0x00005724   0x00005724   0x000000f8   Code   RO          439    i.SetSysClockSrc    hc32_ll_clk.o
    0x0000581c   0x0000581c   0x00000270   Code   RO         3748    i.SmartCard_CalculateBrr  hc32_ll_usart.o
    0x00005a8c   0x00005a8c   0x00000010   Code   RO         6546    i.SubUdsS3ServerTime  app_uds_cfg.o
    0x00005a9c   0x00005a9c   0x00000010   Code   RO         6547    i.SubUdsSecurityReqLockTime  app_uds_cfg.o
    0x00005aac   0x00005aac   0x000000cc   Code   RO           15    i.SystemCoreClockUpdate  system_hc32f460.o
    0x00005b78   0x00005b78   0x00000020   Code   RO           16    i.SystemInit        system_hc32f460.o
    0x00005b98   0x00005b98   0x00000048   Code   RO         5632    i.T                 aes.o
    0x00005be0   0x00005be0   0x00000044   Code   RO         4409    i.TIM0_A_CompareIrqCallback  time.o
    0x00005c24   0x00005c24   0x000000e8   Code   RO         4410    i.TIM0_A_Config     time.o
    0x00005d0c   0x00005d0c   0x0000001c   Code   RO         4412    i.TIMER0_GetTimerTickCnt  time.o
    0x00005d28   0x00005d28   0x00000070   Code   RO         3318    i.TMR0_ClearStatus  hc32_ll_tmr0.o
    0x00005d98   0x00005d98   0x0000006c   Code   RO         3321    i.TMR0_GetCountValue  hc32_ll_tmr0.o
    0x00005e04   0x00005e04   0x0000009c   Code   RO         3326    i.TMR0_HWStopCondCmd  hc32_ll_tmr0.o
    0x00005ea0   0x00005ea0   0x00000144   Code   RO         3327    i.TMR0_Init         hc32_ll_tmr0.o
    0x00005fe4   0x00005fe4   0x00000090   Code   RO         3328    i.TMR0_IntCmd       hc32_ll_tmr0.o
    0x00006074   0x00006074   0x0000006c   Code   RO         3334    i.TMR0_Start        hc32_ll_tmr0.o
    0x000060e0   0x000060e0   0x0000001a   Code   RO         3336    i.TMR0_StructInit   hc32_ll_tmr0.o
    0x000060fa   0x000060fa   0x00000002   PAD
    0x000060fc   0x000060fc   0x00000020   Code   RO         4743    i.TP_DoTransmittedAFrameMsgCallBack  hal_tp_cfg.o
    0x0000611c   0x0000611c   0x0000000e   Code   RO         4744    i.TP_GetConfigRxMsgFUNID  hal_tp_cfg.o
    0x0000612a   0x0000612a   0x0000000e   Code   RO         4745    i.TP_GetConfigRxMsgPHYID  hal_tp_cfg.o
    0x00006138   0x00006138   0x0000000e   Code   RO         4746    i.TP_GetConfigTxMsgID  hal_tp_cfg.o
    0x00006146   0x00006146   0x00000080   Code   RO         5255    i.TP_ReadAFrameDataFromTP  hal_tp.o
    0x000061c6   0x000061c6   0x0000000c   Code   RO         4747    i.TP_RegisterAbortTxMsg  hal_tp_cfg.o
    0x000061d2   0x000061d2   0x00000002   PAD
    0x000061d4   0x000061d4   0x0000000c   Code   RO         4748    i.TP_RegisterTransmittedAFrmaeMsgCallBack  hal_tp_cfg.o
    0x000061e0   0x000061e0   0x00000086   Code   RO         5256    i.TP_WriteAFrameDataInTP  hal_tp.o
    0x00006266   0x00006266   0x00000018   Code   RO         6548    i.TXConfrimMsgCallback  app_uds_cfg.o
    0x0000627e   0x0000627e   0x00000002   PAD
    0x00006280   0x00006280   0x0000001c   Code   RO         4413    i.Timer0_Init_Template  time.o
    0x0000629c   0x0000629c   0x000000d0   Code   RO         6549    i.TransferData      app_uds_cfg.o
    0x0000636c   0x0000636c   0x00000024   Code   RO         4880    i.UARTTP_AbortTxMsg  hal_uart_tp_cfg.o
    0x00006390   0x00006390   0x0000001c   Code   RO         4881    i.UARTTP_ClearTXBUSFIFO  hal_uart_tp_cfg.o
    0x000063ac   0x000063ac   0x0000006c   Code   RO         5105    i.UARTTP_CopyAFrameDataInRxFifo  hal_uart_tp.o
    0x00006418   0x00006418   0x0000008c   Code   RO         5106    i.UARTTP_CopyAFrameFromFifoToBuf  hal_uart_tp.o
    0x000064a4   0x000064a4   0x00000174   Code   RO         5107    i.UARTTP_DoReceiveCF  hal_uart_tp.o
    0x00006618   0x00006618   0x000000ac   Code   RO         5108    i.UARTTP_DoReceiveFC  hal_uart_tp.o
    0x000066c4   0x000066c4   0x000000b0   Code   RO         5109    i.UARTTP_DoReceiveFF  hal_uart_tp.o
    0x00006774   0x00006774   0x0000005c   Code   RO         5110    i.UARTTP_DoReceiveSF  hal_uart_tp.o
    0x000067d0   0x000067d0   0x00000038   Code   RO         5111    i.UARTTP_DoRegisterTxMsgCallBack  hal_uart_tp.o
    0x00006808   0x00006808   0x00000150   Code   RO         5112    i.UARTTP_DoTransmitCF  hal_uart_tp.o
    0x00006958   0x00006958   0x000000cc   Code   RO         5113    i.UARTTP_DoTransmitCFCallBack  hal_uart_tp.o
    0x00006a24   0x00006a24   0x000000fc   Code   RO         5114    i.UARTTP_DoTransmitFC  hal_uart_tp.o
    0x00006b20   0x00006b20   0x0000004c   Code   RO         5115    i.UARTTP_DoTransmitFCCallBack  hal_uart_tp.o
    0x00006b6c   0x00006b6c   0x000000dc   Code   RO         5116    i.UARTTP_DoTransmitFF  hal_uart_tp.o
    0x00006c48   0x00006c48   0x00000060   Code   RO         5117    i.UARTTP_DoTransmitFFCallBack  hal_uart_tp.o
    0x00006ca8   0x00006ca8   0x000000f4   Code   RO         5118    i.UARTTP_DoTransmitSF  hal_uart_tp.o
    0x00006d9c   0x00006d9c   0x00000018   Code   RO         5119    i.UARTTP_DoTransmitSFCallBack  hal_uart_tp.o
    0x00006db4   0x00006db4   0x000000a0   Code   RO         5120    i.UARTTP_DoUartTpIdle  hal_uart_tp.o
    0x00006e54   0x00006e54   0x00000044   Code   RO         5121    i.UARTTP_DoWaitingTxMsg  hal_uart_tp.o
    0x00006e98   0x00006e98   0x0000001c   Code   RO         4882    i.UARTTP_IsReceivedMsgIDValid  hal_uart_tp_cfg.o
    0x00006eb4   0x00006eb4   0x0000000c   Code   RO         5122    i.UARTTP_RegisterTxMsgCallBack  hal_uart_tp.o
    0x00006ec0   0x00006ec0   0x000000a2   Code   RO         4883    i.UARTTP_RxMsg      hal_uart_tp_cfg.o
    0x00006f62   0x00006f62   0x00000028   Code   RO         5123    i.UARTTP_SetFrameType  hal_uart_tp.o
    0x00006f8a   0x00006f8a   0x00000002   PAD
    0x00006f8c   0x00006f8c   0x0000000c   Code   RO         5124    i.UARTTP_SetTxMsgStatus  hal_uart_tp.o
    0x00006f98   0x00006f98   0x00000092   Code   RO         4884    i.UARTTP_TxMsg      hal_uart_tp_cfg.o
    0x0000702a   0x0000702a   0x00000002   PAD
    0x0000702c   0x0000702c   0x0000000c   Code   RO         5125    i.UARTTP_TxMsgSuccessfulCallBack  hal_uart_tp.o
    0x00007038   0x00007038   0x00000278   Code   RO         3749    i.UART_CalculateBrr  hc32_ll_usart.o
    0x000072b0   0x000072b0   0x00000010   Code   RO         6388    i.UDS_ALG_AddSWTimerTickCnt  app_uds_alg.o
    0x000072c0   0x000072c0   0x00000024   Code   RO         6389    i.UDS_ALG_DecryptData  app_uds_alg.o
    0x000072e4   0x000072e4   0x0000007c   Code   RO         6390    i.UDS_ALG_GetRandom  app_uds_alg.o
    0x00007360   0x00007360   0x00000002   Code   RO         6391    i.UDS_ALG_Init      app_uds_alg.o
    0x00007362   0x00007362   0x00000002   PAD
    0x00007364   0x00007364   0x00000014   Code   RO         6550    i.UDS_GetUDSS3WatermarkTimerMs  app_uds_cfg.o
    0x00007378   0x00007378   0x00000020   Code   RO         6266    i.UDS_Init          app_uds.o
    0x00007398   0x00007398   0x0000002e   Code   RO         5822    i.UDS_MAIN_Init     app_bootloader.o
    0x000073c6   0x000073c6   0x0000002c   Code   RO         5823    i.UDS_MAIN_Process  app_bootloader.o
    0x000073f2   0x000073f2   0x00000138   Code   RO         6267    i.UDS_MainFun       app_uds.o
    0x0000752a   0x0000752a   0x00000002   PAD
    0x0000752c   0x0000752c   0x00000040   Code   RO         6551    i.UDS_SystemTickCtl  app_uds_cfg.o
    0x0000756c   0x0000756c   0x0000004c   Code   RO         6552    i.UDS_TxMsgToHost   app_uds_cfg.o
    0x000075b8   0x000075b8   0x000000a0   Code   RO         3750    i.USART_ClearStatus  hc32_ll_usart.o
    0x00007658   0x00007658   0x000000ac   Code   RO         3758    i.USART_FuncCmd     hc32_ll_usart.o
    0x00007704   0x00007704   0x0000001c   Code   RO         3759    i.USART_GetBusClockFreq  hc32_ll_usart.o
    0x00007720   0x00007720   0x0000008c   Code   RO         3762    i.USART_GetStatus   hc32_ll_usart.o
    0x000077ac   0x000077ac   0x0000007c   Code   RO         3763    i.USART_GetUsartClockFreq  hc32_ll_usart.o
    0x00007828   0x00007828   0x00000060   Code   RO         3766    i.USART_ReadData    hc32_ll_usart.o
    0x00007888   0x00007888   0x00000018   Code   RO         4322    i.USART_RxError_IrqCallback  uart.o
    0x000078a0   0x000078a0   0x00000048   Code   RO         4323    i.USART_RxFull_IrqCallback  uart.o
    0x000078e8   0x000078e8   0x00000044   Code   RO         4324    i.USART_SendMessage  uart.o
    0x0000792c   0x0000792c   0x00000104   Code   RO         3767    i.USART_SetBaudrate  hc32_ll_usart.o
    0x00007a30   0x00007a30   0x000001e4   Code   RO         3782    i.USART_UART_Init   hc32_ll_usart.o
    0x00007c14   0x00007c14   0x0000002e   Code   RO         3784    i.USART_UART_StructInit  hc32_ll_usart.o
    0x00007c42   0x00007c42   0x00000002   PAD
    0x00007c44   0x00007c44   0x000000d0   Code   RO         3785    i.USART_UART_Trans  hc32_ll_usart.o
    0x00007d14   0x00007d14   0x000000b8   Code   RO         3786    i.USART_WaitStatus  hc32_ll_usart.o
    0x00007dcc   0x00007dcc   0x00000078   Code   RO         3787    i.USART_WriteData   hc32_ll_usart.o
    0x00007e44   0x00007e44   0x00000098   Code   RO         4325    i.Uart_Init         uart.o
    0x00007edc   0x00007edc   0x00000048   Code   RO         4326    i.Uart_Rx_Message   uart.o
    0x00007f24   0x00007f24   0x00000026   Code   RO         4596    i.WDT_Config        wdt.o
    0x00007f4a   0x00007f4a   0x00000002   PAD
    0x00007f4c   0x00007f4c   0x00000014   Code   RO         4091    i.WDT_FeedDog       hc32_ll_wdt.o
    0x00007f60   0x00007f60   0x0000017c   Code   RO         4093    i.WDT_Init          hc32_ll_wdt.o
    0x000080dc   0x000080dc   0x0000003e   Code   RO         6553    i.WriteDataByIdentifier  app_uds_cfg.o
    0x0000811a   0x0000811a   0x000000ba   Code   RO         5053    i.WriteDataInFifo   multi_cyc_fifo.o
    0x000081d4   0x000081d4   0x0000000e   Code   RO         7201    i.__scatterload_copy  mc_w.l(handlers.o)
    0x000081e2   0x000081e2   0x00000002   Code   RO         7202    i.__scatterload_null  mc_w.l(handlers.o)
    0x000081e4   0x000081e4   0x0000000e   Code   RO         7203    i.__scatterload_zeroinit  mc_w.l(handlers.o)
    0x000081f2   0x000081f2   0x00000002   PAD
    0x000081f4   0x000081f4   0x0000004c   Code   RO         5633    i.addRoundKey       aes.o
    0x00008240   0x00008240   0x00000036   Code   RO         5634    i.addRoundTowArray  aes.o
    0x00008276   0x00008276   0x0000000e   Code   RO         5636    i.checkKeyLen       aes.o
    0x00008284   0x00008284   0x00000028   Code   RO         5637    i.convertArrayToStr  aes.o
    0x000082ac   0x000082ac   0x00000038   Code   RO         5638    i.convertToIntArray  aes.o
    0x000082e4   0x000082e4   0x000000a6   Code   RO         5639    i.deAes             aes.o
    0x0000838a   0x0000838a   0x00000002   PAD
    0x0000838c   0x0000838c   0x000000a0   Code   RO         5640    i.deMixColumns      aes.o
    0x0000842c   0x0000842c   0x0000008a   Code   RO         5641    i.deShiftRows       aes.o
    0x000084b6   0x000084b6   0x0000002e   Code   RO         5642    i.deSubBytes        aes.o
    0x000084e4   0x000084e4   0x00000078   Code   RO         5643    i.extendKey         aes.o
    0x0000855c   0x0000855c   0x00000028   Code   RO         6392    i.fsl_rand          app_uds_alg.o
    0x00008584   0x00008584   0x00000010   Code   RO         6393    i.fsl_srand         app_uds_alg.o
    0x00008594   0x00008594   0x00000084   Code   RO         5644    i.getArrayFrom4W    aes.o
    0x00008618   0x00008618   0x00000008   Code   RO         5645    i.getIntFromChar    aes.o
    0x00008620   0x00008620   0x0000000a   Code   RO         5646    i.getLeft4Bit       aes.o
    0x0000862a   0x0000862a   0x00000002   PAD
    0x0000862c   0x0000862c   0x00000024   Code   RO         5647    i.getNumFromS1Box   aes.o
    0x00008650   0x00008650   0x00000024   Code   RO         5648    i.getNumFromSBox    aes.o
    0x00008674   0x00008674   0x00000008   Code   RO         5649    i.getRight4Bit      aes.o
    0x0000867c   0x0000867c   0x00000042   Code   RO         5650    i.getWordFromStr    aes.o
    0x000086be   0x000086be   0x00000062   Code   RO         5651    i.leftLoop4int      aes.o
    0x00008720   0x00008720   0x0000001c   Code   RO           90    i.main              main.o
    0x0000873c   0x0000873c   0x0000001c   Code   RO         5652    i.mergeArrayToInt   aes.o
    0x00008758   0x00008758   0x00000064   Code   RO         5654    i.rightLoop4int     aes.o
    0x000087bc   0x000087bc   0x0000001a   Code   RO         5656    i.splitIntToArray   aes.o
    0x000087d6   0x000087d6   0x00000002   PAD
    0x000087d8   0x000087d8   0x00000010   Data   RO         3789    .constdata          hc32_ll_usart.o
    0x000087e8   0x000087e8   0x00000011   Data   RO         4815    .constdata          hal_uart.o
    0x000087f9   0x000087f9   0x00000003   PAD
    0x000087fc   0x000087fc   0x00000030   Data   RO         4885    .constdata          hal_uart_tp_cfg.o
    0x0000882c   0x0000882c   0x00000064   Data   RO         5127    .constdata          hal_uart_tp.o
    0x00008890   0x00008890   0x00000200   Data   RO         5385    .constdata          hal_crc.o
    0x00008a90   0x00008a90   0x00000048   Data   RO         5490    .constdata          hal_flash_cfg.o
    0x00008ad8   0x00008ad8   0x000008a8   Data   RO         5659    .constdata          aes.o
    0x00009380   0x00009380   0x00000004   Data   RO         6002    .constdata          app_flash.o
    0x00009384   0x00009384   0x00000010   Data   RO         6394    .constdata          app_uds_alg.o
    0x00009394   0x00009394   0x00000070   Data   RO         6555    .constdata          app_uds_cfg.o
    0x00009404   0x00009404   0x00000010   Data   RO         7009    .constdata          app_boot_cfg.o
    0x00009414   0x00009414   0x00000020   Data   RO         7199    Region$$Table       anon$$obj.o


    Execution Region RW_IRAM1 (Exec base: 0x1fff8000, Load base: 0x00009434, Size: 0x00000008, Max: 0x00000008, ABSOLUTE, UNINIT)

    Exec Addr    Load Addr    Size         Type   Attr      Idx    E Section Name        Object

    0x1fff8000        -       0x00000008   Zero   RW           17    .bss.noinit         system_hc32f460.o


    Execution Region RW_IRAM2 (Exec base: 0x1fff8008, Load base: 0x00009434, Size: 0x00004040, Max: 0x000137fc, ABSOLUTE)

    Exec Addr    Load Addr    Size         Type   Attr      Idx    E Section Name        Object

    0x1fff8008   0x00009434   0x00000004   Data   RW         4213    .data               ev_hc32f460_lqfp100_v2.o
    0x1fff800c   0x00009438   0x0000000a   Data   RW         4328    .data               uart.o
    0x1fff8016   0x00009442   0x00000004   Data   RW         4414    .data               time.o
    0x1fff801a   0x00009446   0x00000002   PAD
    0x1fff801c   0x00009448   0x00000004   Data   RW         4538    .data               flash.o
    0x1fff8020   0x0000944c   0x00000004   Data   RW         4749    .data               hal_tp_cfg.o
    0x1fff8024   0x00009450   0x0000000c   Data   RW         4816    .data               hal_uart.o
    0x1fff8030   0x0000945c   0x00000008   Data   RW         4886    .data               hal_uart_tp_cfg.o
    0x1fff8038   0x00009464   0x00000006   Data   RW         5055    .data               multi_cyc_fifo.o
    0x1fff803e   0x0000946a   0x00000002   PAD
    0x1fff8040   0x0000946c   0x0000000e   Data   RW         5128    .data               hal_uart_tp.o
    0x1fff804e   0x0000947a   0x00000002   PAD
    0x1fff8050   0x0000947c   0x00000010   Data   RW         6003    .data               app_flash.o
    0x1fff8060   0x0000948c   0x00000008   Data   RW         6395    .data               app_uds_alg.o
    0x1fff8068   0x00009494   0x00000020   Data   RW         6556    .data               app_uds_cfg.o
    0x1fff8088   0x000094b4   0x00000008   Data   RW         7010    .data               app_boot_cfg.o
    0x1fff8090        -       0x00000200   Zero   RW         1863    .bss                hc32_ll_interrupts.o
    0x1fff8290        -       0x00000009   Zero   RW         4327    .bss                uart.o
    0x1fff8299   0x000094bc   0x00000003   PAD
    0x1fff829c        -       0x00000014   Zero   RW         4814    .bss                hal_uart.o
    0x1fff82b0        -       0x00001050   Zero   RW         5054    .bss                multi_cyc_fifo.o
    0x1fff9300        -       0x00000820   Zero   RW         5126    .bss                hal_uart_tp.o
    0x1fff9b20        -       0x000000b0   Zero   RW         5658    .bss                aes.o
    0x1fff9bd0        -       0x00000464   Zero   RW         6001    .bss                app_flash.o
    0x1fffa034        -       0x00000010   Zero   RW         6554    .bss                app_uds_cfg.o
    0x1fffa044   0x000094bc   0x00000004   PAD
    0x1fffa048        -       0x00002000   Zero   RW            3    STACK               startup_hc32f460.o


    Execution Region RW_IRAM3 (Exec base: 0x2001f000, Load base: 0x000094bc, Size: 0x00000800, Max: 0x00000800, ABSOLUTE)

    Exec Addr    Load Addr    Size         Type   Attr      Idx    E Section Name        Object

    0x2001f000        -       0x00000800   Zero   RW            1    RW_IRAM3.bss        anon$$obj.o


    Execution Region RW_IRAMB (Exec base: 0x200f0000, Load base: 0x000094bc, Size: 0x00001000, Max: 0x00001000, ABSOLUTE)

    Exec Addr    Load Addr    Size         Type   Attr      Idx    E Section Name        Object

    0x200f0000        -       0x00001000   Zero   RW            2    RW_IRAMB.bss        anon$$obj.o


==============================================================================

Image component sizes


      Code (inc. data)   RO Data    RW Data    ZI Data      Debug   Object Name

      1764         34       2216          0        176      21144   aes.o
        88          0          0          0          0      10388   app_boot.o
       244         44         16          8          0      17761   app_boot_cfg.o
        90          0          0          0          0       1283   app_bootloader.o
      3400        204          4         16       1124      36934   app_flash.o
       344          8          0          0          0      14039   app_uds.o
       234         28         16          8          0       4345   app_uds_alg.o
      2552        208        112         32         16      47688   app_uds_cfg.o
       282          0          0          0          0       3552   bt615.o
       492         26          0          4          0       3180   ev_hc32f460_lqfp100_v2.o
       164         14          0          4          0       7357   flash.o
        92          4        512          0          0       3261   hal_crc.o
       328         30          0          0          0       5777   hal_flash.o
       858         34         72          0          0      14771   hal_flash_cfg.o
       294          0          0          0          0      10311   hal_tp.o
       172         12          0          4          0       6793   hal_tp_cfg.o
       364         32         17         12         20       8983   hal_uart.o
      3312        260        100         14       2080      29686   hal_uart_tp.o
       758         54         48          8          0      16106   hal_uart_tp_cfg.o
        24          0          0          0          0       1582   hal_wdt.o
       332         64          0          0          0      19858   hc32_ll.o
      3040        412          0          0          0      20206   hc32_ll_clk.o
       172         46          0          0          0        755   hc32_ll_efm.o
       384        120          0          0          0       2139   hc32_ll_fcg.o
       778        154          0          0          0       6013   hc32_ll_fcm.o
      1416        262          0          0          0       9479   hc32_ll_gpio.o
         0          0         32          0          0        702   hc32_ll_icg.o
      2860        660          0          0        512     107251   hc32_ll_interrupts.o
       104         36          0          0          0        629   hc32_ll_pwc.o
       220         38          0          0          0        860   hc32_ll_sram.o
       978        248          0          0          0       6890   hc32_ll_tmr0.o
      3794        666         16          0          0      15870   hc32_ll_usart.o
       132         22          0          0          0       2268   hc32_ll_utility.o
       400         46          0          0          0       3081   hc32_ll_wdt.o
       146         14          0          0          0      37676   main.o
      1052         18          0          6       4176       8730   multi_cyc_fifo.o
       116         26        640          0       8192       1020   startup_hc32f460.o
       236         40          0          0          8     272401   system_hc32f460.o
       412         54          0          4          0     311239   time.o
       588         80          0         10          9       7414   uart.o
        82          0          0          0          0       5034   wdt.o

    ----------------------------------------------------------------------
     33156       3998       3836        136      22464    1104456   Object Totals
         0          0         32          0       6144          0   (incl. Generated)
        58          0          3          6          7          0   (incl. Padding)

    ----------------------------------------------------------------------

      Code (inc. data)   RO Data    RW Data    ZI Data      Debug   Library Member Name

         0          0          0          0          0          0   entry.o
         0          0          0          0          0          0   entry10a.o
         0          0          0          0          0          0   entry11a.o
         4          0          0          0          0          0   entry12b.o
         8          4          0          0          0          0   entry2.o
         4          0          0          0          0          0   entry5.o
         0          0          0          0          0          0   entry7b.o
         0          0          0          0          0          0   entry8b.o
         8          4          0          0          0          0   entry9a.o
        30          0          0          0          0          0   handlers.o
        36          8          0          0          0         68   init.o
         0          0          0          0          0          0   iusefp.o
        30          0          0          0          0         68   llshl.o
        32          0          0          0          0         68   llushr.o
        36          0          0          0          0         68   memcpya.o
        36          0          0          0          0        108   memseta.o
        98          0          0          0          0         92   uldiv.o
        56          0          0          0          0         88   d2f.o
       222          0          0          0          0        100   ddiv.o
       186          0          0          0          0        176   depilogue.o
        26          0          0          0          0         76   dfltui.o
        24          0          0          0          0         76   dfltul.o
       110          0          0          0          0        168   fepilogue.o

    ----------------------------------------------------------------------
       948         16          0          0          0       1156   Library Totals
         2          0          0          0          0          0   (incl. Padding)

    ----------------------------------------------------------------------

      Code (inc. data)   RO Data    RW Data    ZI Data      Debug   Library Name

       322         16          0          0          0        472   mc_w.l
       624          0          0          0          0        684   mf_w.l

    ----------------------------------------------------------------------
       948         16          0          0          0       1156   Library Totals

    ----------------------------------------------------------------------

==============================================================================


      Code (inc. data)   RO Data    RW Data    ZI Data      Debug   

     34104       4014       3836        136      22464    1059596   Grand Totals
     34104       4014       3836        136      22464    1059596   ELF Image Totals
     34104       4014       3836        136          0          0   ROM Totals

==============================================================================

    Total RO  Size (Code + RO Data)                37940 (  37.05kB)
    Total RW  Size (RW Data + ZI Data)             22600 (  22.07kB)
    Total ROM Size (Code + RO Data + RW Data)      38076 (  37.18kB)

==============================================================================

