Component: ARM Compiler 5.06 update 7 (build 960) Tool: armlink [4d3601]

==============================================================================

Section Cross References

    startup_hc32f460.o(RESET) refers to startup_hc32f460.o(STACK) for __initial_sp
    startup_hc32f460.o(RESET) refers to startup_hc32f460.o(.text) for Reset_Handler
    startup_hc32f460.o(RESET) refers to hc32_ll_interrupts.o(i.IRQ000_Handler) for IRQ000_Handler
    startup_hc32f460.o(RESET) refers to hc32_ll_interrupts.o(i.IRQ001_Handler) for IRQ001_Handler
    startup_hc32f460.o(RESET) refers to hc32_ll_interrupts.o(i.IRQ002_Handler) for IRQ002_Handler
    startup_hc32f460.o(RESET) refers to hc32_ll_interrupts.o(i.IRQ003_Handler) for IRQ003_Handler
    startup_hc32f460.o(RESET) refers to hc32_ll_interrupts.o(i.IRQ004_Handler) for IRQ004_Handler
    startup_hc32f460.o(RESET) refers to hc32_ll_interrupts.o(i.IRQ005_Handler) for IRQ005_Handler
    startup_hc32f460.o(RESET) refers to hc32_ll_interrupts.o(i.IRQ006_Handler) for IRQ006_Handler
    startup_hc32f460.o(RESET) refers to hc32_ll_interrupts.o(i.IRQ007_Handler) for IRQ007_Handler
    startup_hc32f460.o(RESET) refers to hc32_ll_interrupts.o(i.IRQ008_Handler) for IRQ008_Handler
    startup_hc32f460.o(RESET) refers to hc32_ll_interrupts.o(i.IRQ009_Handler) for IRQ009_Handler
    startup_hc32f460.o(RESET) refers to hc32_ll_interrupts.o(i.IRQ010_Handler) for IRQ010_Handler
    startup_hc32f460.o(RESET) refers to hc32_ll_interrupts.o(i.IRQ011_Handler) for IRQ011_Handler
    startup_hc32f460.o(RESET) refers to hc32_ll_interrupts.o(i.IRQ012_Handler) for IRQ012_Handler
    startup_hc32f460.o(RESET) refers to hc32_ll_interrupts.o(i.IRQ013_Handler) for IRQ013_Handler
    startup_hc32f460.o(RESET) refers to hc32_ll_interrupts.o(i.IRQ014_Handler) for IRQ014_Handler
    startup_hc32f460.o(RESET) refers to hc32_ll_interrupts.o(i.IRQ015_Handler) for IRQ015_Handler
    startup_hc32f460.o(RESET) refers to hc32_ll_interrupts.o(i.IRQ016_Handler) for IRQ016_Handler
    startup_hc32f460.o(RESET) refers to hc32_ll_interrupts.o(i.IRQ017_Handler) for IRQ017_Handler
    startup_hc32f460.o(RESET) refers to hc32_ll_interrupts.o(i.IRQ018_Handler) for IRQ018_Handler
    startup_hc32f460.o(RESET) refers to hc32_ll_interrupts.o(i.IRQ019_Handler) for IRQ019_Handler
    startup_hc32f460.o(RESET) refers to hc32_ll_interrupts.o(i.IRQ020_Handler) for IRQ020_Handler
    startup_hc32f460.o(RESET) refers to hc32_ll_interrupts.o(i.IRQ021_Handler) for IRQ021_Handler
    startup_hc32f460.o(RESET) refers to hc32_ll_interrupts.o(i.IRQ022_Handler) for IRQ022_Handler
    startup_hc32f460.o(RESET) refers to hc32_ll_interrupts.o(i.IRQ023_Handler) for IRQ023_Handler
    startup_hc32f460.o(RESET) refers to hc32_ll_interrupts.o(i.IRQ024_Handler) for IRQ024_Handler
    startup_hc32f460.o(RESET) refers to hc32_ll_interrupts.o(i.IRQ025_Handler) for IRQ025_Handler
    startup_hc32f460.o(RESET) refers to hc32_ll_interrupts.o(i.IRQ026_Handler) for IRQ026_Handler
    startup_hc32f460.o(RESET) refers to hc32_ll_interrupts.o(i.IRQ027_Handler) for IRQ027_Handler
    startup_hc32f460.o(RESET) refers to hc32_ll_interrupts.o(i.IRQ028_Handler) for IRQ028_Handler
    startup_hc32f460.o(RESET) refers to hc32_ll_interrupts.o(i.IRQ029_Handler) for IRQ029_Handler
    startup_hc32f460.o(RESET) refers to hc32_ll_interrupts.o(i.IRQ030_Handler) for IRQ030_Handler
    startup_hc32f460.o(RESET) refers to hc32_ll_interrupts.o(i.IRQ031_Handler) for IRQ031_Handler
    startup_hc32f460.o(RESET) refers to hc32_ll_interrupts.o(i.IRQ032_Handler) for IRQ032_Handler
    startup_hc32f460.o(RESET) refers to hc32_ll_interrupts.o(i.IRQ033_Handler) for IRQ033_Handler
    startup_hc32f460.o(RESET) refers to hc32_ll_interrupts.o(i.IRQ034_Handler) for IRQ034_Handler
    startup_hc32f460.o(RESET) refers to hc32_ll_interrupts.o(i.IRQ035_Handler) for IRQ035_Handler
    startup_hc32f460.o(RESET) refers to hc32_ll_interrupts.o(i.IRQ036_Handler) for IRQ036_Handler
    startup_hc32f460.o(RESET) refers to hc32_ll_interrupts.o(i.IRQ037_Handler) for IRQ037_Handler
    startup_hc32f460.o(RESET) refers to hc32_ll_interrupts.o(i.IRQ038_Handler) for IRQ038_Handler
    startup_hc32f460.o(RESET) refers to hc32_ll_interrupts.o(i.IRQ039_Handler) for IRQ039_Handler
    startup_hc32f460.o(RESET) refers to hc32_ll_interrupts.o(i.IRQ040_Handler) for IRQ040_Handler
    startup_hc32f460.o(RESET) refers to hc32_ll_interrupts.o(i.IRQ041_Handler) for IRQ041_Handler
    startup_hc32f460.o(RESET) refers to hc32_ll_interrupts.o(i.IRQ042_Handler) for IRQ042_Handler
    startup_hc32f460.o(RESET) refers to hc32_ll_interrupts.o(i.IRQ043_Handler) for IRQ043_Handler
    startup_hc32f460.o(RESET) refers to hc32_ll_interrupts.o(i.IRQ044_Handler) for IRQ044_Handler
    startup_hc32f460.o(RESET) refers to hc32_ll_interrupts.o(i.IRQ045_Handler) for IRQ045_Handler
    startup_hc32f460.o(RESET) refers to hc32_ll_interrupts.o(i.IRQ046_Handler) for IRQ046_Handler
[...]
    GPIO_SetFunc                             0x00002fa9   Thumb Code   186  hc32_ll_gpio.o(i.GPIO_SetFunc)
    GPIO_SetPins                             0x00003089   Thumb Code    82  hc32_ll_gpio.o(i.GPIO_SetPins)
    GPIO_SetReadWaitCycle                    0x00003101   Thumb Code    90  hc32_ll_gpio.o(i.GPIO_SetReadWaitCycle)
    GPIO_StructInit                          0x00003181   Thumb Code    32  hc32_ll_gpio.o(i.GPIO_StructInit)
    GetCanReadLen                            0x000031a1   Thumb Code   120  multi_cyc_fifo.o(i.GetCanReadLen)
    GetCanWriteLen                           0x00003219   Thumb Code   118  multi_cyc_fifo.o(i.GetCanWriteLen)
    GetUDSServiceInfo                        0x00003339   Thumb Code    10  app_uds_cfg.o(i.GetUDSServiceInfo)
    HAL_FLASH_APPAddrCheck                   0x00003361   Thumb Code   130  hal_flash_cfg.o(i.HAL_FLASH_APPAddrCheck)
    HAL_FLASH_Get1SectorBytes                0x0000340f   Thumb Code     6  hal_flash_cfg.o(i.HAL_FLASH_Get1SectorBytes)
    HAL_FLASH_GetAPPInfo                     0x00003415   Thumb Code    56  hal_flash_cfg.o(i.HAL_FLASH_GetAPPInfo)
    HAL_FLASH_GetAPPInfo_Info                0x00003455   Thumb Code    56  hal_flash_cfg.o(i.HAL_FLASH_GetAPPInfo_Info)
    HAL_FLASH_GetFlashConfigInfo             0x00003495   Thumb Code    36  hal_flash_cfg.o(i.HAL_FLASH_GetFlashConfigInfo)
    HAL_FLASH_GetFlashDriverInfo             0x000034ed   Thumb Code    18  hal_flash_cfg.o(i.HAL_FLASH_GetFlashDriverInfo)
    HAL_FLASH_GetFlashLengthToSectors        0x00003505   Thumb Code    64  hal_flash_cfg.o(i.HAL_FLASH_GetFlashLengthToSectors)
    HAL_FLASH_GetResetHandlerInfo            0x00003585   Thumb Code    28  hal_flash_cfg.o(i.HAL_FLASH_GetResetHandlerInfo)
    HAL_FLASH_GetTotalSectors                0x000035a9   Thumb Code    82  hal_flash_cfg.o(i.HAL_FLASH_GetTotalSectors)
    HAL_FLASH_RegisterFlashAPI               0x00003661   Thumb Code    30  hal_flash.o(i.HAL_FLASH_RegisterFlashAPI)
    HAL_FLASH_SectorNumberToFlashAddress     0x00003695   Thumb Code   150  hal_flash_cfg.o(i.HAL_FLASH_SectorNumberToFlashAddress)
    HAL_SW_RESTT                             0x00003845   Thumb Code     8  hal_wdt.o(i.HAL_SW_RESTT)
    HAL_TP_DoTxMsgSuccesfulCallback          0x0000384d   Thumb Code     8  hal_tp.o(i.HAL_TP_DoTxMsgSuccesfulCallback)
    HAL_TP_DriverReadDataFromTP              0x00003855   Thumb Code    44  hal_tp_cfg.o(i.HAL_TP_DriverReadDataFromTP)
    HAL_TP_DriverWriteDataInTP               0x00003881   Thumb Code    30  hal_tp_cfg.o(i.HAL_TP_DriverWriteDataInTP)
    HAL_TP_Init                              0x0000389f   Thumb Code     8  hal_tp.o(i.HAL_TP_Init)
    HAL_TP_MainFun                           0x000038a7   Thumb Code     8  hal_tp.o(i.HAL_TP_MainFun)
    HAL_TP_SystemTickCtl                     0x000038af   Thumb Code     8  hal_tp.o(i.HAL_TP_SystemTickCtl)
    HAL_UARTTP_DoTxMsgSuccessfulCallBack     0x000038b9   Thumb Code    22  hal_uart_tp_cfg.o(i.HAL_UARTTP_DoTxMsgSuccessfulCallBack)
    HAL_UARTTP_DriverReadDataFromUARTTP      0x000038d5   Thumb Code   142  hal_uart_tp_cfg.o(i.HAL_UARTTP_DriverReadDataFromUARTTP)
    HAL_UARTTP_GetConfigRxMsgFUNID           0x00003969   Thumb Code     6  hal_uart_tp_cfg.o(i.HAL_UARTTP_GetConfigRxMsgFUNID)
    HAL_UARTTP_GetConfigRxMsgPHYID           0x00003975   Thumb Code     6  hal_uart_tp_cfg.o(i.HAL_UARTTP_GetConfigRxMsgPHYID)
    HAL_UARTTP_GetConfigTxMsgID              0x00003981   Thumb Code     6  hal_uart_tp_cfg.o(i.HAL_UARTTP_GetConfigTxMsgID)
    HAL_UARTTP_IsReceivedMsgIDValid_Extern   0x0000398d   Thumb Code    24  hal_uart_tp_cfg.o(i.HAL_UARTTP_IsReceivedMsgIDValid_Extern)
    HAL_UARTTP_MainFun                       0x000039a9   Thumb Code   158  hal_uart_tp.o(i.HAL_UARTTP_MainFun)
    HAL_UARTTP_RegisterAbortTxMsg            0x00003a59   Thumb Code     6  hal_uart_tp_cfg.o(i.HAL_UARTTP_RegisterAbortTxMsg)
    HAL_UARTTP_SytstemTickControl            0x00003a65   Thumb Code    82  hal_uart_tp.o(i.HAL_UARTTP_SytstemTickControl)
    HAL_UART_DriverWriteDataInUartTP         0x00003ac5   Thumb Code   106  hal_uart_tp_cfg.o(i.HAL_UART_DriverWriteDataInUartTP)
    HAL_WDT_Config                           0x00003b2f   Thumb Code     8  hal_wdt.o(i.HAL_WDT_Config)
    HAL_WDT_FeedDog                          0x00003b37   Thumb Code     8  hal_wdt.o(i.HAL_WDT_FeedDog)
    Hal_UartInit                             0x00003b41   Thumb Code    94  hal_uart.o(i.Hal_UartInit)
    Hal_Uart_Receive                         0x00003ba5   Thumb Code    10  hal_uart.o(i.Hal_Uart_Receive)
    Hal_Uart_Send                            0x00003bb5   Thumb Code    78  hal_uart.o(i.Hal_Uart_Send)
    INTC_IrqSignIn                           0x00003c8d   Thumb Code   168  hc32_ll_interrupts.o(i.INTC_IrqSignIn)
    IRQ000_Handler                           0x00003d61   Thumb Code    14  hc32_ll_interrupts.o(i.IRQ000_Handler)
    IRQ001_Handler                           0x00003d75   Thumb Code    14  hc32_ll_interrupts.o(i.IRQ001_Handler)
    IRQ002_Handler                           0x00003d89   Thumb Code    14  hc32_ll_interrupts.o(i.IRQ002_Handler)
    IRQ003_Handler                           0x00003d9d   Thumb Code    14  hc32_ll_interrupts.o(i.IRQ003_Handler)
    IRQ004_Handler                           0x00003db1   Thumb Code    14  hc32_ll_interrupts.o(i.IRQ004_Handler)
    IRQ005_Handler                           0x00003dc5   Thumb Code    14  hc32_ll_interrupts.o(i.IRQ005_Handler)
    IRQ006_Handler                           0x00003dd9   Thumb Code    14  hc32_ll_interrupts.o(i.IRQ006_Handler)
    IRQ007_Handler                           0x00003ded   Thumb Code    14  hc32_ll_interrupts.o(i.IRQ007_Handler)
    IRQ008_Handler                           0x00003e01   Thumb Code    14  hc32_ll_interrupts.o(i.IRQ008_Handler)
    IRQ009_Handler                           0x00003e15   Thumb Code    14  hc32_ll_interrupts.o(i.IRQ009_Handler)
    IRQ010_Handler                           0x00003e29   Thumb Code    14  hc32_ll_interrupts.o(i.IRQ010_Handler)
    IRQ011_Handler                           0x00003e3d   Thumb Code    14  hc32_ll_interrupts.o(i.IRQ011_Handler)
    IRQ012_Handler                           0x00003e51   Thumb Code    14  hc32_ll_interrupts.o(i.IRQ012_Handler)
    IRQ013_Handler                           0x00003e65   Thumb Code    14  hc32_ll_interrupts.o(i.IRQ013_Handler)
    IRQ014_Handler                           0x00003e79   Thumb Code    14  hc32_ll_interrupts.o(i.IRQ014_Handler)
    IRQ015_Handler                           0x00003e8d   Thumb Code    14  hc32_ll_interrupts.o(i.IRQ015_Handler)
    IRQ016_Handler                           0x00003ea1   Thumb Code    14  hc32_ll_interrupts.o(i.IRQ016_Handler)
    IRQ017_Handler                           0x00003eb5   Thumb Code    14  hc32_ll_interrupts.o(i.IRQ017_Handler)
    IRQ018_Handler                           0x00003ec9   Thumb Code    14  hc32_ll_interrupts.o(i.IRQ018_Handler)
    IRQ019_Handler                           0x00003edd   Thumb Code    14  hc32_ll_interrupts.o(i.IRQ019_Handler)
    IRQ020_Handler                           0x00003ef1   Thumb Code    14  hc32_ll_interrupts.o(i.IRQ020_Handler)
    IRQ021_Handler                           0x00003f05   Thumb Code    14  hc32_ll_interrupts.o(i.IRQ021_Handler)
    IRQ022_Handler                           0x00003f19   Thumb Code    14  hc32_ll_interrupts.o(i.IRQ022_Handler)
    IRQ023_Handler                           0x00003f2d   Thumb Code    14  hc32_ll_interrupts.o(i.IRQ023_Handler)
    IRQ024_Handler                           0x00003f41   Thumb Code    14  hc32_ll_interrupts.o(i.IRQ024_Handler)
    IRQ025_Handler                           0x00003f55   Thumb Code    14  hc32_ll_interrupts.o(i.IRQ025_Handler)
    IRQ026_Handler                           0x00003f69   Thumb Code    14  hc32_ll_interrupts.o(i.IRQ026_Handler)
    IRQ027_Handler                           0x00003f7d   Thumb Code    14  hc32_ll_interrupts.o(i.IRQ027_Handler)
    IRQ028_Handler                           0x00003f91   Thumb Code    14  hc32_ll_interrupts.o(i.IRQ028_Handler)
    IRQ029_Handler                           0x00003fa5   Thumb Code    14  hc32_ll_interrupts.o(i.IRQ029_Handler)
    IRQ030_Handler                           0x00003fb9   Thumb Code    14  hc32_ll_interrupts.o(i.IRQ030_Handler)
    IRQ031_Handler                           0x00003fcd   Thumb Code    14  hc32_ll_interrupts.o(i.IRQ031_Handler)
    IRQ032_Handler                           0x00003fe1   Thumb Code    16  hc32_ll_interrupts.o(i.IRQ032_Handler)
    IRQ033_Handler                           0x00003ff5   Thumb Code    16  hc32_ll_interrupts.o(i.IRQ033_Handler)
    IRQ034_Handler                           0x00004009   Thumb Code    16  hc32_ll_interrupts.o(i.IRQ034_Handler)
    IRQ035_Handler                           0x0000401d   Thumb Code    16  hc32_ll_interrupts.o(i.IRQ035_Handler)
    IRQ036_Handler                           0x00004031   Thumb Code    16  hc32_ll_interrupts.o(i.IRQ036_Handler)
    IRQ037_Handler                           0x00004045   Thumb Code    16  hc32_ll_interrupts.o(i.IRQ037_Handler)
    IRQ038_Handler                           0x00004059   Thumb Code    16  hc32_ll_interrupts.o(i.IRQ038_Handler)
    IRQ039_Handler                           0x0000406d   Thumb Code    16  hc32_ll_interrupts.o(i.IRQ039_Handler)
    IRQ040_Handler                           0x00004081   Thumb Code    16  hc32_ll_interrupts.o(i.IRQ040_Handler)
    IRQ041_Handler                           0x00004095   Thumb Code    16  hc32_ll_interrupts.o(i.IRQ041_Handler)
    IRQ042_Handler                           0x000040a9   Thumb Code    16  hc32_ll_interrupts.o(i.IRQ042_Handler)
    IRQ043_Handler                           0x000040bd   Thumb Code    16  hc32_ll_interrupts.o(i.IRQ043_Handler)
    IRQ044_Handler                           0x000040d1   Thumb Code    16  hc32_ll_interrupts.o(i.IRQ044_Handler)
    IRQ045_Handler                           0x000040e5   Thumb Code    16  hc32_ll_interrupts.o(i.IRQ045_Handler)
    IRQ046_Handler                           0x000040f9   Thumb Code    16  hc32_ll_interrupts.o(i.IRQ046_Handler)
    IRQ047_Handler                           0x0000410d   Thumb Code    16  hc32_ll_interrupts.o(i.IRQ047_Handler)
    IRQ048_Handler                           0x00004121   Thumb Code    16  hc32_ll_interrupts.o(i.IRQ048_Handler)
    IRQ049_Handler                           0x00004135   Thumb Code    16  hc32_ll_interrupts.o(i.IRQ049_Handler)
    IRQ050_Handler                           0x00004149   Thumb Code    16  hc32_ll_interrupts.o(i.IRQ050_Handler)
    IRQ051_Handler                           0x0000415d   Thumb Code    16  hc32_ll_interrupts.o(i.IRQ051_Handler)
    IRQ052_Handler                           0x00004171   Thumb Code    16  hc32_ll_interrupts.o(i.IRQ052_Handler)
    IRQ053_Handler                           0x00004185   Thumb Code    16  hc32_ll_interrupts.o(i.IRQ053_Handler)
    IRQ054_Handler                           0x00004199   Thumb Code    16  hc32_ll_interrupts.o(i.IRQ054_Handler)
    IRQ055_Handler                           0x000041ad   Thumb Code    16  hc32_ll_interrupts.o(i.IRQ055_Handler)
    IRQ056_Handler                           0x000041c1   Thumb Code    16  hc32_ll_interrupts.o(i.IRQ056_Handler)
    IRQ057_Handler                           0x000041d5   Thumb Code    16  hc32_ll_interrupts.o(i.IRQ057_Handler)
    IRQ058_Handler                           0x000041e9   Thumb Code    16  hc32_ll_interrupts.o(i.IRQ058_Handler)
    IRQ059_Handler                           0x000041fd   Thumb Code    16  hc32_ll_interrupts.o(i.IRQ059_Handler)
    IRQ060_Handler                           0x00004211   Thumb Code    16  hc32_ll_interrupts.o(i.IRQ060_Handler)
    IRQ061_Handler                           0x00004225   Thumb Code    16  hc32_ll_interrupts.o(i.IRQ061_Handler)
    IRQ062_Handler                           0x00004239   Thumb Code    16  hc32_ll_interrupts.o(i.IRQ062_Handler)
    IRQ063_Handler                           0x0000424d   Thumb Code    16  hc32_ll_interrupts.o(i.IRQ063_Handler)
    IRQ064_Handler                           0x00004261   Thumb Code    16  hc32_ll_interrupts.o(i.IRQ064_Handler)
    IRQ065_Handler                           0x00004275   Thumb Code    16  hc32_ll_interrupts.o(i.IRQ065_Handler)
    IRQ066_Handler                           0x00004289   Thumb Code    16  hc32_ll_interrupts.o(i.IRQ066_Handler)
    IRQ067_Handler                           0x0000429d   Thumb Code    16  hc32_ll_interrupts.o(i.IRQ067_Handler)
    IRQ068_Handler                           0x000042b1   Thumb Code    16  hc32_ll_interrupts.o(i.IRQ068_Handler)
    IRQ069_Handler                           0x000042c5   Thumb Code    16  hc32_ll_interrupts.o(i.IRQ069_Handler)
    IRQ070_Handler                           0x000042d9   Thumb Code    16  hc32_ll_interrupts.o(i.IRQ070_Handler)
    IRQ071_Handler                           0x000042ed   Thumb Code    16  hc32_ll_interrupts.o(i.IRQ071_Handler)
    IRQ072_Handler                           0x00004301   Thumb Code    16  hc32_ll_interrupts.o(i.IRQ072_Handler)
    IRQ073_Handler                           0x00004315   Thumb Code    16  hc32_ll_interrupts.o(i.IRQ073_Handler)
    IRQ074_Handler                           0x00004329   Thumb Code    16  hc32_ll_interrupts.o(i.IRQ074_Handler)
    IRQ075_Handler                           0x0000433d   Thumb Code    16  hc32_ll_interrupts.o(i.IRQ075_Handler)
    IRQ076_Handler                           0x00004351   Thumb Code    16  hc32_ll_interrupts.o(i.IRQ076_Handler)
    IRQ077_Handler                           0x00004365   Thumb Code    16  hc32_ll_interrupts.o(i.IRQ077_Handler)
    IRQ078_Handler                           0x00004379   Thumb Code    16  hc32_ll_interrupts.o(i.IRQ078_Handler)
    IRQ079_Handler                           0x0000438d   Thumb Code    16  hc32_ll_interrupts.o(i.IRQ079_Handler)
    IRQ080_Handler                           0x000043a1   Thumb Code    16  hc32_ll_interrupts.o(i.IRQ080_Handler)
    IRQ081_Handler                           0x000043b5   Thumb Code    16  hc32_ll_interrupts.o(i.IRQ081_Handler)
    IRQ082_Handler                           0x000043c9   Thumb Code    16  hc32_ll_interrupts.o(i.IRQ082_Handler)
    IRQ083_Handler                           0x000043dd   Thumb Code    16  hc32_ll_interrupts.o(i.IRQ083_Handler)
    IRQ084_Handler                           0x000043f1   Thumb Code    16  hc32_ll_interrupts.o(i.IRQ084_Handler)
    IRQ085_Handler                           0x00004405   Thumb Code    16  hc32_ll_interrupts.o(i.IRQ085_Handler)
    IRQ086_Handler                           0x00004419   Thumb Code    16  hc32_ll_interrupts.o(i.IRQ086_Handler)
    IRQ087_Handler                           0x0000442d   Thumb Code    16  hc32_ll_interrupts.o(i.IRQ087_Handler)
    IRQ088_Handler                           0x00004441   Thumb Code    16  hc32_ll_interrupts.o(i.IRQ088_Handler)
    IRQ089_Handler                           0x00004455   Thumb Code    16  hc32_ll_interrupts.o(i.IRQ089_Handler)
    IRQ090_Handler                           0x00004469   Thumb Code    16  hc32_ll_interrupts.o(i.IRQ090_Handler)
    IRQ091_Handler                           0x0000447d   Thumb Code    16  hc32_ll_interrupts.o(i.IRQ091_Handler)
    IRQ092_Handler                           0x00004491   Thumb Code    16  hc32_ll_interrupts.o(i.IRQ092_Handler)
    IRQ093_Handler                           0x000044a5   Thumb Code    16  hc32_ll_interrupts.o(i.IRQ093_Handler)
    IRQ094_Handler                           0x000044b9   Thumb Code    16  hc32_ll_interrupts.o(i.IRQ094_Handler)
    IRQ095_Handler                           0x000044cd   Thumb Code    16  hc32_ll_interrupts.o(i.IRQ095_Handler)
    IRQ096_Handler                           0x000044e1   Thumb Code    16  hc32_ll_interrupts.o(i.IRQ096_Handler)
    IRQ097_Handler                           0x000044f5   Thumb Code    16  hc32_ll_interrupts.o(i.IRQ097_Handler)
    IRQ098_Handler                           0x00004509   Thumb Code    16  hc32_ll_interrupts.o(i.IRQ098_Handler)
    IRQ099_Handler                           0x0000451d   Thumb Code    16  hc32_ll_interrupts.o(i.IRQ099_Handler)
    IRQ100_Handler                           0x00004531   Thumb Code    16  hc32_ll_interrupts.o(i.IRQ100_Handler)
    IRQ101_Handler                           0x00004545   Thumb Code    16  hc32_ll_interrupts.o(i.IRQ101_Handler)
    IRQ102_Handler                           0x00004559   Thumb Code    16  hc32_ll_interrupts.o(i.IRQ102_Handler)
    IRQ103_Handler                           0x0000456d   Thumb Code    16  hc32_ll_interrupts.o(i.IRQ103_Handler)
    IRQ104_Handler                           0x00004581   Thumb Code    16  hc32_ll_interrupts.o(i.IRQ104_Handler)
    IRQ105_Handler                           0x00004595   Thumb Code    16  hc32_ll_interrupts.o(i.IRQ105_Handler)
    IRQ106_Handler                           0x000045a9   Thumb Code    16  hc32_ll_interrupts.o(i.IRQ106_Handler)
    IRQ107_Handler                           0x000045bd   Thumb Code    16  hc32_ll_interrupts.o(i.IRQ107_Handler)
    IRQ108_Handler                           0x000045d1   Thumb Code    16  hc32_ll_interrupts.o(i.IRQ108_Handler)
    IRQ109_Handler                           0x000045e5   Thumb Code    16  hc32_ll_interrupts.o(i.IRQ109_Handler)
    IRQ110_Handler                           0x000045f9   Thumb Code    16  hc32_ll_interrupts.o(i.IRQ110_Handler)
    IRQ111_Handler                           0x0000460d   Thumb Code    16  hc32_ll_interrupts.o(i.IRQ111_Handler)
    IRQ112_Handler                           0x00004621   Thumb Code    16  hc32_ll_interrupts.o(i.IRQ112_Handler)
    IRQ113_Handler                           0x00004635   Thumb Code    16  hc32_ll_interrupts.o(i.IRQ113_Handler)
    IRQ114_Handler                           0x00004649   Thumb Code    16  hc32_ll_interrupts.o(i.IRQ114_Handler)
    IRQ115_Handler                           0x0000465d   Thumb Code    16  hc32_ll_interrupts.o(i.IRQ115_Handler)
    IRQ116_Handler                           0x00004671   Thumb Code    16  hc32_ll_interrupts.o(i.IRQ116_Handler)
    IRQ117_Handler                           0x00004685   Thumb Code    16  hc32_ll_interrupts.o(i.IRQ117_Handler)
    IRQ118_Handler                           0x00004699   Thumb Code    16  hc32_ll_interrupts.o(i.IRQ118_Handler)
    IRQ119_Handler                           0x000046ad   Thumb Code    16  hc32_ll_interrupts.o(i.IRQ119_Handler)
    IRQ120_Handler                           0x000046c1   Thumb Code    16  hc32_ll_interrupts.o(i.IRQ120_Handler)
    IRQ121_Handler                           0x000046d5   Thumb Code    16  hc32_ll_interrupts.o(i.IRQ121_Handler)
    IRQ122_Handler                           0x000046e9   Thumb Code    16  hc32_ll_interrupts.o(i.IRQ122_Handler)
    IRQ123_Handler                           0x000046fd   Thumb Code    16  hc32_ll_interrupts.o(i.IRQ123_Handler)
    IRQ124_Handler                           0x00004711   Thumb Code    16  hc32_ll_interrupts.o(i.IRQ124_Handler)
    IRQ125_Handler                           0x00004725   Thumb Code    16  hc32_ll_interrupts.o(i.IRQ125_Handler)
    IRQ126_Handler                           0x00004739   Thumb Code    16  hc32_ll_interrupts.o(i.IRQ126_Handler)
    IRQ127_Handler                           0x0000474d   Thumb Code    16  hc32_ll_interrupts.o(i.IRQ127_Handler)
    IsCurDefaultSession                      0x000047e9   Thumb Code    18  app_uds_cfg.o(i.IsCurDefaultSession)
    IsCurRxIdCanRequest                      0x00004801   Thumb Code    26  app_uds_cfg.o(i.IsCurRxIdCanRequest)
    IsCurSecurityLevelRequet                 0x00004821   Thumb Code    26  app_uds_cfg.o(i.IsCurSecurityLevelRequet)
    IsCurSeesionCanRequest                   0x00004841   Thumb Code    26  app_uds_cfg.o(i.IsCurSeesionCanRequest)
    IsRequestEnterBootloader                 0x00004901   Thumb Code    32  app_boot_cfg.o(i.IsRequestEnterBootloader)
    IsS3ServerTimeout                        0x00004955   Thumb Code    16  app_uds_cfg.o(i.IsS3ServerTimeout)
    LL_PERIPH_WE                             0x000049a1   Thumb Code   122  hc32_ll.o(i.LL_PERIPH_WE)
    LL_PERIPH_WP                             0x00004a31   Thumb Code   114  hc32_ll.o(i.LL_PERIPH_WP)
    PWC_HighSpeedToHighPerformance           0x00004ab9   Thumb Code    68  hc32_ll_pwc.o(i.PWC_HighSpeedToHighPerformance)
    ReadDataFromFifo                         0x00004b55   Thumb Code   214  multi_cyc_fifo.o(i.ReadDataFromFifo)
    RegisterFrameReceivedCallback            0x00004c69   Thumb Code     6  uart.o(i.RegisterFrameReceivedCallback)
    RestartS3Server                          0x00004e49   Thumb Code    18  app_uds_cfg.o(i.RestartS3Server)
    SRAM_SetWaitCycle                        0x00004f0d   Thumb Code   182  hc32_ll_sram.o(i.SRAM_SetWaitCycle)
    SaveRequestIdType                        0x00004fe9   Thumb Code    44  app_uds_cfg.o(i.SaveRequestIdType)
    SendMsgMainFun                           0x000050d5   Thumb Code    48  main.o(i.SendMsgMainFun)
    SetCurrentSession                        0x00005109   Thumb Code     6  app_uds_cfg.o(i.SetCurrentSession)
    SetDownloadAppSuccessful                 0x00005115   Thumb Code    28  app_boot_cfg.o(i.SetDownloadAppSuccessful)
    SetIsRxUdsMsg                            0x00005135   Thumb Code    18  app_uds_cfg.o(i.SetIsRxUdsMsg)
    SetNegativeErroCode                      0x0000514d   Thumb Code    14  app_uds_cfg.o(i.SetNegativeErroCode)
    SetSecurityLevel                         0x0000515d   Thumb Code     6  app_uds_cfg.o(i.SetSecurityLevel)
    SystemCoreClockUpdate                    0x00005811   Thumb Code   174  system_hc32f460.o(i.SystemCoreClockUpdate)
    SystemInit                               0x000058e1   Thumb Code    28  system_hc32f460.o(i.SystemInit)
    TIMER0_GetTimerTickCnt                   0x00005a75   Thumb Code    24  time.o(i.TIMER0_GetTimerTickCnt)
    TMR0_ClearStatus                         0x00005a91   Thumb Code    70  hc32_ll_tmr0.o(i.TMR0_ClearStatus)
    TMR0_GetCountValue                       0x00005b01   Thumb Code    66  hc32_ll_tmr0.o(i.TMR0_GetCountValue)
    TMR0_HWStopCondCmd                       0x00005b6d   Thumb Code   114  hc32_ll_tmr0.o(i.TMR0_HWStopCondCmd)
    TMR0_Init                                0x00005c09   Thumb Code   284  hc32_ll_tmr0.o(i.TMR0_Init)
    TMR0_IntCmd                              0x00005d4d   Thumb Code   104  hc32_ll_tmr0.o(i.TMR0_IntCmd)
    TMR0_Start                               0x00005ddd   Thumb Code    66  hc32_ll_tmr0.o(i.TMR0_Start)
    TMR0_StructInit                          0x00005e49   Thumb Code    26  hc32_ll_tmr0.o(i.TMR0_StructInit)
    TP_DoTransmittedAFrameMsgCallBack        0x00005e65   Thumb Code    26  hal_tp_cfg.o(i.TP_DoTransmittedAFrameMsgCallBack)
    TP_GetConfigRxMsgFUNID                   0x00005e85   Thumb Code    14  hal_tp_cfg.o(i.TP_GetConfigRxMsgFUNID)
    TP_GetConfigRxMsgPHYID                   0x00005e93   Thumb Code    14  hal_tp_cfg.o(i.TP_GetConfigRxMsgPHYID)
    TP_GetConfigTxMsgID                      0x00005ea1   Thumb Code    14  hal_tp_cfg.o(i.TP_GetConfigTxMsgID)
    TP_ReadAFrameDataFromTP                  0x00005eaf   Thumb Code   128  hal_tp.o(i.TP_ReadAFrameDataFromTP)
    TP_RegisterAbortTxMsg                    0x00005f2f   Thumb Code    12  hal_tp_cfg.o(i.TP_RegisterAbortTxMsg)
    TP_RegisterTransmittedAFrmaeMsgCallBack  0x00005f3d   Thumb Code     6  hal_tp_cfg.o(i.TP_RegisterTransmittedAFrmaeMsgCallBack)
    TP_WriteAFrameDataInTP                   0x00005f49   Thumb Code   134  hal_tp.o(i.TP_WriteAFrameDataInTP)
    Timer0_Init_Template                     0x00005fe9   Thumb Code    22  time.o(i.Timer0_Init_Template)
    UDS_ALG_AddSWTimerTickCnt                0x00007011   Thumb Code    12  app_uds_alg.o(i.UDS_ALG_AddSWTimerTickCnt)
    UDS_ALG_DecryptData                      0x00007021   Thumb Code    30  app_uds_alg.o(i.UDS_ALG_DecryptData)
    UDS_ALG_GetRandom                        0x00007045   Thumb Code   120  app_uds_alg.o(i.UDS_ALG_GetRandom)
    UDS_ALG_Init                             0x000070c1   Thumb Code     2  app_uds_alg.o(i.UDS_ALG_Init)
    UDS_GetUDSS3WatermarkTimerMs             0x000070c5   Thumb Code    16  app_uds_cfg.o(i.UDS_GetUDSS3WatermarkTimerMs)
    UDS_Init                                 0x000070d9   Thumb Code    24  app_uds.o(i.UDS_Init)
    UDS_MAIN_Init                            0x000070f9   Thumb Code    46  app_bootloader.o(i.UDS_MAIN_Init)
    UDS_MAIN_Process                         0x00007127   Thumb Code    44  app_bootloader.o(i.UDS_MAIN_Process)
    UDS_MainFun                              0x00007153   Thumb Code   312  app_uds.o(i.UDS_MainFun)
    UDS_SystemTickCtl                        0x0000728d   Thumb Code    60  app_uds_cfg.o(i.UDS_SystemTickCtl)
    UDS_TxMsgToHost                          0x000072cd   Thumb Code    70  app_uds_cfg.o(i.UDS_TxMsgToHost)
    USART_ClearStatus                        0x00007319   Thumb Code   108  hc32_ll_usart.o(i.USART_ClearStatus)
    USART_FuncCmd                            0x000073b9   Thumb Code   124  hc32_ll_usart.o(i.USART_FuncCmd)
    USART_GetStatus                          0x00007481   Thumb Code    88  hc32_ll_usart.o(i.USART_GetStatus)
    USART_ReadData                           0x00007589   Thumb Code    48  hc32_ll_usart.o(i.USART_ReadData)
    USART_SendMessage                        0x00007649   Thumb Code    62  uart.o(i.USART_SendMessage)
    USART_SetBaudrate                        0x0000768d   Thumb Code   206  hc32_ll_usart.o(i.USART_SetBaudrate)
    USART_UART_Init                          0x00007791   Thumb Code   436  hc32_ll_usart.o(i.USART_UART_Init)
    USART_UART_StructInit                    0x00007975   Thumb Code    46  hc32_ll_usart.o(i.USART_UART_StructInit)
    USART_UART_Trans                         0x000079a5   Thumb Code   160  hc32_ll_usart.o(i.USART_UART_Trans)
    USART_WriteData                          0x00007b2d   Thumb Code    72  hc32_ll_usart.o(i.USART_WriteData)
    Uart_Init                                0x00007ba5   Thumb Code   142  uart.o(i.Uart_Init)
    Uart_Rx_Message                          0x00007c41   Thumb Code    54  uart.o(i.Uart_Rx_Message)
    WDT_Config                               0x00007c7d   Thumb Code    38  wdt.o(i.WDT_Config)
    WDT_FeedDog                              0x00007ca5   Thumb Code    16  hc32_ll_wdt.o(i.WDT_FeedDog)
    WDT_Init                                 0x00007cb9   Thumb Code   338  hc32_ll_wdt.o(i.WDT_Init)
    WriteDataInFifo                          0x00007e73   Thumb Code   186  multi_cyc_fifo.o(i.WriteDataInFifo)
    __scatterload_copy                       0x00007f2d   Thumb Code    14  handlers.o(i.__scatterload_copy)
    __scatterload_null                       0x00007f3b   Thumb Code     2  handlers.o(i.__scatterload_null)
    __scatterload_zeroinit                   0x00007f3d   Thumb Code    14  handlers.o(i.__scatterload_zeroinit)
    deAes                                    0x0000803d   Thumb Code   166  aes.o(i.deAes)
    main                                     0x00008479   Thumb Code    20  main.o(i.main)
    g_astRxMsgConfig                         0x00008540   Data          16  hal_uart.o(.constdata)
    g_ucRxCANMsgIDNum                        0x00008550   Data           1  hal_uart.o(.constdata)
    g_stUARTUdsNetLayerCfgInfo               0x00008554   Data          48  hal_uart_tp_cfg.o(.constdata)
    gs_astFlashDriverBlock                   0x000087e8   Data           8  hal_flash_cfg.o(.constdata)
    gs_astBlockNumA                          0x000087f0   Data           8  hal_flash_cfg.o(.constdata)
    gs_blockNumA                             0x000087f8   Data           4  hal_flash_cfg.o(.constdata)
    gs_astBlockNumAppInfo                    0x000087fc   Data          16  hal_flash_cfg.o(.constdata)
    gs_blockNumAppInfo                       0x0000880c   Data           4  hal_flash_cfg.o(.constdata)
    gs_astBlockNumB                          0x00008810   Data           8  hal_flash_cfg.o(.constdata)
    gs_blockNumB                             0x00008818   Data           4  hal_flash_cfg.o(.constdata)
    gs_stUdsAppCfg                           0x000090fc   Data           6  app_uds_cfg.o(.constdata)
    Region$$Table$$Base                      0x00009164   Number         0  anon$$obj.o(Region$$Table)
    Region$$Table$$Limit                     0x00009184   Number         0  anon$$obj.o(Region$$Table)
    SystemCoreClock                          0x1fff8000   Data           4  system_hc32f460.o(.bss.noinit)
    HRC_VALUE                                0x1fff8004   Data           4  system_hc32f460.o(.bss.noinit)
    g_stTxMsgConfig                          0x1fff8024   Data          12  hal_uart.o(.data)
    gs_stJumpAPPDelayTimeInfo                0x1fff807c   Data           8  app_uds_cfg.o(.data)
    JumpAddress                              0x1fff8088   Data           4  app_boot_cfg.o(.data)
    JumpToApplication                        0x1fff808c   Data           4  app_boot_cfg.o(.data)
    __initial_sp                             0x1fffc048   Data           0  startup_hc32f460.o(STACK)



==============================================================================

Memory Map of the image

  Image Entry point : 0x00000281

  Load Region LR_IROM1 (Base: 0x00000000, Size: 0x0000920c, Max: 0x00010000, ABSOLUTE)

    Execution Region ER_IROM1 (Exec base: 0x00000000, Load base: 0x00000000, Size: 0x00009184, Max: 0x00010000, ABSOLUTE)

    Exec Addr    Load Addr    Size         Type   Attr      Idx    E Section Name        Object

    0x00000000   0x00000000   0x00000280   Data   RO            4    RESET               startup_hc32f460.o
    0x00000280   0x00000280   0x00000000   Code   RO         7067  * .ARM.Collect$$$$00000000  mc_w.l(entry.o)
    0x00000280   0x00000280   0x00000004   Code   RO         7086    .ARM.Collect$$$$00000001  mc_w.l(entry2.o)
    0x00000284   0x00000284   0x00000004   Code   RO         7089    .ARM.Collect$$$$00000004  mc_w.l(entry5.o)
    0x00000288   0x00000288   0x00000000   Code   RO         7091    .ARM.Collect$$$$00000008  mc_w.l(entry7b.o)
    0x00000288   0x00000288   0x00000000   Code   RO         7093    .ARM.Collect$$$$0000000A  mc_w.l(entry8b.o)
    0x00000288   0x00000288   0x00000008   Code   RO         7094    .ARM.Collect$$$$0000000B  mc_w.l(entry9a.o)
    0x00000290   0x00000290   0x00000004   Code   RO         7101    .ARM.Collect$$$$0000000E  mc_w.l(entry12b.o)
    0x00000294   0x00000294   0x00000000   Code   RO         7096    .ARM.Collect$$$$0000000F  mc_w.l(entry10a.o)
    0x00000294   0x00000294   0x00000000   Code   RO         7098    .ARM.Collect$$$$00000011  mc_w.l(entry11a.o)
    0x00000294   0x00000294   0x00000004   Code   RO         7087    .ARM.Collect$$$$00002712  mc_w.l(entry2.o)
    0x00000298   0x00000298   0x00000074   Code   RO            5    .text               startup_hc32f460.o
    0x0000030c   0x0000030c   0x00000062   Code   RO         7070    .text               mc_w.l(uldiv.o)
    0x0000036e   0x0000036e   0x00000024   Code   RO         7072    .text               mc_w.l(memcpya.o)
    0x00000392   0x00000392   0x00000024   Code   RO         7074    .text               mc_w.l(memseta.o)
    0x000003b6   0x000003b6   0x0000001a   Code   RO         7080    .text               mf_w.l(dfltui.o)
    0x000003d0   0x000003d0   0x00000018   Code   RO         7082    .text               mf_w.l(dfltul.o)
    0x000003e8   0x000003e8   0x00000000   Code   RO         7106    .text               mc_w.l(iusefp.o)
    0x000003e8   0x000003e8   0x00000002   Code   RO           85    i.BSP_AbortCANTxMsg  main.o
    0x000003ea   0x000003ea   0x00000008   Code   RO         4575    i.BSP_WDT_FeedDog   wdt.o
    0x000003f2   0x000003f2   0x00000004   Code   RO         5314    i.CRC_HAL_Init      hal_crc.o
    0x000003f6   0x000003f6   0x00000004   Code   RO         3997    i.DDL_AssertHandler  hc32_ll_utility.o
    0x000003fa   0x000003fa   0x00000002   Code   RO         5351    i.HAL_FLASH_Deinit  hal_flash.o
    0x000003fc   0x000003fc   0x00000004   Code   RO         5402    i.HAL_FLASH_GetEraseFlashASectorMaxTimeMs  hal_flash_cfg.o
    0x00000400   0x00000400   0x00000020   Data   RO         1683    .ARM.__AT_0x00000400  hc32_ll_icg.o
    0x00000420   0x00000420   0x000000de   Code   RO         7078    .text               mf_w.l(ddiv.o)
    0x000004fe   0x000004fe   0x00000038   Code   RO         7084    .text               mf_w.l(d2f.o)
    0x00000536   0x00000536   0x0000001e   Code   RO         7102    .text               mc_w.l(llshl.o)
    0x00000554   0x00000554   0x00000020   Code   RO         7104    .text               mc_w.l(llushr.o)
    0x00000574   0x00000574   0x0000006e   Code   RO         7107    .text               mf_w.l(fepilogue.o)
    0x000005e2   0x000005e2   0x000000ba   Code   RO         7109    .text               mf_w.l(depilogue.o)
    0x0000069c   0x0000069c   0x00000024   Code   RO         7111    .text               mc_w.l(init.o)
    0x000006c0   0x000006c0   0x0000003e   Code   RO         4977    i.AddInList         multi_cyc_fifo.o
    0x000006fe   0x000006fe   0x00000002   PAD
    0x00000700   0x00000700   0x000000f0   Code   RO         4978    i.ApplyFifo         multi_cyc_fifo.o
    0x000007f0   0x000007f0   0x000000cc   Code   RO         4180    i.BSP_CLK_Init      ev_hc32f460_lqfp100_v2.o
    0x000008bc   0x000008bc   0x00000020   Code   RO         4512    i.BSP_EraseFlashSector  flash.o
    0x000008dc   0x000008dc   0x0000002c   Code   RO           86    i.BSP_Init          main.o
    0x00000908   0x00000908   0x00000038   Code   RO         4514    i.BSP_InitFlashAPI  flash.o
    0x00000940   0x00000940   0x00000028   Code   RO         4189    i.BSP_KEY_KEY10_IrqHandler  ev_hc32f460_lqfp100_v2.o
    0x00000968   0x00000968   0x00000024   Code   RO         4574    i.BSP_SW_RESTT      wdt.o
    0x0000098c   0x0000098c   0x0000001c   Code   RO         4387    i.BSP_TIMER_Is100msTickTimeout  time.o
    0x000009a8   0x000009a8   0x0000001c   Code   RO         4388    i.BSP_TIMER_Is1msTickTimeout  time.o
    0x000009c4   0x000009c4   0x00000024   Code   RO         4516    i.BSP_WriteFlash    flash.o
    0x000009e8   0x000009e8   0x000000f4   Code   RO         4196    i.BSP_XTAL32_Init   ev_hc32f460_lqfp100_v2.o
    0x00000adc   0x00000adc   0x0000002c   Code   RO         4303    i.BT615_PWR_Hw_Init  uart.o
    0x00000b08   0x00000b08   0x00000020   Code   RO         6915    i.Boot_CalculateInfoCRC  app_boot_cfg.o
    0x00000b28   0x00000b28   0x0000001e   Code   RO         6789    i.Boot_CheckReqBootloaderMode  app_boot.o
    0x00000b46   0x00000b46   0x00000018   Code   RO         6790    i.Boot_IsAPPValid   app_boot.o
    0x00000b5e   0x00000b5e   0x00000002   PAD
    0x00000b60   0x00000b60   0x00000024   Code   RO         6916    i.Boot_IsInfoValid  app_boot_cfg.o
    0x00000b84   0x00000b84   0x0000004c   Code   RO         6918    i.Boot_JumpToApp    app_boot_cfg.o
    0x00000bd0   0x00000bd0   0x00000022   Code   RO         6791    i.Boot_JumpToAppOrNot  app_boot.o
    0x00000bf2   0x00000bf2   0x00000002   PAD
    0x00000bf4   0x00000bf4   0x00000054   Code   RO          388    i.CLK_GetStableStatus  hc32_ll_clk.o
    0x00000c48   0x00000c48   0x000000bc   Code   RO          398    i.CLK_PLLCmd        hc32_ll_clk.o
    0x00000d04   0x00000d04   0x00000298   Code   RO          399    i.CLK_PLLInit       hc32_ll_clk.o
    0x00000f9c   0x00000f9c   0x00000052   Code   RO          400    i.CLK_PLLStructInit  hc32_ll_clk.o
    0x00000fee   0x00000fee   0x00000014   Code   RO          404    i.CLK_SetClockDiv   hc32_ll_clk.o
    0x00001002   0x00001002   0x00000010   Code   RO          408    i.CLK_SetSysClockSrc  hc32_ll_clk.o
    0x00001012   0x00001012   0x00000030   Code   RO          412    i.CLK_WaitStable    hc32_ll_clk.o
    0x00001042   0x00001042   0x00000002   PAD
    0x00001044   0x00001044   0x00000090   Code   RO          413    i.CLK_Xtal32Cmd     hc32_ll_clk.o
    0x000010d4   0x000010d4   0x000000c8   Code   RO          414    i.CLK_Xtal32Init    hc32_ll_clk.o
    0x0000119c   0x0000119c   0x00000014   Code   RO          415    i.CLK_Xtal32StructInit  hc32_ll_clk.o
    0x000011b0   0x000011b0   0x000000b8   Code   RO          416    i.CLK_XtalCmd       hc32_ll_clk.o
    0x00001268   0x00001268   0x00000138   Code   RO          417    i.CLK_XtalInit      hc32_ll_clk.o
    0x000013a0   0x000013a0   0x0000001e   Code   RO          420    i.CLK_XtalStructInit  hc32_ll_clk.o
    0x000013be   0x000013be   0x00000014   Code   RO         5311    i.CRC_HAL_CreatHardwareCrc  hal_crc.o
    0x000013d2   0x000013d2   0x00000014   Code   RO         5312    i.CRC_HAL_CreatSoftwareCrc  hal_crc.o
    0x000013e6   0x000013e6   0x00000002   PAD
    0x000013e8   0x000013e8   0x0000001c   Code   RO         4738    i.CheckUARTTranmittedStatus  hal_uart.o
    0x00001404   0x00001404   0x00000034   Code   RO         4979    i.ClearFIFO         multi_cyc_fifo.o
    0x00001438   0x00001438   0x00000020   Code   RO         6920    i.ClearRequestEnterBootloaderFlag  app_boot_cfg.o
    0x00001458   0x00001458   0x00000204   Code   RO         3732    i.ClockSync_CalculateBrr  hc32_ll_usart.o
    0x0000165c   0x0000165c   0x00000044   Code   RO         6424    i.CommunicationControl  app_uds_cfg.o
    0x000016a0   0x000016a0   0x00000044   Code   RO         6425    i.ControlDTCSetting  app_uds_cfg.o
    0x000016e4   0x000016e4   0x00000030   Code   RO         5315    i.CreatSoftwareCrc16  hal_crc.o
    0x00001714   0x00001714   0x00000040   Code   RO         3998    i.DDL_DelayMS       hc32_ll_utility.o
    0x00001754   0x00001754   0x00000040   Code   RO         3999    i.DDL_DelayUS       hc32_ll_utility.o
    0x00001794   0x00001794   0x0000009c   Code   RO         6426    i.DigSession        app_uds_cfg.o
    0x00001830   0x00001830   0x00000066   Code   RO         5893    i.DoCheckNewestAPPCnt  app_flash.o
    0x00001896   0x00001896   0x00000078   Code   RO         5894    i.DoCheckNewestAPPInfo  app_flash.o
    0x0000190e   0x0000190e   0x00000022   Code   RO         6427    i.DoCheckProgrammingDependency  app_uds_cfg.o
    0x00001930   0x00001930   0x0000001c   Code   RO         6428    i.DoCheckSum        app_uds_cfg.o
    0x0000194c   0x0000194c   0x0000001c   Code   RO         6429    i.DoEraseFlash      app_uds_cfg.o
    0x00001968   0x00001968   0x00000068   Code   RO         6430    i.DoEraseFlashResponse  app_uds_cfg.o
    0x000019d0   0x000019d0   0x00000010   Code   RO         6431    i.DoResetMCU        app_uds_cfg.o
    0x000019e0   0x000019e0   0x00000068   Code   RO         6432    i.DoResponseChecksum  app_uds_cfg.o
    0x00001a48   0x00001a48   0x000000ac   Code   RO          773    i.EFM_SetWaitCycle  hc32_ll_efm.o
    0x00001af4   0x00001af4   0x00000058   Code   RO         1704    i.EXTINT_ClearExtIntStatus  hc32_ll_interrupts.o
    0x00001b4c   0x00001b4c   0x00000090   Code   RO         1002    i.FCG_Fcg0PeriphClockCmd  hc32_ll_fcg.o
    0x00001bdc   0x00001bdc   0x00000078   Code   RO         1003    i.FCG_Fcg1PeriphClockCmd  hc32_ll_fcg.o
    0x00001c54   0x00001c54   0x00000078   Code   RO         1004    i.FCG_Fcg2PeriphClockCmd  hc32_ll_fcg.o
    0x00001ccc   0x00001ccc   0x00000050   Code   RO         1044    i.FCM_ClearStatus   hc32_ll_fcm.o
    0x00001d1c   0x00001d1c   0x00000044   Code   RO         1045    i.FCM_Cmd           hc32_ll_fcm.o
    0x00001d60   0x00001d60   0x00000030   Code   RO         1046    i.FCM_DeInit        hc32_ll_fcm.o
    0x00001d90   0x00001d90   0x00000054   Code   RO         1048    i.FCM_GetStatus     hc32_ll_fcm.o
    0x00001de4   0x00001de4   0x000001cc   Code   RO         1049    i.FCM_Init          hc32_ll_fcm.o
    0x00001fb0   0x00001fb0   0x00000026   Code   RO         1054    i.FCM_StructInit    hc32_ll_fcm.o
    0x00001fd6   0x00001fd6   0x00000002   PAD
    0x00001fd8   0x00001fd8   0x0000004c   Code   RO         5895    i.FLASH_APP_Init    app_flash.o
    0x00002024   0x00002024   0x0000003c   Code   RO         4980    i.FindFifo          multi_cyc_fifo.o
    0x00002060   0x00002060   0x000000a4   Code   RO         5896    i.FlashChecksum     app_flash.o
    0x00002104   0x00002104   0x00000370   Code   RO         5897    i.FlashErase        app_flash.o
    0x00002474   0x00002474   0x0000019c   Code   RO         5898    i.FlashWrite        app_flash.o
    0x00002610   0x00002610   0x00000026   Code   RO         5899    i.Flash_EraseFlashDriverInRAM  app_flash.o
    0x00002636   0x00002636   0x00000026   Code   RO         5900    i.Flash_EraseFlashDriverInRAM_Inline  app_flash.o
    0x0000265c   0x0000265c   0x0000000c   Code   RO         5901    i.Flash_GetCurDownloadStep  app_flash.o
    0x00002668   0x00002668   0x00000046   Code   RO         5902    i.Flash_GetNewestAPPType  app_flash.o
    0x000026ae   0x000026ae   0x00000058   Code   RO         5903    i.Flash_GetOldAPPType  app_flash.o
    0x00002706   0x00002706   0x00000002   PAD
    0x00002708   0x00002708   0x0000000c   Code   RO         5904    i.Flash_GetOperateFlashActiveJob  app_flash.o
    0x00002714   0x00002714   0x0000000c   Code   RO         5905    i.Flash_GetResetHandlerAddr  app_flash.o
    0x00002720   0x00002720   0x00000054   Code   RO         5906    i.Flash_InitDowloadInfo  app_flash.o
    0x00002774   0x00002774   0x00000054   Code   RO         5907    i.Flash_InitDowloadInfo_Inline  app_flash.o
    0x000027c8   0x000027c8   0x00000024   Code   RO         5908    i.Flash_IsAppInFlashValid  app_flash.o
    0x000027ec   0x000027ec   0x0000002c   Code   RO         5909    i.Flash_IsReadAppInfoFromFlashValid  app_flash.o
    0x00002818   0x00002818   0x00000104   Code   RO         5910    i.Flash_OperateMainFunction  app_flash.o
    0x0000291c   0x0000291c   0x00000080   Code   RO         5911    i.Flash_ProgramRegion  app_flash.o
    0x0000299c   0x0000299c   0x00000018   Code   RO         5912    i.Flash_SaveDownloadDataInfo  app_flash.o
    0x000029b4   0x000029b4   0x00000048   Code   RO         5913    i.Flash_SaveFingerPrint  app_flash.o
    0x000029fc   0x000029fc   0x0000000c   Code   RO         5914    i.Flash_SavedReceivedCheckSumCrc  app_flash.o
    0x00002a08   0x00002a08   0x0000000c   Code   RO         5915    i.Flash_SetNextDownloadStep  app_flash.o
    0x00002a14   0x00002a14   0x0000000c   Code   RO         5916    i.Flash_SetNextDownloadStep_Inline  app_flash.o
    0x00002a20   0x00002a20   0x00000018   Code   RO         5917    i.Flash_SetOperateFlashActiveJob  app_flash.o
    0x00002a38   0x00002a38   0x00000018   Code   RO         5918    i.Flash_SetOperateFlashActiveJob_Inline  app_flash.o
    0x00002a50   0x00002a50   0x00000120   Code   RO         5919    i.Flash_WriteFlashAppInfo  app_flash.o
    0x00002b70   0x00002b70   0x0000000c   Code   RO         4739    i.FrameReceivedCallbackHandler  hal_uart.o
    0x00002b7c   0x00002b7c   0x00000070   Code   RO         5547    i.GFMul             aes.o
    0x00002bec   0x00002bec   0x00000016   Code   RO         5548    i.GFMul11           aes.o
    0x00002c02   0x00002c02   0x00000016   Code   RO         5549    i.GFMul12           aes.o
    0x00002c18   0x00002c18   0x0000000e   Code   RO         5550    i.GFMul13           aes.o
    0x00002c26   0x00002c26   0x00000016   Code   RO         5551    i.GFMul14           aes.o
    0x00002c3c   0x00002c3c   0x00000012   Code   RO         5552    i.GFMul2            aes.o
    0x00002c4e   0x00002c4e   0x0000000e   Code   RO         5553    i.GFMul3            aes.o
    0x00002c5c   0x00002c5c   0x00000012   Code   RO         5554    i.GFMul4            aes.o
    0x00002c6e   0x00002c6e   0x00000012   Code   RO         5555    i.GFMul8            aes.o
    0x00002c80   0x00002c80   0x0000000e   Code   RO         5556    i.GFMul9            aes.o
    0x00002c8e   0x00002c8e   0x00000002   PAD
    0x00002c90   0x00002c90   0x000000ac   Code   RO         1128    i.GPIO_AnalogCmd    hc32_ll_gpio.o
    0x00002d3c   0x00002d3c   0x000001f0   Code   RO         1131    i.GPIO_Init         hc32_ll_gpio.o
    0x00002f2c   0x00002f2c   0x0000007c   Code   RO         1134    i.GPIO_ReadInputPins  hc32_ll_gpio.o
    0x00002fa8   0x00002fa8   0x000000e0   Code   RO         1140    i.GPIO_SetFunc      hc32_ll_gpio.o
    0x00003088   0x00003088   0x00000078   Code   RO         1141    i.GPIO_SetPins      hc32_ll_gpio.o
    0x00003100   0x00003100   0x00000080   Code   RO         1142    i.GPIO_SetReadWaitCycle  hc32_ll_gpio.o
    0x00003180   0x00003180   0x00000020   Code   RO         1144    i.GPIO_StructInit   hc32_ll_gpio.o
    0x000031a0   0x000031a0   0x00000078   Code   RO         4981    i.GetCanReadLen     multi_cyc_fifo.o
    0x00003218   0x00003218   0x00000076   Code   RO         4982    i.GetCanWriteLen    multi_cyc_fifo.o
    0x0000328e   0x0000328e   0x0000005e   Code   RO         5032    i.GetRXFFFrameMsgLength  hal_uart_tp.o
    0x000032ec   0x000032ec   0x0000004a   Code   RO         5033    i.GetRXSFFrameMsgLength  hal_uart_tp.o
    0x00003336   0x00003336   0x00000002   PAD
    0x00003338   0x00003338   0x00000010   Code   RO         6433    i.GetUDSServiceInfo  app_uds_cfg.o
    0x00003348   0x00003348   0x0000000c   Code   RO         6434    i.GetUdsS3ServerTime  app_uds_cfg.o
    0x00003354   0x00003354   0x0000000c   Code   RO         6435    i.GetUdsSecurityReqLockTime  app_uds_cfg.o
    0x00003360   0x00003360   0x00000082   Code   RO         5397    i.HAL_FLASH_APPAddrCheck  hal_flash_cfg.o
    0x000033e2   0x000033e2   0x0000002c   Code   RO         5352    i.HAL_FLASH_EraseSector  hal_flash.o
    0x0000340e   0x0000340e   0x00000006   Code   RO         5398    i.HAL_FLASH_Get1SectorBytes  hal_flash_cfg.o
    0x00003414   0x00003414   0x00000040   Code   RO         5399    i.HAL_FLASH_GetAPPInfo  hal_flash_cfg.o
    0x00003454   0x00003454   0x00000040   Code   RO         5400    i.HAL_FLASH_GetAPPInfo_Info  hal_flash_cfg.o
    0x00003494   0x00003494   0x0000002c   Code   RO         5403    i.HAL_FLASH_GetFlashConfigInfo  hal_flash_cfg.o
    0x000034c0   0x000034c0   0x0000002c   Code   RO         5404    i.HAL_FLASH_GetFlashConfigInfo_Inline  hal_flash_cfg.o
    0x000034ec   0x000034ec   0x00000018   Code   RO         5405    i.HAL_FLASH_GetFlashDriverInfo  hal_flash_cfg.o
    0x00003504   0x00003504   0x00000040   Code   RO         5406    i.HAL_FLASH_GetFlashLengthToSectors  hal_flash_cfg.o
    0x00003544   0x00003544   0x00000040   Code   RO         5407    i.HAL_FLASH_GetFlashLengthToSectors_Inline  hal_flash_cfg.o
    0x00003584   0x00003584   0x0000001c   Code   RO         5408    i.HAL_FLASH_GetResetHandlerInfo  hal_flash_cfg.o
    0x000035a0   0x000035a0   0x00000004   Code   RO         5409    i.HAL_FLASH_GetResetHandlerLen  hal_flash_cfg.o
    0x000035a4   0x000035a4   0x00000004   Code   RO         5410    i.HAL_FLASH_GetStorageRestHandlerAddr  hal_flash_cfg.o
    0x000035a8   0x000035a8   0x00000052   Code   RO         5411    i.HAL_FLASH_GetTotalSectors  hal_flash_cfg.o
    0x000035fa   0x000035fa   0x00000052   Code   RO         5412    i.HAL_FLASH_GetTotalSectors_Inline  hal_flash_cfg.o
    0x0000364c   0x0000364c   0x0000000a   Code   RO         5353    i.HAL_FLASH_Init    hal_flash.o
    0x00003656   0x00003656   0x00000004   Code   RO         5413    i.HAL_FLASH_IsEnableStorageResetHandlerInFlash  hal_flash_cfg.o
    0x0000365a   0x0000365a   0x00000006   Code   RO         5354    i.HAL_FLASH_ReadData  hal_flash.o
    0x00003660   0x00003660   0x00000034   Code   RO         5355    i.HAL_FLASH_RegisterFlashAPI  hal_flash.o
    0x00003694   0x00003694   0x00000096   Code   RO         5414    i.HAL_FLASH_SectorNumberToFlashAddress  hal_flash_cfg.o
    0x0000372a   0x0000372a   0x00000002   PAD
    0x0000372c   0x0000372c   0x000000c0   Code   RO         5356    i.HAL_FLASH_WriteData  hal_flash.o
    0x000037ec   0x000037ec   0x00000058   Code   RO         4740    i.HAL_RxUartMsgMainFun  hal_uart.o
    0x00003844   0x00003844   0x00000008   Code   RO         5514    i.HAL_SW_RESTT      hal_wdt.o
    0x0000384c   0x0000384c   0x00000008   Code   RO         5182    i.HAL_TP_DoTxMsgSuccesfulCallback  hal_tp.o
    0x00003854   0x00003854   0x0000002c   Code   RO         4672    i.HAL_TP_DriverReadDataFromTP  hal_tp_cfg.o
    0x00003880   0x00003880   0x0000001e   Code   RO         4673    i.HAL_TP_DriverWriteDataInTP  hal_tp_cfg.o
    0x0000389e   0x0000389e   0x00000008   Code   RO         5183    i.HAL_TP_Init       hal_tp.o
    0x000038a6   0x000038a6   0x00000008   Code   RO         5184    i.HAL_TP_MainFun    hal_tp.o
    0x000038ae   0x000038ae   0x00000008   Code   RO         5185    i.HAL_TP_SystemTickCtl  hal_tp.o
    0x000038b6   0x000038b6   0x00000002   PAD
    0x000038b8   0x000038b8   0x0000001c   Code   RO         4802    i.HAL_UARTTP_DoTxMsgSuccessfulCallBack  hal_uart_tp_cfg.o
    0x000038d4   0x000038d4   0x00000094   Code   RO         4803    i.HAL_UARTTP_DriverReadDataFromUARTTP  hal_uart_tp_cfg.o
    0x00003968   0x00003968   0x0000000c   Code   RO         4805    i.HAL_UARTTP_GetConfigRxMsgFUNID  hal_uart_tp_cfg.o
    0x00003974   0x00003974   0x0000000c   Code   RO         4806    i.HAL_UARTTP_GetConfigRxMsgPHYID  hal_uart_tp_cfg.o
    0x00003980   0x00003980   0x0000000c   Code   RO         4807    i.HAL_UARTTP_GetConfigTxMsgID  hal_uart_tp_cfg.o
    0x0000398c   0x0000398c   0x0000001c   Code   RO         4808    i.HAL_UARTTP_IsReceivedMsgIDValid_Extern  hal_uart_tp_cfg.o
    0x000039a8   0x000039a8   0x000000b0   Code   RO         5034    i.HAL_UARTTP_MainFun  hal_uart_tp.o
    0x00003a58   0x00003a58   0x0000000c   Code   RO         4809    i.HAL_UARTTP_RegisterAbortTxMsg  hal_uart_tp_cfg.o
    0x00003a64   0x00003a64   0x00000060   Code   RO         5035    i.HAL_UARTTP_SytstemTickControl  hal_uart_tp.o
    0x00003ac4   0x00003ac4   0x0000006a   Code   RO         4810    i.HAL_UART_DriverWriteDataInUartTP  hal_uart_tp_cfg.o
    0x00003b2e   0x00003b2e   0x00000008   Code   RO         5515    i.HAL_WDT_Config    hal_wdt.o
    0x00003b36   0x00003b36   0x00000008   Code   RO         5516    i.HAL_WDT_FeedDog   hal_wdt.o
    0x00003b3e   0x00003b3e   0x00000002   PAD
    0x00003b40   0x00003b40   0x00000064   Code   RO         4741    i.Hal_UartInit      hal_uart.o
    0x00003ba4   0x00003ba4   0x00000010   Code   RO         4742    i.Hal_Uart_Receive  hal_uart.o
    0x00003bb4   0x00003bb4   0x00000054   Code   RO         4743    i.Hal_Uart_Send     hal_uart.o
    0x00003c08   0x00003c08   0x00000084   Code   RO         4304    i.INTC_IrqInstalHandler  uart.o
    0x00003c8c   0x00003c8c   0x000000d4   Code   RO         1710    i.INTC_IrqSignIn    hc32_ll_interrupts.o
    0x00003d60   0x00003d60   0x00000014   Code   RO         1715    i.IRQ000_Handler    hc32_ll_interrupts.o
    0x00003d74   0x00003d74   0x00000014   Code   RO         1716    i.IRQ001_Handler    hc32_ll_interrupts.o
    0x00003d88   0x00003d88   0x00000014   Code   RO         1717    i.IRQ002_Handler    hc32_ll_interrupts.o
    0x00003d9c   0x00003d9c   0x00000014   Code   RO         1718    i.IRQ003_Handler    hc32_ll_interrupts.o
    0x00003db0   0x00003db0   0x00000014   Code   RO         1719    i.IRQ004_Handler    hc32_ll_interrupts.o
    0x00003dc4   0x00003dc4   0x00000014   Code   RO         1720    i.IRQ005_Handler    hc32_ll_interrupts.o
    0x00003dd8   0x00003dd8   0x00000014   Code   RO         1721    i.IRQ006_Handler    hc32_ll_interrupts.o
    0x00003dec   0x00003dec   0x00000014   Code   RO         1722    i.IRQ007_Handler    hc32_ll_interrupts.o
    0x00003e00   0x00003e00   0x00000014   Code   RO         1723    i.IRQ008_Handler    hc32_ll_interrupts.o
    0x00003e14   0x00003e14   0x00000014   Code   RO         1724    i.IRQ009_Handler    hc32_ll_interrupts.o
    0x00003e28   0x00003e28   0x00000014   Code   RO         1725    i.IRQ010_Handler    hc32_ll_interrupts.o
    0x00003e3c   0x00003e3c   0x00000014   Code   RO         1726    i.IRQ011_Handler    hc32_ll_interrupts.o
    0x00003e50   0x00003e50   0x00000014   Code   RO         1727    i.IRQ012_Handler    hc32_ll_interrupts.o
    0x00003e64   0x00003e64   0x00000014   Code   RO         1728    i.IRQ013_Handler    hc32_ll_interrupts.o
    0x00003e78   0x00003e78   0x00000014   Code   RO         1729    i.IRQ014_Handler    hc32_ll_interrupts.o
    0x00003e8c   0x00003e8c   0x00000014   Code   RO         1730    i.IRQ015_Handler    hc32_ll_interrupts.o
    0x00003ea0   0x00003ea0   0x00000014   Code   RO         1731    i.IRQ016_Handler    hc32_ll_interrupts.o
    0x00003eb4   0x00003eb4   0x00000014   Code   RO         1732    i.IRQ017_Handler    hc32_ll_interrupts.o
    0x00003ec8   0x00003ec8   0x00000014   Code   RO         1733    i.IRQ018_Handler    hc32_ll_interrupts.o
    0x00003edc   0x00003edc   0x00000014   Code   RO         1734    i.IRQ019_Handler    hc32_ll_interrupts.o
    0x00003ef0   0x00003ef0   0x00000014   Code   RO         1735    i.IRQ020_Handler    hc32_ll_interrupts.o
    0x00003f04   0x00003f04   0x00000014   Code   RO         1736    i.IRQ021_Handler    hc32_ll_interrupts.o
    0x00003f18   0x00003f18   0x00000014   Code   RO         1737    i.IRQ022_Handler    hc32_ll_interrupts.o
    0x00003f2c   0x00003f2c   0x00000014   Code   RO         1738    i.IRQ023_Handler    hc32_ll_interrupts.o
    0x00003f40   0x00003f40   0x00000014   Code   RO         1739    i.IRQ024_Handler    hc32_ll_interrupts.o
    0x00003f54   0x00003f54   0x00000014   Code   RO         1740    i.IRQ025_Handler    hc32_ll_interrupts.o
    0x00003f68   0x00003f68   0x00000014   Code   RO         1741    i.IRQ026_Handler    hc32_ll_interrupts.o
    0x00003f7c   0x00003f7c   0x00000014   Code   RO         1742    i.IRQ027_Handler    hc32_ll_interrupts.o
    0x00003f90   0x00003f90   0x00000014   Code   RO         1743    i.IRQ028_Handler    hc32_ll_interrupts.o
    0x00003fa4   0x00003fa4   0x00000014   Code   RO         1744    i.IRQ029_Handler    hc32_ll_interrupts.o
    0x00003fb8   0x00003fb8   0x00000014   Code   RO         1745    i.IRQ030_Handler    hc32_ll_interrupts.o
    0x00003fcc   0x00003fcc   0x00000014   Code   RO         1746    i.IRQ031_Handler    hc32_ll_interrupts.o
    0x00003fe0   0x00003fe0   0x00000014   Code   RO         1747    i.IRQ032_Handler    hc32_ll_interrupts.o
    0x00003ff4   0x00003ff4   0x00000014   Code   RO         1748    i.IRQ033_Handler    hc32_ll_interrupts.o
    0x00004008   0x00004008   0x00000014   Code   RO         1749    i.IRQ034_Handler    hc32_ll_interrupts.o
    0x0000401c   0x0000401c   0x00000014   Code   RO         1750    i.IRQ035_Handler    hc32_ll_interrupts.o
    0x00004030   0x00004030   0x00000014   Code   RO         1751    i.IRQ036_Handler    hc32_ll_interrupts.o
    0x00004044   0x00004044   0x00000014   Code   RO         1752    i.IRQ037_Handler    hc32_ll_interrupts.o
    0x00004058   0x00004058   0x00000014   Code   RO         1753    i.IRQ038_Handler    hc32_ll_interrupts.o
    0x0000406c   0x0000406c   0x00000014   Code   RO         1754    i.IRQ039_Handler    hc32_ll_interrupts.o
    0x00004080   0x00004080   0x00000014   Code   RO         1755    i.IRQ040_Handler    hc32_ll_interrupts.o
    0x00004094   0x00004094   0x00000014   Code   RO         1756    i.IRQ041_Handler    hc32_ll_interrupts.o
    0x000040a8   0x000040a8   0x00000014   Code   RO         1757    i.IRQ042_Handler    hc32_ll_interrupts.o
    0x000040bc   0x000040bc   0x00000014   Code   RO         1758    i.IRQ043_Handler    hc32_ll_interrupts.o
    0x000040d0   0x000040d0   0x00000014   Code   RO         1759    i.IRQ044_Handler    hc32_ll_interrupts.o
    0x000040e4   0x000040e4   0x00000014   Code   RO         1760    i.IRQ045_Handler    hc32_ll_interrupts.o
    0x000040f8   0x000040f8   0x00000014   Code   RO         1761    i.IRQ046_Handler    hc32_ll_interrupts.o
    0x0000410c   0x0000410c   0x00000014   Code   RO         1762    i.IRQ047_Handler    hc32_ll_interrupts.o
    0x00004120   0x00004120   0x00000014   Code   RO         1763    i.IRQ048_Handler    hc32_ll_interrupts.o
    0x00004134   0x00004134   0x00000014   Code   RO         1764    i.IRQ049_Handler    hc32_ll_interrupts.o
    0x00004148   0x00004148   0x00000014   Code   RO         1765    i.IRQ050_Handler    hc32_ll_interrupts.o
    0x0000415c   0x0000415c   0x00000014   Code   RO         1766    i.IRQ051_Handler    hc32_ll_interrupts.o
    0x00004170   0x00004170   0x00000014   Code   RO         1767    i.IRQ052_Handler    hc32_ll_interrupts.o
    0x00004184   0x00004184   0x00000014   Code   RO         1768    i.IRQ053_Handler    hc32_ll_interrupts.o
    0x00004198   0x00004198   0x00000014   Code   RO         1769    i.IRQ054_Handler    hc32_ll_interrupts.o
    0x000041ac   0x000041ac   0x00000014   Code   RO         1770    i.IRQ055_Handler    hc32_ll_interrupts.o
    0x000041c0   0x000041c0   0x00000014   Code   RO         1771    i.IRQ056_Handler    hc32_ll_interrupts.o
    0x000041d4   0x000041d4   0x00000014   Code   RO         1772    i.IRQ057_Handler    hc32_ll_interrupts.o
    0x000041e8   0x000041e8   0x00000014   Code   RO         1773    i.IRQ058_Handler    hc32_ll_interrupts.o
    0x000041fc   0x000041fc   0x00000014   Code   RO         1774    i.IRQ059_Handler    hc32_ll_interrupts.o
    0x00004210   0x00004210   0x00000014   Code   RO         1775    i.IRQ060_Handler    hc32_ll_interrupts.o
    0x00004224   0x00004224   0x00000014   Code   RO         1776    i.IRQ061_Handler    hc32_ll_interrupts.o
    0x00004238   0x00004238   0x00000014   Code   RO         1777    i.IRQ062_Handler    hc32_ll_interrupts.o
    0x0000424c   0x0000424c   0x00000014   Code   RO         1778    i.IRQ063_Handler    hc32_ll_interrupts.o
    0x00004260   0x00004260   0x00000014   Code   RO         1779    i.IRQ064_Handler    hc32_ll_interrupts.o
    0x00004274   0x00004274   0x00000014   Code   RO         1780    i.IRQ065_Handler    hc32_ll_interrupts.o
    0x00004288   0x00004288   0x00000014   Code   RO         1781    i.IRQ066_Handler    hc32_ll_interrupts.o
    0x0000429c   0x0000429c   0x00000014   Code   RO         1782    i.IRQ067_Handler    hc32_ll_interrupts.o
    0x000042b0   0x000042b0   0x00000014   Code   RO         1783    i.IRQ068_Handler    hc32_ll_interrupts.o
    0x000042c4   0x000042c4   0x00000014   Code   RO         1784    i.IRQ069_Handler    hc32_ll_interrupts.o
    0x000042d8   0x000042d8   0x00000014   Code   RO         1785    i.IRQ070_Handler    hc32_ll_interrupts.o
    0x000042ec   0x000042ec   0x00000014   Code   RO         1786    i.IRQ071_Handler    hc32_ll_interrupts.o
    0x00004300   0x00004300   0x00000014   Code   RO         1787    i.IRQ072_Handler    hc32_ll_interrupts.o
    0x00004314   0x00004314   0x00000014   Code   RO         1788    i.IRQ073_Handler    hc32_ll_interrupts.o
    0x00004328   0x00004328   0x00000014   Code   RO         1789    i.IRQ074_Handler    hc32_ll_interrupts.o
    0x0000433c   0x0000433c   0x00000014   Code   RO         1790    i.IRQ075_Handler    hc32_ll_interrupts.o
    0x00004350   0x00004350   0x00000014   Code   RO         1791    i.IRQ076_Handler    hc32_ll_interrupts.o
    0x00004364   0x00004364   0x00000014   Code   RO         1792    i.IRQ077_Handler    hc32_ll_interrupts.o
    0x00004378   0x00004378   0x00000014   Code   RO         1793    i.IRQ078_Handler    hc32_ll_interrupts.o
    0x0000438c   0x0000438c   0x00000014   Code   RO         1794    i.IRQ079_Handler    hc32_ll_interrupts.o
    0x000043a0   0x000043a0   0x00000014   Code   RO         1795    i.IRQ080_Handler    hc32_ll_interrupts.o
    0x000043b4   0x000043b4   0x00000014   Code   RO         1796    i.IRQ081_Handler    hc32_ll_interrupts.o
    0x000043c8   0x000043c8   0x00000014   Code   RO         1797    i.IRQ082_Handler    hc32_ll_interrupts.o
    0x000043dc   0x000043dc   0x00000014   Code   RO         1798    i.IRQ083_Handler    hc32_ll_interrupts.o
    0x000043f0   0x000043f0   0x00000014   Code   RO         1799    i.IRQ084_Handler    hc32_ll_interrupts.o
    0x00004404   0x00004404   0x00000014   Code   RO         1800    i.IRQ085_Handler    hc32_ll_interrupts.o
    0x00004418   0x00004418   0x00000014   Code   RO         1801    i.IRQ086_Handler    hc32_ll_interrupts.o
    0x0000442c   0x0000442c   0x00000014   Code   RO         1802    i.IRQ087_Handler    hc32_ll_interrupts.o
    0x00004440   0x00004440   0x00000014   Code   RO         1803    i.IRQ088_Handler    hc32_ll_interrupts.o
    0x00004454   0x00004454   0x00000014   Code   RO         1804    i.IRQ089_Handler    hc32_ll_interrupts.o
    0x00004468   0x00004468   0x00000014   Code   RO         1805    i.IRQ090_Handler    hc32_ll_interrupts.o
    0x0000447c   0x0000447c   0x00000014   Code   RO         1806    i.IRQ091_Handler    hc32_ll_interrupts.o
    0x00004490   0x00004490   0x00000014   Code   RO         1807    i.IRQ092_Handler    hc32_ll_interrupts.o
    0x000044a4   0x000044a4   0x00000014   Code   RO         1808    i.IRQ093_Handler    hc32_ll_interrupts.o
    0x000044b8   0x000044b8   0x00000014   Code   RO         1809    i.IRQ094_Handler    hc32_ll_interrupts.o
    0x000044cc   0x000044cc   0x00000014   Code   RO         1810    i.IRQ095_Handler    hc32_ll_interrupts.o
    0x000044e0   0x000044e0   0x00000014   Code   RO         1811    i.IRQ096_Handler    hc32_ll_interrupts.o
    0x000044f4   0x000044f4   0x00000014   Code   RO         1812    i.IRQ097_Handler    hc32_ll_interrupts.o
    0x00004508   0x00004508   0x00000014   Code   RO         1813    i.IRQ098_Handler    hc32_ll_interrupts.o
    0x0000451c   0x0000451c   0x00000014   Code   RO         1814    i.IRQ099_Handler    hc32_ll_interrupts.o
    0x00004530   0x00004530   0x00000014   Code   RO         1815    i.IRQ100_Handler    hc32_ll_interrupts.o
    0x00004544   0x00004544   0x00000014   Code   RO         1816    i.IRQ101_Handler    hc32_ll_interrupts.o
    0x00004558   0x00004558   0x00000014   Code   RO         1817    i.IRQ102_Handler    hc32_ll_interrupts.o
    0x0000456c   0x0000456c   0x00000014   Code   RO         1818    i.IRQ103_Handler    hc32_ll_interrupts.o
    0x00004580   0x00004580   0x00000014   Code   RO         1819    i.IRQ104_Handler    hc32_ll_interrupts.o
    0x00004594   0x00004594   0x00000014   Code   RO         1820    i.IRQ105_Handler    hc32_ll_interrupts.o
    0x000045a8   0x000045a8   0x00000014   Code   RO         1821    i.IRQ106_Handler    hc32_ll_interrupts.o
    0x000045bc   0x000045bc   0x00000014   Code   RO         1822    i.IRQ107_Handler    hc32_ll_interrupts.o
    0x000045d0   0x000045d0   0x00000014   Code   RO         1823    i.IRQ108_Handler    hc32_ll_interrupts.o
    0x000045e4   0x000045e4   0x00000014   Code   RO         1824    i.IRQ109_Handler    hc32_ll_interrupts.o
    0x000045f8   0x000045f8   0x00000014   Code   RO         1825    i.IRQ110_Handler    hc32_ll_interrupts.o
    0x0000460c   0x0000460c   0x00000014   Code   RO         1826    i.IRQ111_Handler    hc32_ll_interrupts.o
    0x00004620   0x00004620   0x00000014   Code   RO         1827    i.IRQ112_Handler    hc32_ll_interrupts.o
    0x00004634   0x00004634   0x00000014   Code   RO         1828    i.IRQ113_Handler    hc32_ll_interrupts.o
    0x00004648   0x00004648   0x00000014   Code   RO         1829    i.IRQ114_Handler    hc32_ll_interrupts.o
    0x0000465c   0x0000465c   0x00000014   Code   RO         1830    i.IRQ115_Handler    hc32_ll_interrupts.o
    0x00004670   0x00004670   0x00000014   Code   RO         1831    i.IRQ116_Handler    hc32_ll_interrupts.o
    0x00004684   0x00004684   0x00000014   Code   RO         1832    i.IRQ117_Handler    hc32_ll_interrupts.o
    0x00004698   0x00004698   0x00000014   Code   RO         1833    i.IRQ118_Handler    hc32_ll_interrupts.o
    0x000046ac   0x000046ac   0x00000014   Code   RO         1834    i.IRQ119_Handler    hc32_ll_interrupts.o
    0x000046c0   0x000046c0   0x00000014   Code   RO         1835    i.IRQ120_Handler    hc32_ll_interrupts.o
    0x000046d4   0x000046d4   0x00000014   Code   RO         1836    i.IRQ121_Handler    hc32_ll_interrupts.o
    0x000046e8   0x000046e8   0x00000014   Code   RO         1837    i.IRQ122_Handler    hc32_ll_interrupts.o
    0x000046fc   0x000046fc   0x00000014   Code   RO         1838    i.IRQ123_Handler    hc32_ll_interrupts.o
    0x00004710   0x00004710   0x00000014   Code   RO         1839    i.IRQ124_Handler    hc32_ll_interrupts.o
    0x00004724   0x00004724   0x00000014   Code   RO         1840    i.IRQ125_Handler    hc32_ll_interrupts.o
    0x00004738   0x00004738   0x00000014   Code   RO         1841    i.IRQ126_Handler    hc32_ll_interrupts.o
    0x0000474c   0x0000474c   0x00000014   Code   RO         1842    i.IRQ127_Handler    hc32_ll_interrupts.o
    0x00004760   0x00004760   0x0000000e   Code   RO         6436    i.IsCheckProgrammingDependency  app_uds_cfg.o
    0x0000476e   0x0000476e   0x00000002   PAD
    0x00004770   0x00004770   0x00000068   Code   RO         6437    i.IsCheckRoutineControlRight  app_uds_cfg.o
    0x000047d8   0x000047d8   0x0000000e   Code   RO         6438    i.IsCheckSumRoutineControl  app_uds_cfg.o
    0x000047e6   0x000047e6   0x00000002   PAD
    0x000047e8   0x000047e8   0x00000018   Code   RO         6439    i.IsCurDefaultSession  app_uds_cfg.o
    0x00004800   0x00004800   0x00000020   Code   RO         6440    i.IsCurRxIdCanRequest  app_uds_cfg.o
    0x00004820   0x00004820   0x00000020   Code   RO         6441    i.IsCurSecurityLevelRequet  app_uds_cfg.o
    0x00004840   0x00004840   0x00000020   Code   RO         6442    i.IsCurSeesionCanRequest  app_uds_cfg.o
    0x00004860   0x00004860   0x00000006   Code   RO         6443    i.IsDownloadDataAddrValid  app_uds_cfg.o
    0x00004866   0x00004866   0x00000006   Code   RO         6444    i.IsDownloadDataLenValid  app_uds_cfg.o
    0x0000486c   0x0000486c   0x0000000e   Code   RO         6445    i.IsEraseMemoryRoutineControl  app_uds_cfg.o
    0x0000487a   0x0000487a   0x00000002   PAD
    0x0000487c   0x0000487c   0x00000044   Code   RO         5920    i.IsFlashDriverSoftwareData  app_flash.o
    0x000048c0   0x000048c0   0x00000040   Code   RO         6446    i.IsReceivedKeyRight  app_uds_cfg.o
    0x00004900   0x00004900   0x00000024   Code   RO         6921    i.IsRequestEnterBootloader  app_boot_cfg.o
    0x00004924   0x00004924   0x00000024   Code   RO         4744    i.IsRxCANMsgId      hal_uart.o
    0x00004948   0x00004948   0x0000000c   Code   RO         6447    i.IsRxUdsMsg        app_uds_cfg.o
    0x00004954   0x00004954   0x00000014   Code   RO         6448    i.IsS3ServerTimeout  app_uds_cfg.o
    0x00004968   0x00004968   0x00000038   Code   RO         6450    i.IsWriteFingerprintRight  app_uds_cfg.o
    0x000049a0   0x000049a0   0x00000090   Code   RO          251    i.LL_PERIPH_WE      hc32_ll.o
    0x00004a30   0x00004a30   0x00000088   Code   RO          252    i.LL_PERIPH_WP      hc32_ll.o
    0x00004ab8   0x00004ab8   0x00000068   Code   RO         2639    i.PWC_HighSpeedToHighPerformance  hc32_ll_pwc.o
    0x00004b20   0x00004b20   0x0000001c   Code   RO          253    i.PWC_REG_Lock      hc32_ll.o
    0x00004b3c   0x00004b3c   0x00000018   Code   RO          254    i.PWC_REG_Unlock    hc32_ll.o
    0x00004b54   0x00004b54   0x000000d6   Code   RO         4983    i.ReadDataFromFifo  multi_cyc_fifo.o
    0x00004c2a   0x00004c2a   0x00000002   PAD
    0x00004c2c   0x00004c2c   0x0000003c   Code   RO         5921    i.ReadNewestAppInfoFromFlash  app_flash.o
    0x00004c68   0x00004c68   0x0000000c   Code   RO         4305    i.RegisterFrameReceivedCallback  uart.o
    0x00004c74   0x00004c74   0x000000ec   Code   RO         6451    i.RequestDownload   app_uds_cfg.o
    0x00004d60   0x00004d60   0x0000004c   Code   RO         6452    i.RequestMoreTime   app_uds_cfg.o
    0x00004dac   0x00004dac   0x00000024   Code   RO         6453    i.RequestMoreTimeCallback  app_uds_cfg.o
    0x00004dd0   0x00004dd0   0x00000038   Code   RO         6454    i.RequestTransferExit  app_uds_cfg.o
    0x00004e08   0x00004e08   0x0000001c   Code   RO         5922    i.RequetMoreTimeSuccessfulFromHost  app_flash.o
    0x00004e24   0x00004e24   0x00000024   Code   RO         6455    i.ResetECU          app_uds_cfg.o
    0x00004e48   0x00004e48   0x0000001c   Code   RO         6456    i.RestartS3Server   app_uds_cfg.o
    0x00004e64   0x00004e64   0x0000000c   Code   RO         5923    i.RestoreOperateFlashActiveJob  app_flash.o
    0x00004e70   0x00004e70   0x0000009c   Code   RO         6457    i.RoutineControl    app_uds_cfg.o
    0x00004f0c   0x00004f0c   0x000000dc   Code   RO         3228    i.SRAM_SetWaitCycle  hc32_ll_sram.o
    0x00004fe8   0x00004fe8   0x00000030   Code   RO         6458    i.SaveRequestIdType  app_uds_cfg.o
    0x00005018   0x00005018   0x0000002c   Code   RO         5924    i.SavedFlashData    app_flash.o
    0x00005044   0x00005044   0x00000090   Code   RO         6459    i.SecurityAccess    app_uds_cfg.o
    0x000050d4   0x000050d4   0x00000034   Code   RO           87    i.SendMsgMainFun    main.o
    0x00005108   0x00005108   0x0000000c   Code   RO         6460    i.SetCurrentSession  app_uds_cfg.o
    0x00005114   0x00005114   0x00000020   Code   RO         6922    i.SetDownloadAppSuccessful  app_boot_cfg.o
    0x00005134   0x00005134   0x00000018   Code   RO         6461    i.SetIsRxUdsMsg     app_uds_cfg.o
    0x0000514c   0x0000514c   0x0000000e   Code   RO         6462    i.SetNegativeErroCode  app_uds_cfg.o
    0x0000515a   0x0000515a   0x00000002   PAD
    0x0000515c   0x0000515c   0x0000000c   Code   RO         6463    i.SetSecurityLevel  app_uds_cfg.o
    0x00005168   0x00005168   0x00000320   Code   RO          423    i.SetSysClockDiv    hc32_ll_clk.o
    0x00005488   0x00005488   0x000000f8   Code   RO          424    i.SetSysClockSrc    hc32_ll_clk.o
    0x00005580   0x00005580   0x00000270   Code   RO         3733    i.SmartCard_CalculateBrr  hc32_ll_usart.o
    0x000057f0   0x000057f0   0x00000010   Code   RO         6464    i.SubUdsS3ServerTime  app_uds_cfg.o
    0x00005800   0x00005800   0x00000010   Code   RO         6465    i.SubUdsSecurityReqLockTime  app_uds_cfg.o
    0x00005810   0x00005810   0x000000d0   Code   RO           14    i.SystemCoreClockUpdate  system_hc32f460.o
    0x000058e0   0x000058e0   0x00000020   Code   RO           15    i.SystemInit        system_hc32f460.o
    0x00005900   0x00005900   0x00000048   Code   RO         5557    i.T                 aes.o
    0x00005948   0x00005948   0x00000044   Code   RO         4389    i.TIM0_A_CompareIrqCallback  time.o
    0x0000598c   0x0000598c   0x000000e8   Code   RO         4390    i.TIM0_A_Config     time.o
    0x00005a74   0x00005a74   0x0000001c   Code   RO         4392    i.TIMER0_GetTimerTickCnt  time.o
    0x00005a90   0x00005a90   0x00000070   Code   RO         3303    i.TMR0_ClearStatus  hc32_ll_tmr0.o
    0x00005b00   0x00005b00   0x0000006c   Code   RO         3306    i.TMR0_GetCountValue  hc32_ll_tmr0.o
    0x00005b6c   0x00005b6c   0x0000009c   Code   RO         3311    i.TMR0_HWStopCondCmd  hc32_ll_tmr0.o
    0x00005c08   0x00005c08   0x00000144   Code   RO         3312    i.TMR0_Init         hc32_ll_tmr0.o
    0x00005d4c   0x00005d4c   0x00000090   Code   RO         3313    i.TMR0_IntCmd       hc32_ll_tmr0.o
    0x00005ddc   0x00005ddc   0x0000006c   Code   RO         3319    i.TMR0_Start        hc32_ll_tmr0.o
    0x00005e48   0x00005e48   0x0000001a   Code   RO         3321    i.TMR0_StructInit   hc32_ll_tmr0.o
    0x00005e62   0x00005e62   0x00000002   PAD
    0x00005e64   0x00005e64   0x00000020   Code   RO         4674    i.TP_DoTransmittedAFrameMsgCallBack  hal_tp_cfg.o
    0x00005e84   0x00005e84   0x0000000e   Code   RO         4675    i.TP_GetConfigRxMsgFUNID  hal_tp_cfg.o
    0x00005e92   0x00005e92   0x0000000e   Code   RO         4676    i.TP_GetConfigRxMsgPHYID  hal_tp_cfg.o
    0x00005ea0   0x00005ea0   0x0000000e   Code   RO         4677    i.TP_GetConfigTxMsgID  hal_tp_cfg.o
    0x00005eae   0x00005eae   0x00000080   Code   RO         5186    i.TP_ReadAFrameDataFromTP  hal_tp.o
    0x00005f2e   0x00005f2e   0x0000000c   Code   RO         4678    i.TP_RegisterAbortTxMsg  hal_tp_cfg.o
    0x00005f3a   0x00005f3a   0x00000002   PAD
    0x00005f3c   0x00005f3c   0x0000000c   Code   RO         4679    i.TP_RegisterTransmittedAFrmaeMsgCallBack  hal_tp_cfg.o
    0x00005f48   0x00005f48   0x00000086   Code   RO         5187    i.TP_WriteAFrameDataInTP  hal_tp.o
    0x00005fce   0x00005fce   0x00000018   Code   RO         6466    i.TXConfrimMsgCallback  app_uds_cfg.o
    0x00005fe6   0x00005fe6   0x00000002   PAD
    0x00005fe8   0x00005fe8   0x0000001c   Code   RO         4393    i.Timer0_Init_Template  time.o
    0x00006004   0x00006004   0x000000c8   Code   RO         6467    i.TransferData      app_uds_cfg.o
    0x000060cc   0x000060cc   0x00000024   Code   RO         4811    i.UARTTP_AbortTxMsg  hal_uart_tp_cfg.o
    0x000060f0   0x000060f0   0x0000001c   Code   RO         4812    i.UARTTP_ClearTXBUSFIFO  hal_uart_tp_cfg.o
    0x0000610c   0x0000610c   0x0000006c   Code   RO         5036    i.UARTTP_CopyAFrameDataInRxFifo  hal_uart_tp.o
    0x00006178   0x00006178   0x0000008c   Code   RO         5037    i.UARTTP_CopyAFrameFromFifoToBuf  hal_uart_tp.o
    0x00006204   0x00006204   0x00000174   Code   RO         5038    i.UARTTP_DoReceiveCF  hal_uart_tp.o
    0x00006378   0x00006378   0x000000ac   Code   RO         5039    i.UARTTP_DoReceiveFC  hal_uart_tp.o
    0x00006424   0x00006424   0x000000b0   Code   RO         5040    i.UARTTP_DoReceiveFF  hal_uart_tp.o
    0x000064d4   0x000064d4   0x0000005c   Code   RO         5041    i.UARTTP_DoReceiveSF  hal_uart_tp.o
    0x00006530   0x00006530   0x00000038   Code   RO         5042    i.UARTTP_DoRegisterTxMsgCallBack  hal_uart_tp.o
    0x00006568   0x00006568   0x00000150   Code   RO         5043    i.UARTTP_DoTransmitCF  hal_uart_tp.o
    0x000066b8   0x000066b8   0x000000cc   Code   RO         5044    i.UARTTP_DoTransmitCFCallBack  hal_uart_tp.o
    0x00006784   0x00006784   0x000000fc   Code   RO         5045    i.UARTTP_DoTransmitFC  hal_uart_tp.o
    0x00006880   0x00006880   0x0000004c   Code   RO         5046    i.UARTTP_DoTransmitFCCallBack  hal_uart_tp.o
    0x000068cc   0x000068cc   0x000000dc   Code   RO         5047    i.UARTTP_DoTransmitFF  hal_uart_tp.o
    0x000069a8   0x000069a8   0x00000060   Code   RO         5048    i.UARTTP_DoTransmitFFCallBack  hal_uart_tp.o
    0x00006a08   0x00006a08   0x000000f4   Code   RO         5049    i.UARTTP_DoTransmitSF  hal_uart_tp.o
    0x00006afc   0x00006afc   0x00000018   Code   RO         5050    i.UARTTP_DoTransmitSFCallBack  hal_uart_tp.o
    0x00006b14   0x00006b14   0x000000a0   Code   RO         5051    i.UARTTP_DoUartTpIdle  hal_uart_tp.o
    0x00006bb4   0x00006bb4   0x00000044   Code   RO         5052    i.UARTTP_DoWaitingTxMsg  hal_uart_tp.o
    0x00006bf8   0x00006bf8   0x0000001c   Code   RO         4813    i.UARTTP_IsReceivedMsgIDValid  hal_uart_tp_cfg.o
    0x00006c14   0x00006c14   0x0000000c   Code   RO         5053    i.UARTTP_RegisterTxMsgCallBack  hal_uart_tp.o
    0x00006c20   0x00006c20   0x000000a2   Code   RO         4814    i.UARTTP_RxMsg      hal_uart_tp_cfg.o
    0x00006cc2   0x00006cc2   0x00000028   Code   RO         5054    i.UARTTP_SetFrameType  hal_uart_tp.o
    0x00006cea   0x00006cea   0x00000002   PAD
    0x00006cec   0x00006cec   0x0000000c   Code   RO         5055    i.UARTTP_SetTxMsgStatus  hal_uart_tp.o
    0x00006cf8   0x00006cf8   0x00000092   Code   RO         4815    i.UARTTP_TxMsg      hal_uart_tp_cfg.o
    0x00006d8a   0x00006d8a   0x00000002   PAD
    0x00006d8c   0x00006d8c   0x0000000c   Code   RO         5056    i.UARTTP_TxMsgSuccessfulCallBack  hal_uart_tp.o
    0x00006d98   0x00006d98   0x00000278   Code   RO         3734    i.UART_CalculateBrr  hc32_ll_usart.o
    0x00007010   0x00007010   0x00000010   Code   RO         6307    i.UDS_ALG_AddSWTimerTickCnt  app_uds_alg.o
    0x00007020   0x00007020   0x00000024   Code   RO         6308    i.UDS_ALG_DecryptData  app_uds_alg.o
    0x00007044   0x00007044   0x0000007c   Code   RO         6309    i.UDS_ALG_GetRandom  app_uds_alg.o
    0x000070c0   0x000070c0   0x00000002   Code   RO         6310    i.UDS_ALG_Init      app_uds_alg.o
    0x000070c2   0x000070c2   0x00000002   PAD
    0x000070c4   0x000070c4   0x00000014   Code   RO         6468    i.UDS_GetUDSS3WatermarkTimerMs  app_uds_cfg.o
    0x000070d8   0x000070d8   0x00000020   Code   RO         6185    i.UDS_Init          app_uds.o
    0x000070f8   0x000070f8   0x0000002e   Code   RO         5747    i.UDS_MAIN_Init     app_bootloader.o
    0x00007126   0x00007126   0x0000002c   Code   RO         5748    i.UDS_MAIN_Process  app_bootloader.o
    0x00007152   0x00007152   0x00000138   Code   RO         6186    i.UDS_MainFun       app_uds.o
    0x0000728a   0x0000728a   0x00000002   PAD
    0x0000728c   0x0000728c   0x00000040   Code   RO         6469    i.UDS_SystemTickCtl  app_uds_cfg.o
    0x000072cc   0x000072cc   0x0000004c   Code   RO         6470    i.UDS_TxMsgToHost   app_uds_cfg.o
    0x00007318   0x00007318   0x000000a0   Code   RO         3735    i.USART_ClearStatus  hc32_ll_usart.o
    0x000073b8   0x000073b8   0x000000ac   Code   RO         3743    i.USART_FuncCmd     hc32_ll_usart.o
    0x00007464   0x00007464   0x0000001c   Code   RO         3744    i.USART_GetBusClockFreq  hc32_ll_usart.o
    0x00007480   0x00007480   0x0000008c   Code   RO         3747    i.USART_GetStatus   hc32_ll_usart.o
    0x0000750c   0x0000750c   0x0000007c   Code   RO         3748    i.USART_GetUsartClockFreq  hc32_ll_usart.o
    0x00007588   0x00007588   0x00000060   Code   RO         3751    i.USART_ReadData    hc32_ll_usart.o
    0x000075e8   0x000075e8   0x00000018   Code   RO         4306    i.USART_RxError_IrqCallback  uart.o
    0x00007600   0x00007600   0x00000048   Code   RO         4307    i.USART_RxFull_IrqCallback  uart.o
    0x00007648   0x00007648   0x00000044   Code   RO         4308    i.USART_SendMessage  uart.o
    0x0000768c   0x0000768c   0x00000104   Code   RO         3752    i.USART_SetBaudrate  hc32_ll_usart.o
    0x00007790   0x00007790   0x000001e4   Code   RO         3767    i.USART_UART_Init   hc32_ll_usart.o
    0x00007974   0x00007974   0x0000002e   Code   RO         3769    i.USART_UART_StructInit  hc32_ll_usart.o
    0x000079a2   0x000079a2   0x00000002   PAD
    0x000079a4   0x000079a4   0x000000d0   Code   RO         3770    i.USART_UART_Trans  hc32_ll_usart.o
    0x00007a74   0x00007a74   0x000000b8   Code   RO         3771    i.USART_WaitStatus  hc32_ll_usart.o
    0x00007b2c   0x00007b2c   0x00000078   Code   RO         3772    i.USART_WriteData   hc32_ll_usart.o
    0x00007ba4   0x00007ba4   0x0000009c   Code   RO         4309    i.Uart_Init         uart.o
    0x00007c40   0x00007c40   0x0000003c   Code   RO         4310    i.Uart_Rx_Message   uart.o
    0x00007c7c   0x00007c7c   0x00000026   Code   RO         4576    i.WDT_Config        wdt.o
    0x00007ca2   0x00007ca2   0x00000002   PAD
    0x00007ca4   0x00007ca4   0x00000014   Code   RO         4076    i.WDT_FeedDog       hc32_ll_wdt.o
    0x00007cb8   0x00007cb8   0x0000017c   Code   RO         4078    i.WDT_Init          hc32_ll_wdt.o
    0x00007e34   0x00007e34   0x0000003e   Code   RO         6471    i.WriteDataByIdentifier  app_uds_cfg.o
    0x00007e72   0x00007e72   0x000000ba   Code   RO         4984    i.WriteDataInFifo   multi_cyc_fifo.o
    0x00007f2c   0x00007f2c   0x0000000e   Code   RO         7115    i.__scatterload_copy  mc_w.l(handlers.o)
    0x00007f3a   0x00007f3a   0x00000002   Code   RO         7116    i.__scatterload_null  mc_w.l(handlers.o)
    0x00007f3c   0x00007f3c   0x0000000e   Code   RO         7117    i.__scatterload_zeroinit  mc_w.l(handlers.o)
    0x00007f4a   0x00007f4a   0x00000002   PAD
    0x00007f4c   0x00007f4c   0x0000004c   Code   RO         5558    i.addRoundKey       aes.o
    0x00007f98   0x00007f98   0x00000036   Code   RO         5559    i.addRoundTowArray  aes.o
    0x00007fce   0x00007fce   0x0000000e   Code   RO         5561    i.checkKeyLen       aes.o
    0x00007fdc   0x00007fdc   0x00000028   Code   RO         5562    i.convertArrayToStr  aes.o
    0x00008004   0x00008004   0x00000038   Code   RO         5563    i.convertToIntArray  aes.o
    0x0000803c   0x0000803c   0x000000a6   Code   RO         5564    i.deAes             aes.o
    0x000080e2   0x000080e2   0x00000002   PAD
    0x000080e4   0x000080e4   0x000000a0   Code   RO         5565    i.deMixColumns      aes.o
    0x00008184   0x00008184   0x0000008a   Code   RO         5566    i.deShiftRows       aes.o
    0x0000820e   0x0000820e   0x0000002e   Code   RO         5567    i.deSubBytes        aes.o
    0x0000823c   0x0000823c   0x00000078   Code   RO         5568    i.extendKey         aes.o
    0x000082b4   0x000082b4   0x00000028   Code   RO         6311    i.fsl_rand          app_uds_alg.o
    0x000082dc   0x000082dc   0x00000010   Code   RO         6312    i.fsl_srand         app_uds_alg.o
    0x000082ec   0x000082ec   0x00000084   Code   RO         5569    i.getArrayFrom4W    aes.o
    0x00008370   0x00008370   0x00000008   Code   RO         5570    i.getIntFromChar    aes.o
    0x00008378   0x00008378   0x0000000a   Code   RO         5571    i.getLeft4Bit       aes.o
    0x00008382   0x00008382   0x00000002   PAD
    0x00008384   0x00008384   0x00000024   Code   RO         5572    i.getNumFromS1Box   aes.o
    0x000083a8   0x000083a8   0x00000024   Code   RO         5573    i.getNumFromSBox    aes.o
    0x000083cc   0x000083cc   0x00000008   Code   RO         5574    i.getRight4Bit      aes.o
    0x000083d4   0x000083d4   0x00000042   Code   RO         5575    i.getWordFromStr    aes.o
    0x00008416   0x00008416   0x00000062   Code   RO         5576    i.leftLoop4int      aes.o
    0x00008478   0x00008478   0x0000001c   Code   RO           88    i.main              main.o
    0x00008494   0x00008494   0x0000001c   Code   RO         5577    i.mergeArrayToInt   aes.o
    0x000084b0   0x000084b0   0x00000064   Code   RO         5579    i.rightLoop4int     aes.o
    0x00008514   0x00008514   0x0000001a   Code   RO         5581    i.splitIntToArray   aes.o
    0x0000852e   0x0000852e   0x00000002   PAD
    0x00008530   0x00008530   0x00000010   Data   RO         3774    .constdata          hc32_ll_usart.o
    0x00008540   0x00008540   0x00000011   Data   RO         4746    .constdata          hal_uart.o
    0x00008551   0x00008551   0x00000003   PAD
    0x00008554   0x00008554   0x00000030   Data   RO         4816    .constdata          hal_uart_tp_cfg.o
    0x00008584   0x00008584   0x00000064   Data   RO         5058    .constdata          hal_uart_tp.o
    0x000085e8   0x000085e8   0x00000200   Data   RO         5316    .constdata          hal_crc.o
    0x000087e8   0x000087e8   0x00000048   Data   RO         5415    .constdata          hal_flash_cfg.o
    0x00008830   0x00008830   0x000008a8   Data   RO         5584    .constdata          aes.o
    0x000090d8   0x000090d8   0x00000004   Data   RO         5926    .constdata          app_flash.o
    0x000090dc   0x000090dc   0x00000010   Data   RO         6313    .constdata          app_uds_alg.o
    0x000090ec   0x000090ec   0x00000068   Data   RO         6473    .constdata          app_uds_cfg.o
    0x00009154   0x00009154   0x00000010   Data   RO         6923    .constdata          app_boot_cfg.o
    0x00009164   0x00009164   0x00000020   Data   RO         7113    Region$$Table       anon$$obj.o


    Execution Region RW_IRAM1 (Exec base: 0x1fff8000, Load base: 0x00009184, Size: 0x00000008, Max: 0x00000008, ABSOLUTE, UNINIT)

    Exec Addr    Load Addr    Size         Type   Attr      Idx    E Section Name        Object

    0x1fff8000        -       0x00000008   Zero   RW           16    .bss.noinit         system_hc32f460.o


    Execution Region RW_IRAM2 (Exec base: 0x1fff8008, Load base: 0x00009184, Size: 0x00004040, Max: 0x000137fc, ABSOLUTE)

    Exec Addr    Load Addr    Size         Type   Attr      Idx    E Section Name        Object

    0x1fff8008   0x00009184   0x00000004   Data   RW         4198    .data               ev_hc32f460_lqfp100_v2.o
    0x1fff800c   0x00009188   0x00000009   Data   RW         4312    .data               uart.o
    0x1fff8015   0x00009191   0x00000001   PAD
    0x1fff8016   0x00009192   0x00000004   Data   RW         4394    .data               time.o
    0x1fff801a   0x00009196   0x00000002   PAD
    0x1fff801c   0x00009198   0x00000004   Data   RW         4518    .data               flash.o
    0x1fff8020   0x0000919c   0x00000004   Data   RW         4680    .data               hal_tp_cfg.o
    0x1fff8024   0x000091a0   0x0000000c   Data   RW         4747    .data               hal_uart.o
    0x1fff8030   0x000091ac   0x00000008   Data   RW         4817    .data               hal_uart_tp_cfg.o
    0x1fff8038   0x000091b4   0x00000006   Data   RW         4986    .data               multi_cyc_fifo.o
    0x1fff803e   0x000091ba   0x00000002   PAD
    0x1fff8040   0x000091bc   0x0000000e   Data   RW         5059    .data               hal_uart_tp.o
    0x1fff804e   0x000091ca   0x00000002   PAD
    0x1fff8050   0x000091cc   0x00000010   Data   RW         5927    .data               app_flash.o
    0x1fff8060   0x000091dc   0x00000008   Data   RW         6314    .data               app_uds_alg.o
    0x1fff8068   0x000091e4   0x00000020   Data   RW         6474    .data               app_uds_cfg.o
    0x1fff8088   0x00009204   0x00000008   Data   RW         6924    .data               app_boot_cfg.o
    0x1fff8090        -       0x00000200   Zero   RW         1848    .bss                hc32_ll_interrupts.o
    0x1fff8290        -       0x00000009   Zero   RW         4311    .bss                uart.o
    0x1fff8299   0x0000920c   0x00000003   PAD
    0x1fff829c        -       0x00000014   Zero   RW         4745    .bss                hal_uart.o
    0x1fff82b0        -       0x00001050   Zero   RW         4985    .bss                multi_cyc_fifo.o
    0x1fff9300        -       0x00000820   Zero   RW         5057    .bss                hal_uart_tp.o
    0x1fff9b20        -       0x000000b0   Zero   RW         5583    .bss                aes.o
    0x1fff9bd0        -       0x00000464   Zero   RW         5925    .bss                app_flash.o
    0x1fffa034        -       0x00000010   Zero   RW         6472    .bss                app_uds_cfg.o
    0x1fffa044   0x0000920c   0x00000004   PAD
    0x1fffa048        -       0x00002000   Zero   RW            2    STACK               startup_hc32f460.o


    Execution Region RW_IRAM3 (Exec base: 0x2001f000, Load base: 0x0000920c, Size: 0x00000800, Max: 0x00000800, ABSOLUTE)

    Exec Addr    Load Addr    Size         Type   Attr      Idx    E Section Name        Object

    0x2001f000        -       0x00000800   Zero   RW            1    RW_IRAM3.bss        anon$$obj.o


    Execution Region RW_IRAMB (Exec base: 0x200f0000, Load base: 0x0000920c, Size: 0x00000000, Max: 0x00001000, ABSOLUTE)

    **** No section assigned to this execution region ****


==============================================================================

Image component sizes


      Code (inc. data)   RO Data    RW Data    ZI Data      Debug   Object Name

      1764         34       2216          0        176      20468   aes.o
        88          0          0          0          0      10316   app_boot.o
       244         44         16          8          0      17573   app_boot_cfg.o
        90          0          0          0          0       1243   app_bootloader.o
      3340        196          4         16       1124      35476   app_flash.o
       344          8          0          0          0      13899   app_uds.o
       234         28         16          8          0       4189   app_uds_alg.o
      2432        204        104         32         16      43892   app_uds_cfg.o
       488         24          0          4          0       3084   ev_hc32f460_lqfp100_v2.o
       124         14          0          4          0       5783   flash.o
        92          4        512          0          0       3153   hal_crc.o
       306         30          0          0          0       4877   hal_flash.o
       862         38         72          0          0      14399   hal_flash_cfg.o
       294          0          0          0          0      10143   hal_tp.o
       172         12          0          4          0       6581   hal_tp_cfg.o
       364         32         17         12         20       8795   hal_uart.o
      3312        260        100         14       2080      29106   hal_uart_tp.o
       758         54         48          8          0      15766   hal_uart_tp_cfg.o
        24          0          0          0          0       1522   hal_wdt.o
       332         64          0          0          0      19710   hc32_ll.o
      3040        412          0          0          0      19898   hc32_ll_clk.o
       172         46          0          0          0        735   hc32_ll_efm.o
       384        120          0          0          0       2079   hc32_ll_fcg.o
       778        154          0          0          0       5885   hc32_ll_fcm.o
      1296        224          0          0          0       8618   hc32_ll_gpio.o
         0          0         32          0          0        662   hc32_ll_icg.o
      2860        660          0          0        512     104591   hc32_ll_interrupts.o
       104         36          0          0          0        609   hc32_ll_pwc.o
       220         38          0          0          0        840   hc32_ll_sram.o
       978        248          0          0          0       6738   hc32_ll_tmr0.o
      3794        666         16          0          0      15530   hc32_ll_usart.o
       132         22          0          0          0       2188   hc32_ll_utility.o
       400         46          0          0          0       3021   hc32_ll_wdt.o
       126         12          0          0          0      35968   main.o
      1052         18          0          6       4176       8534   multi_cyc_fifo.o
       116         26        640          0       8192       1000   startup_hc32f460.o
       240         44          0          0          8     272305   system_hc32f460.o
       412         54          0          4          0     310991   time.o
       568         70          0          9          9       5830   uart.o
        82          0          0          0          0       4934   wdt.o

    ----------------------------------------------------------------------
     32476       3942       3828        136      18368    1080931   Object Totals
         0          0         32          0       2048          0   (incl. Generated)
        58          0          3          7          7          0   (incl. Padding)

    ----------------------------------------------------------------------

      Code (inc. data)   RO Data    RW Data    ZI Data      Debug   Library Member Name

         0          0          0          0          0          0   entry.o
         0          0          0          0          0          0   entry10a.o
         0          0          0          0          0          0   entry11a.o
         4          0          0          0          0          0   entry12b.o
         8          4          0          0          0          0   entry2.o
         4          0          0          0          0          0   entry5.o
         0          0          0          0          0          0   entry7b.o
         0          0          0          0          0          0   entry8b.o
         8          4          0          0          0          0   entry9a.o
        30          0          0          0          0          0   handlers.o
        36          8          0          0          0         68   init.o
         0          0          0          0          0          0   iusefp.o
        30          0          0          0          0         68   llshl.o
        32          0          0          0          0         68   llushr.o
        36          0          0          0          0         68   memcpya.o
        36          0          0          0          0        108   memseta.o
        98          0          0          0          0         92   uldiv.o
        56          0          0          0          0         88   d2f.o
       222          0          0          0          0        100   ddiv.o
       186          0          0          0          0        176   depilogue.o
        26          0          0          0          0         76   dfltui.o
        24          0          0          0          0         76   dfltul.o
       110          0          0          0          0        168   fepilogue.o

    ----------------------------------------------------------------------
       948         16          0          0          0       1156   Library Totals
         2          0          0          0          0          0   (incl. Padding)

    ----------------------------------------------------------------------

      Code (inc. data)   RO Data    RW Data    ZI Data      Debug   Library Name

       322         16          0          0          0        472   mc_w.l
       624          0          0          0          0        684   mf_w.l

    ----------------------------------------------------------------------
       948         16          0          0          0       1156   Library Totals

    ----------------------------------------------------------------------

==============================================================================


      Code (inc. data)   RO Data    RW Data    ZI Data      Debug   

     33424       3958       3828        136      18368    1037271   Grand Totals
     33424       3958       3828        136      18368    1037271   ELF Image Totals
     33424       3958       3828        136          0          0   ROM Totals

==============================================================================

    Total RO  Size (Code + RO Data)                37252 (  36.38kB)
    Total RW  Size (RW Data + ZI Data)             18504 (  18.07kB)
    Total ROM Size (Code + RO Data + RW Data)      37388 (  36.51kB)

==============================================================================

