###############################################################################
#
# IAR ELF Linker V7.70.1.11437/W32 for ARM                21/Jul/2021  10:17:54
# Copyright 2007-2016 IAR Systems AB.
#
#    Output file  =  
#        C:\Users\Administrator\Desktop\hc32f460_iap_20190617\hc32f460_iap\hc32f46x_app\project\EWARM\output\release\Exe\hc32f46x_app.out
#    Map file     =  
#        C:\Users\Administrator\Desktop\hc32f460_iap_20190617\hc32f460_iap\hc32f46x_app\project\EWARM\output\release\List\hc32f46x_app.map
#    Command line =  
#        C:\Users\Administrator\Desktop\hc32f460_iap_20190617\hc32f460_iap\hc32f46x_app\project\EWARM\output\release\Obj\hc32f46x_gpio.o
#        C:\Users\Administrator\Desktop\hc32f460_iap_20190617\hc32f460_iap\hc32f46x_app\project\EWARM\output\release\Obj\hc32f46x_utility.o
#        C:\Users\Administrator\Desktop\hc32f460_iap_20190617\hc32f460_iap\hc32f46x_app\project\EWARM\output\release\Obj\main.o
#        C:\Users\Administrator\Desktop\hc32f460_iap_20190617\hc32f460_iap\hc32f46x_app\project\EWARM\output\release\Obj\startup_hc32f46x.o
#        C:\Users\Administrator\Desktop\hc32f460_iap_20190617\hc32f460_iap\hc32f46x_app\project\EWARM\output\release\Obj\system_hc32f46x.o
#        -o
#        C:\Users\Administrator\Desktop\hc32f460_iap_20190617\hc32f460_iap\hc32f46x_app\project\EWARM\output\release\Exe\hc32f46x_app.out
#        --map
#        C:\Users\Administrator\Desktop\hc32f460_iap_20190617\hc32f460_iap\hc32f46x_app\project\EWARM\output\release\List\hc32f46x_app.map
#        --config
#        C:\Users\Administrator\Desktop\hc32f460_iap_20190617\hc32f460_iap\hc32f46x_app\project\EWARM\config\HC32F46x_app.icf
#        --semihosting --entry __iar_program_start --redirect
#        __write=__write_buffered --vfe
#
###############################################################################

*******************************************************************************
*** RUNTIME MODEL ATTRIBUTES
***

CppFlavor       = *
__SystemLibrary = DLib


*******************************************************************************
*** PLACEMENT SUMMARY
***

"A0":  place at 0x00002000 { ro section .intvec };
"P1":  place in [from 0x00002000 to 0x0007ffff] |
                [from 0x03000c00 to 0x03000ffb] { ro };
"P2":  place in [from 0x1fff8000 to 0x1fffffff] |
                [from 0x20000000 to 0x2000ffff repeat 2] |
                [from 0x20020000 to 0x20026fff] |
                [from 0x200f0000 to 0x200f0fff] { rw, block CSTACK, block HEAP };
initialize by copy { rw };

  Section            Kind        Address   Size  Object
  -------            ----        -------   ----  ------
"A0":                                     0x280
  .intvec            ro code  0x00002000  0x280  startup_hc32f46x.o [1]
                            - 0x00002280  0x280

"P1":                                     0x794
  .text              ro code  0x00002280  0x23c  hc32f46x_gpio.o [1]
  .text              ro code  0x000024bc   0xf0  system_hc32f46x.o [1]
  .text              ro code  0x000025ac   0x8a  main.o [1]
  .text              ro code  0x00002638   0x66  ABImemset.o [5]
  .text              ro code  0x000026a0   0x3c  hc32f46x_utility.o [1]
  .text              ro code  0x000026dc   0x2c  copy_init3.o [5]
  .text              ro code  0x00002708   0x28  data_init.o [5]
  .iar.init_table    const    0x00002730   0x14  - Linker created -
  .text              ro code  0x00002744   0x1a  cmain.o [5]
  .text              ro code  0x0000275e    0x4  low_level_init.o [3]
  .text              ro code  0x00002762    0x4  exit.o [3]
  .text              ro code  0x00002768    0xa  cexit.o [5]
  .text              ro code  0x00002774   0x14  exit.o [6]
  .text              ro code  0x00002790   0x10  startup_hc32f46x.o [1]
  .text              ro code  0x000027a0    0xc  cstartup_M.o [5]
  .text              ro code  0x000027ac    0x4  startup_hc32f46x.o [1]
  .text              ro code  0x000027b0    0x4  startup_hc32f46x.o [1]
  .text              ro code  0x000027b4    0x4  startup_hc32f46x.o [1]
  .text              ro code  0x000027b8    0x4  startup_hc32f46x.o [1]
  .text              ro code  0x000027bc    0x4  startup_hc32f46x.o [1]
  .text              ro code  0x000027c0    0x4  startup_hc32f46x.o [1]
  .text              ro code  0x000027c4    0x4  startup_hc32f46x.o [1]
  .text              ro code  0x000027c8    0x4  startup_hc32f46x.o [1]
  .text              ro code  0x000027cc    0x4  startup_hc32f46x.o [1]
  .text              ro code  0x000027d0    0x4  startup_hc32f46x.o [1]
  .text              ro code  0x000027d4    0x4  startup_hc32f46x.o [1]
  .text              ro code  0x000027d8    0x4  startup_hc32f46x.o [1]
  .text              ro code  0x000027dc    0x4  startup_hc32f46x.o [1]
  .text              ro code  0x000027e0    0x4  startup_hc32f46x.o [1]
  .text              ro code  0x000027e4    0x4  startup_hc32f46x.o [1]
  .text              ro code  0x000027e8    0x4  startup_hc32f46x.o [1]
  .text              ro code  0x000027ec    0x4  startup_hc32f46x.o [1]
  .text              ro code  0x000027f0    0x4  startup_hc32f46x.o [1]
  .text              ro code  0x000027f4    0x4  startup_hc32f46x.o [1]
  .text              ro code  0x000027f8    0x4  startup_hc32f46x.o [1]
  .text              ro code  0x000027fc    0x4  startup_hc32f46x.o [1]
  .text              ro code  0x00002800    0x4  startup_hc32f46x.o [1]
  .text              ro code  0x00002804    0x4  startup_hc32f46x.o [1]
  .text              ro code  0x00002808    0x4  startup_hc32f46x.o [1]
  .text              ro code  0x0000280c    0x4  startup_hc32f46x.o [1]
  .text              ro code  0x00002810    0x4  startup_hc32f46x.o [1]
  .text              ro code  0x00002814    0x4  startup_hc32f46x.o [1]
  .text              ro code  0x00002818    0x4  startup_hc32f46x.o [1]
  .text              ro code  0x0000281c    0x4  startup_hc32f46x.o [1]
  .text              ro code  0x00002820    0x4  startup_hc32f46x.o [1]
  .text              ro code  0x00002824    0x4  startup_hc32f46x.o [1]
  .text              ro code  0x00002828    0x4  startup_hc32f46x.o [1]
  .text              ro code  0x0000282c    0x4  startup_hc32f46x.o [1]
  .text              ro code  0x00002830    0x4  startup_hc32f46x.o [1]
  .text              ro code  0x00002834    0x4  startup_hc32f46x.o [1]
  .text              ro code  0x00002838    0x4  startup_hc32f46x.o [1]
  .text              ro code  0x0000283c    0x4  startup_hc32f46x.o [1]
  .text              ro code  0x00002840    0x4  startup_hc32f46x.o [1]
  .text              ro code  0x00002844    0x4  startup_hc32f46x.o [1]
  .text              ro code  0x00002848    0x4  startup_hc32f46x.o [1]
  .text              ro code  0x0000284c    0x4  startup_hc32f46x.o [1]
  .text              ro code  0x00002850    0x4  startup_hc32f46x.o [1]
  .text              ro code  0x00002854    0x4  startup_hc32f46x.o [1]
  .text              ro code  0x00002858    0x4  startup_hc32f46x.o [1]
  .text              ro code  0x0000285c    0x4  startup_hc32f46x.o [1]
  .text              ro code  0x00002860    0x4  startup_hc32f46x.o [1]
  .text              ro code  0x00002864    0x4  startup_hc32f46x.o [1]
  .text              ro code  0x00002868    0x4  startup_hc32f46x.o [1]
  .text              ro code  0x0000286c    0x4  startup_hc32f46x.o [1]
  .text              ro code  0x00002870    0x4  startup_hc32f46x.o [1]
  .text              ro code  0x00002874    0x4  startup_hc32f46x.o [1]
  .text              ro code  0x00002878    0x4  startup_hc32f46x.o [1]
  .text              ro code  0x0000287c    0x4  startup_hc32f46x.o [1]
  .text              ro code  0x00002880    0x4  startup_hc32f46x.o [1]
  .text              ro code  0x00002884    0x4  startup_hc32f46x.o [1]
  .text              ro code  0x00002888    0x4  startup_hc32f46x.o [1]
  .text              ro code  0x0000288c    0x4  startup_hc32f46x.o [1]
  .text              ro code  0x00002890    0x4  startup_hc32f46x.o [1]
  .text              ro code  0x00002894    0x4  startup_hc32f46x.o [1]
  .text              ro code  0x00002898    0x4  startup_hc32f46x.o [1]
  .text              ro code  0x0000289c    0x4  startup_hc32f46x.o [1]
  .text              ro code  0x000028a0    0x4  startup_hc32f46x.o [1]
  .text              ro code  0x000028a4    0x4  startup_hc32f46x.o [1]
  .text              ro code  0x000028a8    0x4  startup_hc32f46x.o [1]
  .text              ro code  0x000028ac    0x4  startup_hc32f46x.o [1]
  .text              ro code  0x000028b0    0x4  startup_hc32f46x.o [1]
  .text              ro code  0x000028b4    0x4  startup_hc32f46x.o [1]
  .text              ro code  0x000028b8    0x4  startup_hc32f46x.o [1]
  .text              ro code  0x000028bc    0x4  startup_hc32f46x.o [1]
  .text              ro code  0x000028c0    0x4  startup_hc32f46x.o [1]
  .text              ro code  0x000028c4    0x4  startup_hc32f46x.o [1]
  .text              ro code  0x000028c8    0x4  startup_hc32f46x.o [1]
  .text              ro code  0x000028cc    0x4  startup_hc32f46x.o [1]
  .text              ro code  0x000028d0    0x4  startup_hc32f46x.o [1]
  .text              ro code  0x000028d4    0x4  startup_hc32f46x.o [1]
  .text              ro code  0x000028d8    0x4  startup_hc32f46x.o [1]
  .text              ro code  0x000028dc    0x4  startup_hc32f46x.o [1]
  .text              ro code  0x000028e0    0x4  startup_hc32f46x.o [1]
  .text              ro code  0x000028e4    0x4  startup_hc32f46x.o [1]
  .text              ro code  0x000028e8    0x4  startup_hc32f46x.o [1]
  .text              ro code  0x000028ec    0x4  startup_hc32f46x.o [1]
  .text              ro code  0x000028f0    0x4  startup_hc32f46x.o [1]
  .text              ro code  0x000028f4    0x4  startup_hc32f46x.o [1]
  .text              ro code  0x000028f8    0x4  startup_hc32f46x.o [1]
  .text              ro code  0x000028fc    0x4  startup_hc32f46x.o [1]
  .text              ro code  0x00002900    0x4  startup_hc32f46x.o [1]
  .text              ro code  0x00002904    0x4  startup_hc32f46x.o [1]
  .text              ro code  0x00002908    0x4  startup_hc32f46x.o [1]
  .text              ro code  0x0000290c    0x4  startup_hc32f46x.o [1]
  .text              ro code  0x00002910    0x4  startup_hc32f46x.o [1]
  .text              ro code  0x00002914    0x4  startup_hc32f46x.o [1]
  .text              ro code  0x00002918    0x4  startup_hc32f46x.o [1]
  .text              ro code  0x0000291c    0x4  startup_hc32f46x.o [1]
  .text              ro code  0x00002920    0x4  startup_hc32f46x.o [1]
  .text              ro code  0x00002924    0x4  startup_hc32f46x.o [1]
  .text              ro code  0x00002928    0x4  startup_hc32f46x.o [1]
  .text              ro code  0x0000292c    0x4  startup_hc32f46x.o [1]
  .text              ro code  0x00002930    0x4  startup_hc32f46x.o [1]
  .text              ro code  0x00002934    0x4  startup_hc32f46x.o [1]
  .text              ro code  0x00002938    0x4  startup_hc32f46x.o [1]
  .text              ro code  0x0000293c    0x4  startup_hc32f46x.o [1]
  .text              ro code  0x00002940    0x4  startup_hc32f46x.o [1]
  .text              ro code  0x00002944    0x4  startup_hc32f46x.o [1]
  .text              ro code  0x00002948    0x4  startup_hc32f46x.o [1]
  .text              ro code  0x0000294c    0x4  startup_hc32f46x.o [1]
  .text              ro code  0x00002950    0x4  startup_hc32f46x.o [1]
  .text              ro code  0x00002954    0x4  startup_hc32f46x.o [1]
  .text              ro code  0x00002958    0x4  startup_hc32f46x.o [1]
  .text              ro code  0x0000295c    0x4  startup_hc32f46x.o [1]
  .text              ro code  0x00002960    0x4  startup_hc32f46x.o [1]
  .text              ro code  0x00002964    0x4  startup_hc32f46x.o [1]
  .text              ro code  0x00002968    0x4  startup_hc32f46x.o [1]
  .text              ro code  0x0000296c    0x4  startup_hc32f46x.o [1]
  .text              ro code  0x00002970    0x4  startup_hc32f46x.o [1]
  .text              ro code  0x00002974    0x4  startup_hc32f46x.o [1]
  .text              ro code  0x00002978    0x4  startup_hc32f46x.o [1]
  .text              ro code  0x0000297c    0x4  startup_hc32f46x.o [1]
  .text              ro code  0x00002980    0x4  startup_hc32f46x.o [1]
  .text              ro code  0x00002984    0x4  startup_hc32f46x.o [1]
  .text              ro code  0x00002988    0x4  startup_hc32f46x.o [1]
  .text              ro code  0x0000298c    0x4  startup_hc32f46x.o [1]
  .text              ro code  0x00002990    0x4  startup_hc32f46x.o [1]
  .text              ro code  0x00002994    0x4  startup_hc32f46x.o [1]
  .text              ro code  0x00002998    0x4  startup_hc32f46x.o [1]
  .text              ro code  0x0000299c    0x4  startup_hc32f46x.o [1]
  .text              ro code  0x000029a0    0x4  startup_hc32f46x.o [1]
  .text              ro code  0x000029a4    0x4  startup_hc32f46x.o [1]
  .text              ro code  0x000029a8    0x4  startup_hc32f46x.o [1]
  .text              ro code  0x000029ac    0x4  startup_hc32f46x.o [1]
  .text              ro code  0x000029b0    0x4  startup_hc32f46x.o [1]
  .text              ro code  0x000029b4    0x4  startup_hc32f46x.o [1]
  .text              ro code  0x000029b8    0x4  startup_hc32f46x.o [1]
  .text              ro code  0x000029bc    0x4  startup_hc32f46x.o [1]
  .text              ro code  0x000029c0    0x4  startup_hc32f46x.o [1]
  .text              ro code  0x000029c4    0x4  startup_hc32f46x.o [1]
  .text              ro code  0x000029c8    0x4  startup_hc32f46x.o [1]
  .text              ro code  0x000029cc    0x4  startup_hc32f46x.o [1]
  .text              ro code  0x000029d0    0x4  startup_hc32f46x.o [1]
  .text              ro code  0x000029d4    0x4  startup_hc32f46x.o [1]
  .text              ro code  0x000029d8    0x4  startup_hc32f46x.o [1]
  .text              ro code  0x000029dc    0x4  startup_hc32f46x.o [1]
  .text              ro code  0x000029e0    0x4  startup_hc32f46x.o [1]
  .text              ro code  0x000029e4    0x4  startup_hc32f46x.o [1]
  .text              ro code  0x000029e8    0x4  startup_hc32f46x.o [1]
  .text              ro code  0x000029ec    0x4  startup_hc32f46x.o [1]
  .text              ro code  0x000029f0    0x4  startup_hc32f46x.o [1]
  .text              ro code  0x000029f4    0x4  startup_hc32f46x.o [1]
  .text              ro code  0x000029f8    0x4  startup_hc32f46x.o [1]
  .text              ro code  0x000029fc    0x4  startup_hc32f46x.o [1]
  .text              ro code  0x00002a00    0x4  startup_hc32f46x.o [1]
  .text              ro code  0x00002a04    0x4  startup_hc32f46x.o [1]
  .text              ro code  0x00002a08    0x4  startup_hc32f46x.o [1]
  .text              ro code  0x00002a0c    0x4  startup_hc32f46x.o [1]
  .rodata            const    0x00002a10    0x0  copy_init3.o [5]
  Initializer bytes  const    0x00002a10    0x4  <for P2 s0>
                            - 0x00002a14  0x794

"P2", part 1 of 2:                          0x4
  P2 s0                       0x1fff8000    0x4  <Init block>
    .data            inited   0x1fff8000    0x4  system_hc32f46x.o [1]
                            - 0x1fff8004    0x4

"P2", part 2 of 2:                        0x400
  CSTACK                      0x1fff8008  0x400  <Block>
    CSTACK           uninit   0x1fff8008  0x400  <Block tail>
                            - 0x1fff8408  0x400


*******************************************************************************
*** INIT TABLE
***

          Address     Size
          -------     ----
Copy (__iar_copy_init3)
    1 source range, total size 0x4:
          0x00002a10   0x4
    1 destination range, total size 0x4:
          0x1fff8000   0x4



*******************************************************************************
*** MODULE SUMMARY
***

    Module              ro code  ro data  rw data
    ------              -------  -------  -------
C:\Users\Administrator\Desktop\hc32f460_iap_20190617\hc32f460_iap\hc32f46x_app\project\EWARM\output\release\Obj: [1]
    hc32f46x_gpio.o         572
    hc32f46x_utility.o       60
    main.o                  138
    startup_hc32f46x.o    1 268
    system_hc32f46x.o       240        4        4
    ---------------------------------------------
    Total:                2 278        4        4

command line: [2]
    ---------------------------------------------
    Total:

dl7M_tlf.a: [3]
    exit.o                    4
    low_level_init.o          4
    ---------------------------------------------
    Total:                    8

m7M_tl.a: [4]
    ---------------------------------------------
    Total:

rt7M_tl.a: [5]
    ABImemset.o             102
    cexit.o                  10
    cmain.o                  26
    copy_init3.o             44
    cstartup_M.o             12
    data_init.o              40
    ---------------------------------------------
    Total:                  234

shb_l.a: [6]
    exit.o                   20
    ---------------------------------------------
    Total:                   20

    Gaps                     16
    Linker created                    20    1 024
-------------------------------------------------
    Grand Total:          2 556       24    1 028


*******************************************************************************
*** ENTRY LIST
***

Entry                      Address   Size  Type      Object
-----                      -------   ----  ----      ------
.iar.init_table$$Base   0x00002730          --   Gb  - Linker created -
.iar.init_table$$Limit  0x00002744          --   Gb  - Linker created -
?main                   0x00002745         Code  Gb  cmain.o [5]
CSTACK$$Base            0x1fff8008          --   Gb  - Linker created -
CSTACK$$Limit           0x1fff8408          --   Gb  - Linker created -
Ddl_Delay1ms            0x000026a1   0x36  Code  Gb  hc32f46x_utility.o [1]
PORT_Init               0x00002281  0x1ce  Code  Gb  hc32f46x_gpio.o [1]
PORT_Lock               0x0000245b    0xc  Code  Gb  hc32f46x_gpio.o [1]
PORT_Toggle             0x00002467   0x46  Code  Gb  hc32f46x_gpio.o [1]
PORT_Unlock             0x0000244f    0xc  Code  Gb  hc32f46x_gpio.o [1]
Region$$Table$$Base     0x00002730          --   Gb  - Linker created -
Region$$Table$$Limit    0x00002744          --   Gb  - Linker created -
SystemCoreClock         0x1fff8000    0x4  Data  Gb  system_hc32f46x.o [1]
SystemCoreClockUpdate   0x000024cd   0xc8  Code  Gb  system_hc32f46x.o [1]
SystemInit              0x000024bd   0x10  Code  Gb  system_hc32f46x.o [1]
__aeabi_memset          0x00002639         Code  Gb  ABImemset.o [5]
__cmain                 0x00002745         Code  Gb  cmain.o [5]
__exit                  0x00002775   0x14  Code  Gb  exit.o [6]
__iar_Memset            0x00002639         Code  Gb  ABImemset.o [5]
__iar_Memset_word       0x00002641         Code  Gb  ABImemset.o [5]
__iar_copy_init3        0x000026dd   0x2c  Code  Gb  copy_init3.o [5]
__iar_data_init3        0x00002709   0x28  Code  Gb  data_init.o [5]
__iar_program_start     0x000027a1         Code  Gb  cstartup_M.o [5]
__low_level_init        0x0000275f    0x4  Code  Gb  low_level_init.o [3]
__vector_table          0x00002000         Data  Gb  startup_hc32f46x.o [1]
_call_main              0x00002751         Code  Gb  cmain.o [5]
_exit                   0x00002769         Code  Gb  cexit.o [5]
_main                   0x0000275b         Code  Gb  cmain.o [5]
exit                    0x00002763    0x4  Code  Gb  exit.o [3]
main                    0x000025ad   0x8a  Code  Gb  main.o [1]


[1] = C:\Users\Administrator\Desktop\hc32f460_iap_20190617\hc32f460_iap\hc32f46x_app\project\EWARM\output\release\Obj
[2] = command line
[3] = dl7M_tlf.a
[4] = m7M_tl.a
[5] = rt7M_tl.a
[6] = shb_l.a

  2 556 bytes of readonly  code memory
     24 bytes of readonly  data memory
  1 028 bytes of readwrite data memory

Errors: none
Warnings: none
